Archive member included because of file (symbol)

./obj/local/armeabi-v7a/libcpufeatures.a(cpu-features.o)
                              ./obj/local/armeabi-v7a/objs-debug/com_graphics_NativeGraphics/graphics_core.o (android_getCpuFamily)
./obj/local/armeabi-v7a/libgnustl_static.a(functexcept.o)
                              ./obj/local/armeabi-v7a/objs-debug/com_graphics_NativeGraphics/graphics_core.o (_ZSt17__throw_bad_allocv)
./obj/local/armeabi-v7a/libgnustl_static.a(ios_failure.o)
                              ./obj/local/armeabi-v7a/libgnustl_static.a(functexcept.o) (_ZNSt8ios_base7failureC1ERKSs)
./obj/local/armeabi-v7a/libgnustl_static.a(stdexcept.o)
                              ./obj/local/armeabi-v7a/libgnustl_static.a(functexcept.o) (_ZNKSt11logic_error4whatEv)
./obj/local/armeabi-v7a/libgnustl_static.a(system_error.o)
                              ./obj/local/armeabi-v7a/libgnustl_static.a(functexcept.o) (_ZSt16generic_categoryv)
./obj/local/armeabi-v7a/libgnustl_static.a(string-inst.o)
                              ./obj/local/armeabi-v7a/libgnustl_static.a(functexcept.o) (_ZNSs4_Rep20_S_empty_rep_storageE)
./obj/local/armeabi-v7a/libgnustl_static.a(atomicity.o)
                              ./obj/local/armeabi-v7a/libgnustl_static.a(functexcept.o) (_ZN9__gnu_cxx18__exchange_and_addEPVii)
./obj/local/armeabi-v7a/libgnustl_static.a(atexit_arm.o)
                              ./obj/local/armeabi-v7a/libgnustl_static.a(system_error.o) (__aeabi_atexit)
./obj/local/armeabi-v7a/libgnustl_static.a(bad_cast.o)
                              ./obj/local/armeabi-v7a/libgnustl_static.a(functexcept.o) (_ZNSt8bad_castD1Ev)
./obj/local/armeabi-v7a/libgnustl_static.a(bad_typeid.o)
                              ./obj/local/armeabi-v7a/libgnustl_static.a(functexcept.o) (_ZNSt10bad_typeidD1Ev)
./obj/local/armeabi-v7a/libgnustl_static.a(class_type_info.o)
                              ./obj/local/armeabi-v7a/libgnustl_static.a(system_error.o) (_ZTVN10__cxxabiv117__class_type_infoE)
./obj/local/armeabi-v7a/libgnustl_static.a(del_op.o)
                              ./obj/local/armeabi-v7a/objs-debug/com_graphics_NativeGraphics/graphics_core.o (_ZdlPv)
./obj/local/armeabi-v7a/libgnustl_static.a(eh_alloc.o)
                              ./obj/local/armeabi-v7a/libgnustl_static.a(functexcept.o) (__cxa_allocate_exception)
./obj/local/armeabi-v7a/libgnustl_static.a(eh_arm.o)
                              ./obj/local/armeabi-v7a/objs-debug/com_graphics_NativeGraphics/com_graphics_NativeGraphics.o (__cxa_end_cleanup)
./obj/local/armeabi-v7a/libgnustl_static.a(eh_aux_runtime.o)
                              ./obj/local/armeabi-v7a/libgnustl_static.a(eh_arm.o) (__cxa_bad_typeid)
./obj/local/armeabi-v7a/libgnustl_static.a(eh_call.o)
                              ./obj/local/armeabi-v7a/libgnustl_static.a(ios_failure.o) (__cxa_call_unexpected)
./obj/local/armeabi-v7a/libgnustl_static.a(eh_catch.o)
                              ./obj/local/armeabi-v7a/objs-debug/com_graphics_NativeGraphics/HoughTransformation.o (__cxa_end_catch)
./obj/local/armeabi-v7a/libgnustl_static.a(eh_exception.o)
                              ./obj/local/armeabi-v7a/libgnustl_static.a(ios_failure.o) (_ZNSt9exceptionD2Ev)
./obj/local/armeabi-v7a/libgnustl_static.a(eh_globals.o)
                              ./obj/local/armeabi-v7a/libgnustl_static.a(eh_call.o) (__cxa_get_globals_fast)
./obj/local/armeabi-v7a/libgnustl_static.a(eh_personality.o)
                              ./obj/local/armeabi-v7a/objs-debug/com_graphics_NativeGraphics/com_graphics_NativeGraphics.o (__gxx_personality_v0)
./obj/local/armeabi-v7a/libgnustl_static.a(eh_terminate.o)
                              ./obj/local/armeabi-v7a/libgnustl_static.a(eh_call.o) (_ZN10__cxxabiv111__terminateEPFvvE)
./obj/local/armeabi-v7a/libgnustl_static.a(eh_throw.o)
                              ./obj/local/armeabi-v7a/objs-debug/com_graphics_NativeGraphics/HoughTransformation.o (__cxa_rethrow)
./obj/local/armeabi-v7a/libgnustl_static.a(eh_unex_handler.o)
                              ./obj/local/armeabi-v7a/libgnustl_static.a(eh_terminate.o) (_ZN10__cxxabiv120__unexpected_handlerE)
./obj/local/armeabi-v7a/libgnustl_static.a(fundamental_type_info.o)
                              ./obj/local/armeabi-v7a/libgnustl_static.a(eh_arm.o) (_ZTIv)
./obj/local/armeabi-v7a/libgnustl_static.a(guard.o)
                              ./obj/local/armeabi-v7a/libgnustl_static.a(atomicity.o) (__cxa_guard_release)
./obj/local/armeabi-v7a/libgnustl_static.a(new_handler.o)
                              ./obj/local/armeabi-v7a/libgnustl_static.a(functexcept.o) (_ZNSt9bad_allocD1Ev)
./obj/local/armeabi-v7a/libgnustl_static.a(new_op.o)
                              ./obj/local/armeabi-v7a/objs-debug/com_graphics_NativeGraphics/graphics_core.o (_Znwj)
./obj/local/armeabi-v7a/libgnustl_static.a(pointer_type_info.o)
[...]
Memory Configuration

Name             Origin             Length             Attributes
*default*        0x00000000         0xffffffff

Linker script and memory map

LOAD /Users/azhdanov/work/android-ndk-r7/platforms/android-14/arch-arm/usr/lib/crtbegin_so.o
LOAD ./obj/local/armeabi-v7a/objs-debug/com_graphics_NativeGraphics/com_graphics_NativeGraphics.o
LOAD ./obj/local/armeabi-v7a/objs-debug/com_graphics_NativeGraphics/graphics_core.o
LOAD ./obj/local/armeabi-v7a/objs-debug/com_graphics_NativeGraphics/HoughTransformation.o
LOAD ./obj/local/armeabi-v7a/libcpufeatures.a
LOAD ./obj/local/armeabi-v7a/libgnustl_static.a
LOAD /Users/azhdanov/work/android-ndk-r7/toolchains/arm-linux-androideabi-4.4.3/prebuilt/darwin-x86/bin/../lib/gcc/arm-linux-androideabi/4.4.3/libgcc.a
LOAD /Users/azhdanov/work/android-ndk-r7/platforms/android-14/arch-arm/usr/lib/liblog.so
LOAD /Users/azhdanov/work/android-ndk-r7/platforms/android-14/arch-arm/usr/lib/libjnigraphics.so
LOAD /Users/azhdanov/work/android-ndk-r7/platforms/android-14/arch-arm/usr/lib/libm.so
LOAD /Users/azhdanov/work/android-ndk-r7/toolchains/arm-linux-androideabi-4.4.3/prebuilt/darwin-x86/bin/../lib/gcc/arm-linux-androideabi/4.4.3/../../../../arm-linux-androideabi/lib/libsupc++.a
LOAD /Users/azhdanov/work/android-ndk-r7/platforms/android-14/arch-arm/usr/lib/libstdc++.so
LOAD /Users/azhdanov/work/android-ndk-r7/platforms/android-14/arch-arm/usr/lib/libm.so
LOAD /Users/azhdanov/work/android-ndk-r7/platforms/android-14/arch-arm/usr/lib/libc.so
LOAD /Users/azhdanov/work/android-ndk-r7/toolchains/arm-linux-androideabi-4.4.3/prebuilt/darwin-x86/bin/../lib/gcc/arm-linux-androideabi/4.4.3/libgcc.a
LOAD /Users/azhdanov/work/android-ndk-r7/platforms/android-14/arch-arm/usr/lib/libc.so
LOAD /Users/azhdanov/work/android-ndk-r7/platforms/android-14/arch-arm/usr/lib/libdl.so
LOAD /Users/azhdanov/work/android-ndk-r7/toolchains/arm-linux-androideabi-4.4.3/prebuilt/darwin-x86/bin/../lib/gcc/arm-linux-androideabi/4.4.3/libgcc.a
LOAD /Users/azhdanov/work/android-ndk-r7/platforms/android-14/arch-arm/usr/lib/crtend_so.o
                0x000000d4                . = (0x0 + SIZEOF_HEADERS)

.note.gnu.build-id
 *(.note.gnu.build-id)

.hash           0x000000d4     0x1644
 *(.hash)
 .hash          0x000000d4     0x1644 /Users/azhdanov/work/android-ndk-r7/platforms/android-14/arch-arm/usr/lib/crtbegin_so.o

.gnu.hash
 *(.gnu.hash)

.dynsym         0x00001718     0x3860
 *(.dynsym)
 .dynsym        0x00001718     0x3860 /Users/azhdanov/work/android-ndk-r7/platforms/android-14/arch-arm/usr/lib/crtbegin_so.o

.dynstr         0x00004f78     0x6dfc
 *(.dynstr)
 .dynstr        0x00004f78     0x6dfc /Users/azhdanov/work/android-ndk-r7/platforms/android-14/arch-arm/usr/lib/crtbegin_so.o

.gnu.version    0x0000bd74        0x0
 *(.gnu.version)
 .gnu.version   0x00000000        0x0 /Users/azhdanov/work/android-ndk-r7/platforms/android-14/arch-arm/usr/lib/crtbegin_so.o

.gnu.version_d  0x0000bd74        0x0
 *(.gnu.version_d)
 .gnu.version_d
                0x00000000        0x0 /Users/azhdanov/work/android-ndk-r7/platforms/android-14/arch-arm/usr/lib/crtbegin_so.o

.gnu.version_r  0x0000bd74        0x0
 *(.gnu.version_r)
 .gnu.version_r
                0x00000000        0x0 /Users/azhdanov/work/android-ndk-r7/platforms/android-14/arch-arm/usr/lib/crtbegin_so.o

.rel.dyn        0x0000bd74     0x1528
 *(.rel.init)
 *(.rel.text .rel.text.* .rel.gnu.linkonce.t.*)
 .rel.text      0x0000bd74        0x8 /Users/azhdanov/work/android-ndk-r7/platforms/android-14/arch-arm/usr/lib/crtbegin_so.o
 *(.rel.fini)
 *(.rel.rodata .rel.rodata.* .rel.gnu.linkonce.r.*)
 *(.rel.data.rel.ro* .rel.gnu.linkonce.d.rel.ro.*)
 .rel.data.rel.ro._ZTISt15underflow_error
                0x0000bd7c       0x18 /Users/azhdanov/work/android-ndk-r7/platforms/android-14/arch-arm/usr/lib/crtbegin_so.o
 .rel.data.rel.ro._ZTVSt15underflow_error
                0x0000bd94       0x20 /Users/azhdanov/work/android-ndk-r7/platforms/android-14/arch-arm/usr/lib/crtbegin_so.o
 .rel.data.rel.ro._ZTISt14overflow_error
                0x0000bdb4       0x18 /Users/azhdanov/work/android-ndk-r7/platforms/android-14/arch-arm/usr/lib/crtbegin_so.o
 .rel.data.rel.ro._ZTVSt14overflow_error
                0x0000bdcc       0x20 /Users/azhdanov/work/android-ndk-r7/platforms/android-14/arch-arm/usr/lib/crtbegin_so.o
 .rel.data.rel.ro._ZTISt11range_error
                0x0000bdec       0x18 /Users/azhdanov/work/android-ndk-r7/platforms/android-14/arch-arm/usr/lib/crtbegin_so.o
 .rel.data.rel.ro._ZTVSt11range_error
                0x0000be04       0x20 /Users/azhdanov/work/android-ndk-r7/platforms/android-14/arch-arm/usr/lib/crtbegin_so.o
 .rel.data.rel.ro._ZTISt12out_of_range
                0x0000be24       0x18 /Users/azhdanov/work/android-ndk-r7/platforms/android-14/arch-arm/usr/lib/crtbegin_so.o
 .rel.data.rel.ro._ZTVSt12out_of_range
                0x0000be3c       0x20 /Users/azhdanov/work/android-ndk-r7/platforms/android-14/arch-arm/usr/lib/crtbegin_so.o
 .rel.data.rel.ro._ZTISt12length_error
                0x0000be5c       0x18 /Users/azhdanov/work/android-ndk-r7/platforms/android-14/arch-arm/usr/lib/crtbegin_so.o
 .rel.data.rel.ro._ZTVSt12length_error
                0x0000be74       0x20 /Users/azhdanov/work/android-ndk-r7/platforms/android-14/arch-arm/usr/lib/crtbegin_so.o
 .rel.data.rel.ro._ZTISt16invalid_argument
                0x0000be94       0x18 /Users/azhdanov/work/android-ndk-r7/platforms/android-14/arch-arm/usr/lib/crtbegin_so.o
 .rel.data.rel.ro._ZTVSt16invalid_argument
                0x0000beac       0x20 /Users/azhdanov/work/android-ndk-r7/platforms/android-14/arch-arm/usr/lib/crtbegin_so.o
 .rel.data.rel.ro._ZTISt12domain_error
                0x0000becc       0x18 /Users/azhdanov/work/android-ndk-r7/platforms/android-14/arch-arm/usr/lib/crtbegin_so.o
 .rel.data.rel.ro._ZTVSt12domain_error
                0x0000bee4       0x20 /Users/azhdanov/work/android-ndk-r7/platforms/android-14/arch-arm/usr/lib/crtbegin_so.o
 .rel.data.rel.ro._ZTVNSt8ios_base7failureE
                0x0000bf04       0x20 /Users/azhdanov/work/android-ndk-r7/platforms/android-14/arch-arm/usr/lib/crtbegin_so.o
 .rel.data.rel.ro._ZTINSt8ios_base7failureE
                0x0000bf24       0x18 /Users/azhdanov/work/android-ndk-r7/platforms/android-14/arch-arm/usr/lib/crtbegin_so.o
 .rel.data.rel.ro._ZTISt13runtime_error
                0x0000bf3c       0x18 /Users/azhdanov/work/android-ndk-r7/platforms/android-14/arch-arm/usr/lib/crtbegin_so.o
 .rel.data.rel.ro._ZTVSt11logic_error
                0x0000bf54       0x20 /Users/azhdanov/work/android-ndk-r7/platforms/android-14/arch-arm/usr/lib/crtbegin_so.o
 .rel.data.rel.ro._ZTVSt13runtime_error
                0x0000bf74       0x20 /Users/azhdanov/work/android-ndk-r7/platforms/android-14/arch-arm/usr/lib/crtbegin_so.o
 .rel.data.rel.ro._ZTISt11logic_error
                0x0000bf94       0x18 /Users/azhdanov/work/android-ndk-r7/platforms/android-14/arch-arm/usr/lib/crtbegin_so.o
 .rel.data.rel.ro._ZTIN12_GLOBAL__N_121system_error_categoryE
                0x0000bfac       0x18 /Users/azhdanov/work/android-ndk-r7/platforms/android-14/arch-arm/usr/lib/crtbegin_so.o
 .rel.data.rel.ro._ZTVSt12system_error
                0x0000bfc4       0x20 /Users/azhdanov/work/android-ndk-r7/platforms/android-14/arch-arm/usr/lib/crtbegin_so.o
 .rel.data.rel.ro._ZTVSt14error_category
                0x0000bfe4       0x40 /Users/azhdanov/work/android-ndk-r7/platforms/android-14/arch-arm/usr/lib/crtbegin_so.o
 .rel.data.rel.ro._ZTISt12system_error
                0x0000c024       0x18 /Users/azhdanov/work/android-ndk-r7/platforms/android-14/arch-arm/usr/lib/crtbegin_so.o
 .rel.data.rel.ro._ZTVN12_GLOBAL__N_122generic_error_categoryE
                0x0000c03c       0x40 /Users/azhdanov/work/android-ndk-r7/platforms/android-14/arch-arm/usr/lib/crtbegin_so.o
 .rel.data.rel.ro._ZTISt14error_category
                0x0000c07c       0x10 /Users/azhdanov/work/android-ndk-r7/platforms/android-14/arch-arm/usr/lib/crtbegin_so.o
 .rel.data.rel.ro._ZTIN12_GLOBAL__N_122generic_error_categoryE
                0x0000c08c       0x18 /Users/azhdanov/work/android-ndk-r7/platforms/android-14/arch-arm/usr/lib/crtbegin_so.o
 .rel.data.rel.ro._ZTVN12_GLOBAL__N_121system_error_categoryE
                0x0000c0a4       0x40 /Users/azhdanov/work/android-ndk-r7/platforms/android-14/arch-arm/usr/lib/crtbegin_so.o
 .rel.data.rel.ro._ZTIN9__gnu_cxx24__concurrence_lock_errorE
                0x0000c0e4       0x18 /Users/azhdanov/work/android-ndk-r7/platforms/android-14/arch-arm/usr/lib/crtbegin_so.o
 .rel.data.rel.ro._ZTVN9__gnu_cxx24__concurrence_lock_errorE
                0x0000c0fc       0x20 /Users/azhdanov/work/android-ndk-r7/platforms/android-14/arch-arm/usr/lib/crtbegin_so.o
 .rel.data.rel.ro._ZTIN9__gnu_cxx26__concurrence_unlock_errorE
                0x0000c11c       0x18 /Users/azhdanov/work/android-ndk-r7/platforms/android-14/arch-arm/usr/lib/crtbegin_so.o
 .rel.data.rel.ro._ZTVN9__gnu_cxx26__concurrence_unlock_errorE
                0x0000c134       0x20 /Users/azhdanov/work/android-ndk-r7/platforms/android-14/arch-arm/usr/lib/crtbegin_so.o
 .rel.data.rel.ro._ZTISt8bad_cast
                0x0000c154       0x18 /Users/azhdanov/work/android-ndk-r7/platforms/android-14/arch-arm/usr/lib/crtbegin_so.o
 .rel.data.rel.ro._ZTVSt8bad_cast
                0x0000c16c       0x20 /Users/azhdanov/work/android-ndk-r7/platforms/android-14/arch-arm/usr/lib/crtbegin_so.o
 .rel.data.rel.ro._ZTVSt10bad_typeid
                0x0000c18c       0x20 /Users/azhdanov/work/android-ndk-r7/platforms/android-14/arch-arm/usr/lib/crtbegin_so.o
 .rel.data.rel.ro._ZTISt10bad_typeid
                0x0000c1ac       0x18 /Users/azhdanov/work/android-ndk-r7/platforms/android-14/arch-arm/usr/lib/crtbegin_so.o
 .rel.data.rel.ro._ZTVN10__cxxabiv117__class_type_infoE
                0x0000c1c4       0x50 /Users/azhdanov/work/android-ndk-r7/platforms/android-14/arch-arm/usr/lib/crtbegin_so.o
 .rel.data.rel.ro._ZTIN10__cxxabiv117__class_type_infoE
                0x0000c214       0x18 /Users/azhdanov/work/android-ndk-r7/platforms/android-14/arch-arm/usr/lib/crtbegin_so.o
 .rel.data.rel.ro._ZTIN10__cxxabiv115__forced_unwindE
                0x0000c22c       0x10 /Users/azhdanov/work/android-ndk-r7/platforms/android-14/arch-arm/usr/lib/crtbegin_so.o
 .rel.data.rel.ro._ZTISt9exception
                0x0000c23c       0x10 /Users/azhdanov/work/android-ndk-r7/platforms/android-14/arch-arm/usr/lib/crtbegin_so.o
 .rel.data.rel.ro._ZTVSt13bad_exception
                0x0000c24c       0x20 /Users/azhdanov/work/android-ndk-r7/platforms/android-14/arch-arm/usr/lib/crtbegin_so.o
 .rel.data.rel.ro._ZTISt13bad_exception
                0x0000c26c       0x18 /Users/azhdanov/work/android-ndk-r7/platforms/android-14/arch-arm/usr/lib/crtbegin_so.o
 .rel.data.rel.ro._ZTIN10__cxxabiv119__foreign_exceptionE
                0x0000c284       0x10 /Users/azhdanov/work/android-ndk-r7/platforms/android-14/arch-arm/usr/lib/crtbegin_so.o
 .rel.data.rel.ro._ZTVN10__cxxabiv115__forced_unwindE
                0x0000c294       0x20 /Users/azhdanov/work/android-ndk-r7/platforms/android-14/arch-arm/usr/lib/crtbegin_so.o
 .rel.data.rel.ro._ZTVN10__cxxabiv119__foreign_exceptionE
                0x0000c2b4       0x20 /Users/azhdanov/work/android-ndk-r7/platforms/android-14/arch-arm/usr/lib/crtbegin_so.o
 .rel.data.rel.ro._ZTVSt9exception
                0x0000c2d4       0x20 /Users/azhdanov/work/android-ndk-r7/platforms/android-14/arch-arm/usr/lib/crtbegin_so.o
 .rel.data.rel.ro._ZTIPKe
                0x0000c2f4       0x18 /Users/azhdanov/work/android-ndk-r7/platforms/android-14/arch-arm/usr/lib/crtbegin_so.o
 .rel.data.rel.ro._ZTIPe
                0x0000c30c       0x18 /Users/azhdanov/work/android-ndk-r7/platforms/android-14/arch-arm/usr/lib/crtbegin_so.o
 .rel.data.rel.ro._ZTIe
                0x0000c324       0x10 /Users/azhdanov/work/android-ndk-r7/platforms/android-14/arch-arm/usr/lib/crtbegin_so.o
 .rel.data.rel.ro._ZTIPKd
                0x0000c334       0x18 /Users/azhdanov/work/android-ndk-r7/platforms/android-14/arch-arm/usr/lib/crtbegin_so.o
 .rel.data.rel.ro._ZTIPd
                0x0000c34c       0x18 /Users/azhdanov/work/android-ndk-r7/platforms/android-14/arch-arm/usr/lib/crtbegin_so.o
 .rel.data.rel.ro._ZTId
                0x0000c364       0x10 /Users/azhdanov/work/android-ndk-r7/platforms/android-14/arch-arm/usr/lib/crtbegin_so.o
 .rel.data.rel.ro._ZTIPKf
                0x0000c374       0x18 /Users/azhdanov/work/android-ndk-r7/platforms/android-14/arch-arm/usr/lib/crtbegin_so.o
 .rel.data.rel.ro._ZTIPf
                0x0000c38c       0x18 /Users/azhdanov/work/android-ndk-r7/platforms/android-14/arch-arm/usr/lib/crtbegin_so.o
 .rel.data.rel.ro._ZTIf
                0x0000c3a4       0x10 /Users/azhdanov/work/android-ndk-r7/platforms/android-14/arch-arm/usr/lib/crtbegin_so.o
 .rel.data.rel.ro._ZTIPKy
                0x0000c3b4       0x18 /Users/azhdanov/work/android-ndk-r7/platforms/android-14/arch-arm/usr/lib/crtbegin_so.o
 .rel.data.rel.ro._ZTIPy
                0x0000c3cc       0x18 /Users/azhdanov/work/android-ndk-r7/platforms/android-14/arch-arm/usr/lib/crtbegin_so.o
 .rel.data.rel.ro._ZTIy
                0x0000c3e4       0x10 /Users/azhdanov/work/android-ndk-r7/platforms/android-14/arch-arm/usr/lib/crtbegin_so.o
 .rel.data.rel.ro._ZTIPKx
                0x0000c3f4       0x18 /Users/azhdanov/work/android-ndk-r7/platforms/android-14/arch-arm/usr/lib/crtbegin_so.o
 .rel.data.rel.ro._ZTIPx
                0x0000c40c       0x18 /Users/azhdanov/work/android-ndk-r7/platforms/android-14/arch-arm/usr/lib/crtbegin_so.o
 .rel.data.rel.ro._ZTIx
                0x0000c424       0x10 /Users/azhdanov/work/android-ndk-r7/platforms/android-14/arch-arm/usr/lib/crtbegin_so.o
 .rel.data.rel.ro._ZTIPKm
                0x0000c434       0x18 /Users/azhdanov/work/android-ndk-r7/platforms/android-14/arch-arm/usr/lib/crtbegin_so.o
 .rel.data.rel.ro._ZTIPm
                0x0000c44c       0x18 /Users/azhdanov/work/android-ndk-r7/platforms/android-14/arch-arm/usr/lib/crtbegin_so.o
 .rel.data.rel.ro._ZTIm
                0x0000c464       0x10 /Users/azhdanov/work/android-ndk-r7/platforms/android-14/arch-arm/usr/lib/crtbegin_so.o
 .rel.data.rel.ro._ZTIPKl
                0x0000c474       0x18 /Users/azhdanov/work/android-ndk-r7/platforms/android-14/arch-arm/usr/lib/crtbegin_so.o
 .rel.data.rel.ro._ZTIPl
                0x0000c48c       0x18 /Users/azhdanov/work/android-ndk-r7/platforms/android-14/arch-arm/usr/lib/crtbegin_so.o
 .rel.data.rel.ro._ZTIl
                0x0000c4a4       0x10 /Users/azhdanov/work/android-ndk-r7/platforms/android-14/arch-arm/usr/lib/crtbegin_so.o
 .rel.data.rel.ro._ZTIPKj
                0x0000c4b4       0x18 /Users/azhdanov/work/android-ndk-r7/platforms/android-14/arch-arm/usr/lib/crtbegin_so.o
 .rel.data.rel.ro._ZTIPj
                0x0000c4cc       0x18 /Users/azhdanov/work/android-ndk-r7/platforms/android-14/arch-arm/usr/lib/crtbegin_so.o
 .rel.data.rel.ro._ZTIj
                0x0000c4e4       0x10 /Users/azhdanov/work/android-ndk-r7/platforms/android-14/arch-arm/usr/lib/crtbegin_so.o
 .rel.data.rel.ro._ZTIPKi
                0x0000c4f4       0x18 /Users/azhdanov/work/android-ndk-r7/platforms/android-14/arch-arm/usr/lib/crtbegin_so.o
 .rel.data.rel.ro._ZTIPi
                0x0000c50c       0x18 /Users/azhdanov/work/android-ndk-r7/platforms/android-14/arch-arm/usr/lib/crtbegin_so.o
 .rel.data.rel.ro._ZTIi
                0x0000c524       0x10 /Users/azhdanov/work/android-ndk-r7/platforms/android-14/arch-arm/usr/lib/crtbegin_so.o
 .rel.data.rel.ro._ZTIPKt
                0x0000c534       0x18 /Users/azhdanov/work/android-ndk-r7/platforms/android-14/arch-arm/usr/lib/crtbegin_so.o
 .rel.data.rel.ro._ZTIPt
                0x0000c54c       0x18 /Users/azhdanov/work/android-ndk-r7/platforms/android-14/arch-arm/usr/lib/crtbegin_so.o
 .rel.data.rel.ro._ZTIt
                0x0000c564       0x10 /Users/azhdanov/work/android-ndk-r7/platforms/android-14/arch-arm/usr/lib/crtbegin_so.o
 .rel.data.rel.ro._ZTIPKs
                0x0000c574       0x18 /Users/azhdanov/work/android-ndk-r7/platforms/android-14/arch-arm/usr/lib/crtbegin_so.o
 .rel.data.rel.ro._ZTIPs
                0x0000c58c       0x18 /Users/azhdanov/work/android-ndk-r7/platforms/android-14/arch-arm/usr/lib/crtbegin_so.o
 .rel.data.rel.ro._ZTIs
                0x0000c5a4       0x10 /Users/azhdanov/work/android-ndk-r7/platforms/android-14/arch-arm/usr/lib/crtbegin_so.o
 .rel.data.rel.ro._ZTIPKh
                0x0000c5b4       0x18 /Users/azhdanov/work/android-ndk-r7/platforms/android-14/arch-arm/usr/lib/crtbegin_so.o
 .rel.data.rel.ro._ZTIPh
                0x0000c5cc       0x18 /Users/azhdanov/work/android-ndk-r7/platforms/android-14/arch-arm/usr/lib/crtbegin_so.o
 .rel.data.rel.ro._ZTIh
                0x0000c5e4       0x10 /Users/azhdanov/work/android-ndk-r7/platforms/android-14/arch-arm/usr/lib/crtbegin_so.o
 .rel.data.rel.ro._ZTIPKa
                0x0000c5f4       0x18 /Users/azhdanov/work/android-ndk-r7/platforms/android-14/arch-arm/usr/lib/crtbegin_so.o
 .rel.data.rel.ro._ZTIPa
                0x0000c60c       0x18 /Users/azhdanov/work/android-ndk-r7/platforms/android-14/arch-arm/usr/lib/crtbegin_so.o
 .rel.data.rel.ro._ZTIa
                0x0000c624       0x10 /Users/azhdanov/work/android-ndk-r7/platforms/android-14/arch-arm/usr/lib/crtbegin_so.o
 .rel.data.rel.ro._ZTIPKc
                0x0000c634       0x18 /Users/azhdanov/work/android-ndk-r7/platforms/android-14/arch-arm/usr/lib/crtbegin_so.o
 .rel.data.rel.ro._ZTIPc
                0x0000c64c       0x18 /Users/azhdanov/work/android-ndk-r7/platforms/android-14/arch-arm/usr/lib/crtbegin_so.o
 .rel.data.rel.ro._ZTIc
                0x0000c664       0x10 /Users/azhdanov/work/android-ndk-r7/platforms/android-14/arch-arm/usr/lib/crtbegin_so.o
 .rel.data.rel.ro._ZTIPKDi
                0x0000c674       0x18 /Users/azhdanov/work/android-ndk-r7/platforms/android-14/arch-arm/usr/lib/crtbegin_so.o
 .rel.data.rel.ro._ZTIPDi
                0x0000c68c       0x18 /Users/azhdanov/work/android-ndk-r7/platforms/android-14/arch-arm/usr/lib/crtbegin_so.o
 .rel.data.rel.ro._ZTIDi
                0x0000c6a4       0x10 /Users/azhdanov/work/android-ndk-r7/platforms/android-14/arch-arm/usr/lib/crtbegin_so.o
 .rel.data.rel.ro._ZTIPKDs
                0x0000c6b4       0x18 /Users/azhdanov/work/android-ndk-r7/platforms/android-14/arch-arm/usr/lib/crtbegin_so.o
 .rel.data.rel.ro._ZTIPDs
                0x0000c6cc       0x18 /Users/azhdanov/work/android-ndk-r7/platforms/android-14/arch-arm/usr/lib/crtbegin_so.o
 .rel.data.rel.ro._ZTIDs
                0x0000c6e4       0x10 /Users/azhdanov/work/android-ndk-r7/platforms/android-14/arch-arm/usr/lib/crtbegin_so.o
 .rel.data.rel.ro._ZTIPKw
                0x0000c6f4       0x18 /Users/azhdanov/work/android-ndk-r7/platforms/android-14/arch-arm/usr/lib/crtbegin_so.o
 .rel.data.rel.ro._ZTIPw
                0x0000c70c       0x18 /Users/azhdanov/work/android-ndk-r7/platforms/android-14/arch-arm/usr/lib/crtbegin_so.o
 .rel.data.rel.ro._ZTIw
                0x0000c724       0x10 /Users/azhdanov/work/android-ndk-r7/platforms/android-14/arch-arm/usr/lib/crtbegin_so.o
 .rel.data.rel.ro._ZTIPKb
                0x0000c734       0x18 /Users/azhdanov/work/android-ndk-r7/platforms/android-14/arch-arm/usr/lib/crtbegin_so.o
 .rel.data.rel.ro._ZTIPb
                0x0000c74c       0x18 /Users/azhdanov/work/android-ndk-r7/platforms/android-14/arch-arm/usr/lib/crtbegin_so.o
 .rel.data.rel.ro._ZTIb
                0x0000c764       0x10 /Users/azhdanov/work/android-ndk-r7/platforms/android-14/arch-arm/usr/lib/crtbegin_so.o
 .rel.data.rel.ro._ZTIPKv
                0x0000c774       0x18 /Users/azhdanov/work/android-ndk-r7/platforms/android-14/arch-arm/usr/lib/crtbegin_so.o
 .rel.data.rel.ro._ZTIPv
                0x0000c78c       0x18 /Users/azhdanov/work/android-ndk-r7/platforms/android-14/arch-arm/usr/lib/crtbegin_so.o
 .rel.data.rel.ro._ZTIv
                0x0000c7a4       0x10 /Users/azhdanov/work/android-ndk-r7/platforms/android-14/arch-arm/usr/lib/crtbegin_so.o
 .rel.data.rel.ro._ZTVN10__cxxabiv123__fundamental_type_infoE
                0x0000c7b4       0x38 /Users/azhdanov/work/android-ndk-r7/platforms/android-14/arch-arm/usr/lib/crtbegin_so.o
 .rel.data.rel.ro._ZTIN10__cxxabiv123__fundamental_type_infoE
                0x0000c7ec       0x18 /Users/azhdanov/work/android-ndk-r7/platforms/android-14/arch-arm/usr/lib/crtbegin_so.o
 .rel.data.rel.ro._ZTIN9__gnu_cxx29__concurrence_broadcast_errorE
                0x0000c804       0x18 /Users/azhdanov/work/android-ndk-r7/platforms/android-14/arch-arm/usr/lib/crtbegin_so.o
 .rel.data.rel.ro._ZTVN9__gnu_cxx29__concurrence_broadcast_errorE
                0x0000c81c       0x20 /Users/azhdanov/work/android-ndk-r7/platforms/android-14/arch-arm/usr/lib/crtbegin_so.o
 .rel.data.rel.ro._ZTIN9__gnu_cxx24__concurrence_wait_errorE
                0x0000c83c       0x18 /Users/azhdanov/work/android-ndk-r7/platforms/android-14/arch-arm/usr/lib/crtbegin_so.o
 .rel.data.rel.ro._ZTVN9__gnu_cxx24__concurrence_wait_errorE
                0x0000c854       0x20 /Users/azhdanov/work/android-ndk-r7/platforms/android-14/arch-arm/usr/lib/crtbegin_so.o
 .rel.data.rel.ro._ZTVN9__gnu_cxx20recursive_init_errorE
                0x0000c874       0x20 /Users/azhdanov/work/android-ndk-r7/platforms/android-14/arch-arm/usr/lib/crtbegin_so.o
 .rel.data.rel.ro._ZTIN9__gnu_cxx20recursive_init_errorE
                0x0000c894       0x18 /Users/azhdanov/work/android-ndk-r7/platforms/android-14/arch-arm/usr/lib/crtbegin_so.o
 .rel.data.rel.ro._ZTISt9bad_alloc
                0x0000c8ac       0x18 /Users/azhdanov/work/android-ndk-r7/platforms/android-14/arch-arm/usr/lib/crtbegin_so.o
 .rel.data.rel.ro._ZTVSt9bad_alloc
                0x0000c8c4       0x20 /Users/azhdanov/work/android-ndk-r7/platforms/android-14/arch-arm/usr/lib/crtbegin_so.o
 .rel.data.rel.ro._ZTIN10__cxxabiv119__pointer_type_infoE
                0x0000c8e4       0x18 /Users/azhdanov/work/android-ndk-r7/platforms/android-14/arch-arm/usr/lib/crtbegin_so.o
 .rel.data.rel.ro._ZTVN10__cxxabiv119__pointer_type_infoE
                0x0000c8fc       0x40 /Users/azhdanov/work/android-ndk-r7/platforms/android-14/arch-arm/usr/lib/crtbegin_so.o
 .rel.data.rel.ro._ZTVN10__cxxabiv120__si_class_type_infoE
                0x0000c93c       0x50 /Users/azhdanov/work/android-ndk-r7/platforms/android-14/arch-arm/usr/lib/crtbegin_so.o
 .rel.data.rel.ro._ZTIN10__cxxabiv120__si_class_type_infoE
                0x0000c98c       0x18 /Users/azhdanov/work/android-ndk-r7/platforms/android-14/arch-arm/usr/lib/crtbegin_so.o
 .rel.data.rel.ro._ZTVSt9type_info
                0x0000c9a4       0x38 /Users/azhdanov/work/android-ndk-r7/platforms/android-14/arch-arm/usr/lib/crtbegin_so.o
 .rel.data.rel.ro._ZTISt9type_info
                0x0000c9dc       0x10 /Users/azhdanov/work/android-ndk-r7/platforms/android-14/arch-arm/usr/lib/crtbegin_so.o
 .rel.data.rel.ro._ZTVN10__cxxabiv117__pbase_type_infoE
                0x0000c9ec       0x40 /Users/azhdanov/work/android-ndk-r7/platforms/android-14/arch-arm/usr/lib/crtbegin_so.o
 .rel.data.rel.ro._ZTIN10__cxxabiv117__pbase_type_infoE
                0x0000ca2c       0x18 /Users/azhdanov/work/android-ndk-r7/platforms/android-14/arch-arm/usr/lib/crtbegin_so.o
 .rel.data.rel.ro.local
                0x0000ca44      0x590 /Users/azhdanov/work/android-ndk-r7/platforms/android-14/arch-arm/usr/lib/crtbegin_so.o
 *(.rel.data .rel.data.* .rel.gnu.linkonce.d.*)
 .rel.data.rel._ZN10__cxxabiv120__unexpected_handlerE
                0x0000cfd4        0x8 /Users/azhdanov/work/android-ndk-r7/platforms/android-14/arch-arm/usr/lib/crtbegin_so.o
 .rel.data.rel._ZN10__cxxabiv119__terminate_handlerE
                0x0000cfdc        0x8 /Users/azhdanov/work/android-ndk-r7/platforms/android-14/arch-arm/usr/lib/crtbegin_so.o
 *(.rel.tdata .rel.tdata.* .rel.gnu.linkonce.td.*)
 *(.rel.tbss .rel.tbss.* .rel.gnu.linkonce.tb.*)
 *(.rel.ctors)
 *(.rel.dtors)
 *(.rel.got)
 .rel.got       0x0000cfe4      0x298 /Users/azhdanov/work/android-ndk-r7/platforms/android-14/arch-arm/usr/lib/crtbegin_so.o
 *(.rel.bss .rel.bss.* .rel.gnu.linkonce.b.*)
 *(.rel.iplt)
 .rel.iplt      0x00000000        0x0 /Users/azhdanov/work/android-ndk-r7/platforms/android-14/arch-arm/usr/lib/crtbegin_so.o
 .rel.fini_array
                0x0000d27c        0x8 /Users/azhdanov/work/android-ndk-r7/platforms/android-14/arch-arm/usr/lib/crtbegin_so.o
 .rel.init_array
                0x0000d284       0x18 /Users/azhdanov/work/android-ndk-r7/platforms/android-14/arch-arm/usr/lib/crtbegin_so.o

.rela.dyn
 *(.rela.init)
 *(.rela.text .rela.text.* .rela.gnu.linkonce.t.*)
 *(.rela.fini)
 *(.rela.rodata .rela.rodata.* .rela.gnu.linkonce.r.*)
 *(.rela.data .rela.data.* .rela.gnu.linkonce.d.*)
 *(.rela.tdata .rela.tdata.* .rela.gnu.linkonce.td.*)
 *(.rela.tbss .rela.tbss.* .rela.gnu.linkonce.tb.*)
 *(.rela.ctors)
 *(.rela.dtors)
 *(.rela.got)
 *(.rela.bss .rela.bss.* .rela.gnu.linkonce.b.*)
 *(.rela.iplt)

.rel.plt        0x0000d29c      0x190
 *(.rel.plt)
 .rel.plt       0x0000d29c      0x190 /Users/azhdanov/work/android-ndk-r7/platforms/android-14/arch-arm/usr/lib/crtbegin_so.o

.rela.plt
 *(.rela.plt)

.init
 *(.init)

.plt            0x0000d42c      0x26c
 *(.plt)
 .plt           0x0000d42c      0x26c /Users/azhdanov/work/android-ndk-r7/platforms/android-14/arch-arm/usr/lib/crtbegin_so.o

.iplt           0x0000d698        0x0
 *(.iplt)
 .iplt          0x00000000        0x0 /Users/azhdanov/work/android-ndk-r7/platforms/android-14/arch-arm/usr/lib/crtbegin_so.o

.text           0x0000d698    0x1396c
 *(.text.unlikely .text.*_unlikely)
 *(.text.exit .text.exit.*)
 *(.text.startup .text.startup.*)
 *(.text.hot .text.hot.*)
 *(.text .stub .text.* .gnu.linkonce.t.*)
 .text          0x0000d698       0x10 /Users/azhdanov/work/android-ndk-r7/platforms/android-14/arch-arm/usr/lib/crtbegin_so.o
 .text          0x0000d6a8        0x0 ./obj/local/armeabi-v7a/objs-debug/com_graphics_NativeGraphics/com_graphics_NativeGraphics.o
 .text._ZL6now_msv
                0x0000d6a8       0x50 ./obj/local/armeabi-v7a/objs-debug/com_graphics_NativeGraphics/com_graphics_NativeGraphics.o
 .text.Java_com_graphics_NativeGraphics_nativeConvolve
                0x0000d6f8       0x44 ./obj/local/armeabi-v7a/objs-debug/com_graphics_NativeGraphics/com_graphics_NativeGraphics.o
                0x0000d6f8                Java_com_graphics_NativeGraphics_nativeConvolve
 .text.Java_com_graphics_NativeGraphics_nativeTreshold
                0x0000d73c       0x30 ./obj/local/armeabi-v7a/objs-debug/com_graphics_NativeGraphics/com_graphics_NativeGraphics.o
                0x0000d73c                Java_com_graphics_NativeGraphics_nativeTreshold
 .text.Java_com_graphics_NativeGraphics_nativeHoughTransform
                0x0000d76c       0x5c ./obj/local/armeabi-v7a/objs-debug/com_graphics_NativeGraphics/com_graphics_NativeGraphics.o
                0x0000d76c                Java_com_graphics_NativeGraphics_nativeHoughTransform
 .text.Java_com_graphics_NativeGraphics_nativeAdaptiveTreshold
                0x0000d7c8       0x2c ./obj/local/armeabi-v7a/objs-debug/com_graphics_NativeGraphics/com_graphics_NativeGraphics.o
                0x0000d7c8                Java_com_graphics_NativeGraphics_nativeAdaptiveTreshold
 .text.Java_com_graphics_NativeGraphics_nativeConvert565to8888
                0x0000d7f4       0x28 ./obj/local/armeabi-v7a/objs-debug/com_graphics_NativeGraphics/com_graphics_NativeGraphics.o
                0x0000d7f4                Java_com_graphics_NativeGraphics_nativeConvert565to8888
 .text.Java_com_graphics_NativeGraphics_nativeGetHSVBrightness
                0x0000d81c       0x2c ./obj/local/armeabi-v7a/objs-debug/com_graphics_NativeGraphics/com_graphics_NativeGraphics.o
                0x0000d81c                Java_com_graphics_NativeGraphics_nativeGetHSVBrightness
 .text.Java_com_graphics_NativeGraphics_nativeGetHSVBrightnessHorizontally
                0x0000d848       0x2c ./obj/local/armeabi-v7a/objs-debug/com_graphics_NativeGraphics/com_graphics_NativeGraphics.o
                0x0000d848                Java_com_graphics_NativeGraphics_nativeGetHSVBrightnessHorizontally
 .text.Java_com_graphics_NativeGraphics_nativeSobel
                0x0000d874       0x30 ./obj/local/armeabi-v7a/objs-debug/com_graphics_NativeGraphics/com_graphics_NativeGraphics.o
                0x0000d874                Java_com_graphics_NativeGraphics_nativeSobel
 .text.Java_com_graphics_NativeGraphics_nativeFullEdgeDetector
                0x0000d8a4       0x2c ./obj/local/armeabi-v7a/objs-debug/com_graphics_NativeGraphics/com_graphics_NativeGraphics.o
                0x0000d8a4                Java_com_graphics_NativeGraphics_nativeFullEdgeDetector
 .text          0x0000d8d0        0x0 ./obj/local/armeabi-v7a/objs-debug/com_graphics_NativeGraphics/graphics_core.o
 .text._ZN7_JNIEnv19GetIntArrayElementsEP10_jintArrayPh
                0x0000d8d0       0x24 ./obj/local/armeabi-v7a/objs-debug/com_graphics_NativeGraphics/graphics_core.o
                0x0000d8d0                _ZN7_JNIEnv19GetIntArrayElementsEP10_jintArrayPh
 .text._ZN7_JNIEnv19SetFloatArrayRegionEP12_jfloatArrayiiPKf
                0x0000d8f4       0x28 ./obj/local/armeabi-v7a/objs-debug/com_graphics_NativeGraphics/graphics_core.o
                0x0000d8f4                _ZN7_JNIEnv19SetFloatArrayRegionEP12_jfloatArrayiiPKf
 .text.abs      0x0000d91c       0x14 ./obj/local/armeabi-v7a/objs-debug/com_graphics_NativeGraphics/graphics_core.o
 .text._ZN14GraphicsCoreNS12GraphicsCoreC2Ev
                0x0000d930        0xc ./obj/local/armeabi-v7a/objs-debug/com_graphics_NativeGraphics/graphics_core.o
                0x0000d930                _ZN14GraphicsCoreNS12GraphicsCoreC2Ev
 .text._ZN14GraphicsCoreNS12GraphicsCoreC1Ev
                0x0000d93c        0xc ./obj/local/armeabi-v7a/objs-debug/com_graphics_NativeGraphics/graphics_core.o
                0x0000d93c                _ZN14GraphicsCoreNS12GraphicsCoreC1Ev
 .text._ZN14GraphicsCoreNS12GraphicsCore16fullEdgeDetectorEP7_JNIEnvP7_jclassP8_jobjectS6_
                0x0000d948      0x838 ./obj/local/armeabi-v7a/objs-debug/com_graphics_NativeGraphics/graphics_core.o
                0x0000d948                _ZN14GraphicsCoreNS12GraphicsCore16fullEdgeDetectorEP7_JNIEnvP7_jclassP8_jobjectS6_
 .text._ZN14GraphicsCoreNS12GraphicsCore25HSVBrightnessHorizontallyEP7_JNIEnvP7_jclassP8_jobjectP12_jfloatArray
                0x0000e180      0x3b8 ./obj/local/armeabi-v7a/objs-debug/com_graphics_NativeGraphics/graphics_core.o
                0x0000e180                _ZN14GraphicsCoreNS12GraphicsCore25HSVBrightnessHorizontallyEP7_JNIEnvP7_jclassP8_jobjectP12_jfloatArray
 .text._ZN14GraphicsCoreNS12GraphicsCore5sobelEP7_JNIEnvP7_jclassP8_jobjectS6_P10_jintArray
                0x0000e538      0x25c ./obj/local/armeabi-v7a/objs-debug/com_graphics_NativeGraphics/graphics_core.o
                0x0000e538                _ZN14GraphicsCoreNS12GraphicsCore5sobelEP7_JNIEnvP7_jclassP8_jobjectS6_P10_jintArray
 .text._ZN14GraphicsCoreNS12GraphicsCore15processSobelArrEPiiiPjS2_
                0x0000e794      0x360 ./obj/local/armeabi-v7a/objs-debug/com_graphics_NativeGraphics/graphics_core.o
                0x0000e794                _ZN14GraphicsCoreNS12GraphicsCore15processSobelArrEPiiiPjS2_
 *fill*         0x0000eaf4        0x4 00000000
 .text._ZN14GraphicsCoreNS12GraphicsCore13HSVBrightnessEP7_JNIEnvP7_jclassP8_jobjectP12_jfloatArray
                0x0000eaf8      0x390 ./obj/local/armeabi-v7a/objs-debug/com_graphics_NativeGraphics/graphics_core.o
                0x0000eaf8                _ZN14GraphicsCoreNS12GraphicsCore13HSVBrightnessEP7_JNIEnvP7_jclassP8_jobjectP12_jfloatArray
 .text._ZN14GraphicsCoreNS12GraphicsCore16adaptiveTresholdEP7_JNIEnvP7_jclassP8_jobjectS6_
                0x0000ee88      0x384 ./obj/local/armeabi-v7a/objs-debug/com_graphics_NativeGraphics/graphics_core.o
                0x0000ee88                _ZN14GraphicsCoreNS12GraphicsCore16adaptiveTresholdEP7_JNIEnvP7_jclassP8_jobjectS6_
 .text._ZN14GraphicsCoreNS12GraphicsCore8tresholdEP7_JNIEnvP7_jclassP8_jobjectS6_h
                0x0000f20c      0x310 ./obj/local/armeabi-v7a/objs-debug/com_graphics_NativeGraphics/graphics_core.o
                0x0000f20c                _ZN14GraphicsCoreNS12GraphicsCore8tresholdEP7_JNIEnvP7_jclassP8_jobjectS6_h
 .text._ZN14GraphicsCoreNS12GraphicsCore16convert565to8888EP7_JNIEnvP8_jobjectS4_
                0x0000f51c      0x2cc ./obj/local/armeabi-v7a/objs-debug/com_graphics_NativeGraphics/graphics_core.o
                0x0000f51c                _ZN14GraphicsCoreNS12GraphicsCore16convert565to8888EP7_JNIEnvP8_jobjectS4_
 .text._ZN14GraphicsCoreNS12GraphicsCore8convolveEP7_JNIEnvP8_jobjectS4_P10_jintArrayhhhh
                0x0000f7e8      0xc40 ./obj/local/armeabi-v7a/objs-debug/com_graphics_NativeGraphics/graphics_core.o
                0x0000f7e8                _ZN14GraphicsCoreNS12GraphicsCore8convolveEP7_JNIEnvP8_jobjectS4_P10_jintArrayhhhh
 .text._ZN14GraphicsCoreNS12GraphicsCore8RGBtoHSVEdddPdS1_S1_
                0x00010428      0x188 ./obj/local/armeabi-v7a/objs-debug/com_graphics_NativeGraphics/graphics_core.o
                0x00010428                _ZN14GraphicsCoreNS12GraphicsCore8RGBtoHSVEdddPdS1_S1_
 .text._ZN14GraphicsCoreNS12GraphicsCore16sobelFilterTexasEPjiiS1_i
                0x000105b0      0x194 ./obj/local/armeabi-v7a/objs-debug/com_graphics_NativeGraphics/graphics_core.o
                0x000105b0                _ZN14GraphicsCoreNS12GraphicsCore16sobelFilterTexasEPjiiS1_i
 .text._ZNSaIiEC1Ev
                0x00010744       0x18 ./obj/local/armeabi-v7a/objs-debug/com_graphics_NativeGraphics/graphics_core.o
                0x00010744                _ZNSaIiEC1Ev
 .text._ZNSaIiED2Ev
                0x0001075c       0x18 ./obj/local/armeabi-v7a/objs-debug/com_graphics_NativeGraphics/graphics_core.o
                0x0001075c                _ZNSaIiED2Ev
 .text._ZNSaIiED1Ev
                0x00010774       0x18 ./obj/local/armeabi-v7a/objs-debug/com_graphics_NativeGraphics/graphics_core.o
                0x00010774                _ZNSaIiED1Ev
 .text._ZNSt6vectorIiSaIiEEC1EjRKiRKS0_
                0x0001078c       0x48 ./obj/local/armeabi-v7a/objs-debug/com_graphics_NativeGraphics/graphics_core.o
                0x0001078c                _ZNSt6vectorIiSaIiEEC1EjRKiRKS0_
 .text._ZNSt6vectorIiSaIiEED1Ev
                0x000107d4       0x4c ./obj/local/armeabi-v7a/objs-debug/com_graphics_NativeGraphics/graphics_core.o
                0x000107d4                _ZNSt6vectorIiSaIiEED1Ev
 .text._ZNSt6vectorIiSaIiEEixEj
                0x00010820       0x18 ./obj/local/armeabi-v7a/objs-debug/com_graphics_NativeGraphics/graphics_core.o
                0x00010820                _ZNSt6vectorIiSaIiEEixEj
 .text._ZN9__gnu_cxx13new_allocatorIiEC2Ev
                0x00010838        0xc ./obj/local/armeabi-v7a/objs-debug/com_graphics_NativeGraphics/graphics_core.o
                0x00010838                _ZN9__gnu_cxx13new_allocatorIiEC2Ev
 .text._ZN9__gnu_cxx13new_allocatorIiED2Ev
                0x00010844        0xc ./obj/local/armeabi-v7a/objs-debug/com_graphics_NativeGraphics/graphics_core.o
                0x00010844                _ZN9__gnu_cxx13new_allocatorIiED2Ev
 .text._ZNSt12_Vector_baseIiSaIiEE12_Vector_implD1Ev
                0x00010850       0x18 ./obj/local/armeabi-v7a/objs-debug/com_graphics_NativeGraphics/graphics_core.o
                0x00010850                _ZNSt12_Vector_baseIiSaIiEE12_Vector_implD1Ev
 .text._ZNSt12_Vector_baseIiSaIiEEC2EjRKS0_
                0x00010868       0x5c ./obj/local/armeabi-v7a/objs-debug/com_graphics_NativeGraphics/graphics_core.o
                0x00010868                _ZNSt12_Vector_baseIiSaIiEEC2EjRKS0_
 .text._ZNSt12_Vector_baseIiSaIiEED2Ev
                0x000108c4       0x50 ./obj/local/armeabi-v7a/objs-debug/com_graphics_NativeGraphics/graphics_core.o
                0x000108c4                _ZNSt12_Vector_baseIiSaIiEED2Ev
 .text._ZNSt6vectorIiSaIiEE18_M_fill_initializeEjRKi
                0x00010914       0x30 ./obj/local/armeabi-v7a/objs-debug/com_graphics_NativeGraphics/graphics_core.o
                0x00010914                _ZNSt6vectorIiSaIiEE18_M_fill_initializeEjRKi
 .text._ZNSt12_Vector_baseIiSaIiEE19_M_get_Tp_allocatorEv
                0x00010944        0xc ./obj/local/armeabi-v7a/objs-debug/com_graphics_NativeGraphics/graphics_core.o
                0x00010944                _ZNSt12_Vector_baseIiSaIiEE19_M_get_Tp_allocatorEv
 .text._ZSt8_DestroyIPiiEvT_S1_RSaIT0_E
                0x00010950       0x18 ./obj/local/armeabi-v7a/objs-debug/com_graphics_NativeGraphics/graphics_core.o
                0x00010950                _ZSt8_DestroyIPiiEvT_S1_RSaIT0_E
 .text._ZNSt12_Vector_baseIiSaIiEE12_Vector_implC1ERKS0_
                0x00010968       0x34 ./obj/local/armeabi-v7a/objs-debug/com_graphics_NativeGraphics/graphics_core.o
                0x00010968                _ZNSt12_Vector_baseIiSaIiEE12_Vector_implC1ERKS0_
 .text._ZNSt12_Vector_baseIiSaIiEE11_M_allocateEj
                0x0001099c       0x2c ./obj/local/armeabi-v7a/objs-debug/com_graphics_NativeGraphics/graphics_core.o
                0x0001099c                _ZNSt12_Vector_baseIiSaIiEE11_M_allocateEj
 .text._ZNSt12_Vector_baseIiSaIiEE13_M_deallocateEPij
                0x000109c8       0x20 ./obj/local/armeabi-v7a/objs-debug/com_graphics_NativeGraphics/graphics_core.o
                0x000109c8                _ZNSt12_Vector_baseIiSaIiEE13_M_deallocateEPij
 .text._ZSt24__uninitialized_fill_n_aIPijiiEvT_T0_RKT1_RSaIT2_E
                0x000109e8       0x1c ./obj/local/armeabi-v7a/objs-debug/com_graphics_NativeGraphics/graphics_core.o
                0x000109e8                _ZSt24__uninitialized_fill_n_aIPijiiEvT_T0_RKT1_RSaIT2_E
 .text._ZSt8_DestroyIPiEvT_S1_
                0x00010a04       0x14 ./obj/local/armeabi-v7a/objs-debug/com_graphics_NativeGraphics/graphics_core.o
                0x00010a04                _ZSt8_DestroyIPiEvT_S1_
 .text._ZNSaIiEC2ERKS_
                0x00010a18       0x1c ./obj/local/armeabi-v7a/objs-debug/com_graphics_NativeGraphics/graphics_core.o
                0x00010a18                _ZNSaIiEC2ERKS_
 .text._ZN9__gnu_cxx13new_allocatorIiE8allocateEjPKv
                0x00010a34       0x44 ./obj/local/armeabi-v7a/objs-debug/com_graphics_NativeGraphics/graphics_core.o
                0x00010a34                _ZN9__gnu_cxx13new_allocatorIiE8allocateEjPKv
 .text._ZN9__gnu_cxx13new_allocatorIiE10deallocateEPij
                0x00010a78       0x14 ./obj/local/armeabi-v7a/objs-debug/com_graphics_NativeGraphics/graphics_core.o
                0x00010a78                _ZN9__gnu_cxx13new_allocatorIiE10deallocateEPij
 .text._ZSt20uninitialized_fill_nIPijiEvT_T0_RKT1_
                0x00010a8c       0x18 ./obj/local/armeabi-v7a/objs-debug/com_graphics_NativeGraphics/graphics_core.o
                0x00010a8c                _ZSt20uninitialized_fill_nIPijiEvT_T0_RKT1_
 .text._ZNSt12_Destroy_auxILb1EE9__destroyIPiEEvT_S3_
                0x00010aa4        0xc ./obj/local/armeabi-v7a/objs-debug/com_graphics_NativeGraphics/graphics_core.o
                0x00010aa4                _ZNSt12_Destroy_auxILb1EE9__destroyIPiEEvT_S3_
 .text._ZN9__gnu_cxx13new_allocatorIiEC2ERKS1_
                0x00010ab0       0x10 ./obj/local/armeabi-v7a/objs-debug/com_graphics_NativeGraphics/graphics_core.o
                0x00010ab0                _ZN9__gnu_cxx13new_allocatorIiEC2ERKS1_
 .text._ZNK9__gnu_cxx13new_allocatorIiE8max_sizeEv
                0x00010ac0       0x10 ./obj/local/armeabi-v7a/objs-debug/com_graphics_NativeGraphics/graphics_core.o
                0x00010ac0                _ZNK9__gnu_cxx13new_allocatorIiE8max_sizeEv
 .text._ZNSt22__uninitialized_fill_nILb1EE20uninitialized_fill_nIPijiEEvT_T0_RKT1_
                0x00010ad0       0x18 ./obj/local/armeabi-v7a/objs-debug/com_graphics_NativeGraphics/graphics_core.o
                0x00010ad0                _ZNSt22__uninitialized_fill_nILb1EE20uninitialized_fill_nIPijiEEvT_T0_RKT1_
 .text._ZSt6fill_nIPijiET_S1_T0_RKT1_
                0x00010ae8       0x24 ./obj/local/armeabi-v7a/objs-debug/com_graphics_NativeGraphics/graphics_core.o
                0x00010ae8                _ZSt6fill_nIPijiET_S1_T0_RKT1_
 .text._ZNSt12__niter_baseIPiLb0EE3__bES0_
                0x00010b0c        0xc ./obj/local/armeabi-v7a/objs-debug/com_graphics_NativeGraphics/graphics_core.o
                0x00010b0c                _ZNSt12__niter_baseIPiLb0EE3__bES0_
 .text._ZSt10__fill_n_aIPijiEN9__gnu_cxx11__enable_ifIXsrSt11__is_scalarIT1_E7__valueET_E6__typeES6_T0_RKS4_
                0x00010b18       0x40 ./obj/local/armeabi-v7a/objs-debug/com_graphics_NativeGraphics/graphics_core.o
                0x00010b18                _ZSt10__fill_n_aIPijiEN9__gnu_cxx11__enable_ifIXsrSt11__is_scalarIT1_E7__valueET_E6__typeES6_T0_RKS4_
 .text          0x00010b58        0x0 ./obj/local/armeabi-v7a/objs-debug/com_graphics_NativeGraphics/HoughTransformation.o
 .text._ZnwjPv  0x00010b58       0x10 ./obj/local/armeabi-v7a/objs-debug/com_graphics_NativeGraphics/HoughTransformation.o
                0x00010b58                _ZnwjPv
 .text._ZdlPvS_
                0x00010b68        0xc ./obj/local/armeabi-v7a/objs-debug/com_graphics_NativeGraphics/HoughTransformation.o
                0x00010b68                _ZdlPvS_
 .text._ZN14GraphicsCoreNS5PointC1Ev
                0x00010b74       0x14 ./obj/local/armeabi-v7a/objs-debug/com_graphics_NativeGraphics/HoughTransformation.o
                0x00010b74                _ZN14GraphicsCoreNS5PointC1Ev
 .text._ZN14GraphicsCoreNS5PointC1Eii
                0x00010b88       0x24 ./obj/local/armeabi-v7a/objs-debug/com_graphics_NativeGraphics/HoughTransformation.o
                0x00010b88                _ZN14GraphicsCoreNS5PointC1Eii
 .text._ZN14GraphicsCoreNS5PointeqEb
                0x00010bac       0x28 ./obj/local/armeabi-v7a/objs-debug/com_graphics_NativeGraphics/HoughTransformation.o
                0x00010bac                _ZN14GraphicsCoreNS5PointeqEb
 .text._ZN14GraphicsCoreNS19HoughTransformationC2EP7_JNIEnvP7_jclassP8_jobject
                0x00010bd4      0x348 ./obj/local/armeabi-v7a/objs-debug/com_graphics_NativeGraphics/HoughTransformation.o
                0x00010bd4                _ZN14GraphicsCoreNS19HoughTransformationC2EP7_JNIEnvP7_jclassP8_jobject
 .text._ZN14GraphicsCoreNS19HoughTransformationC1EP7_JNIEnvP7_jclassP8_jobject
                0x00010f1c      0x348 ./obj/local/armeabi-v7a/objs-debug/com_graphics_NativeGraphics/HoughTransformation.o
                0x00010f1c                _ZN14GraphicsCoreNS19HoughTransformationC1EP7_JNIEnvP7_jclassP8_jobject
 .text._ZN14GraphicsCoreNS19HoughTransformationD2Ev
                0x00011264       0x1c ./obj/local/armeabi-v7a/objs-debug/com_graphics_NativeGraphics/HoughTransformation.o
                0x00011264                _ZN14GraphicsCoreNS19HoughTransformationD2Ev
 .text._ZN14GraphicsCoreNS19HoughTransformationD1Ev
                0x00011280       0x1c ./obj/local/armeabi-v7a/objs-debug/com_graphics_NativeGraphics/HoughTransformation.o
                0x00011280                _ZN14GraphicsCoreNS19HoughTransformationD1Ev
 .text._ZN14GraphicsCoreNS19HoughTransformation7addLineEiif
                0x0001129c      0x134 ./obj/local/armeabi-v7a/objs-debug/com_graphics_NativeGraphics/HoughTransformation.o
                0x0001129c                _ZN14GraphicsCoreNS19HoughTransformation7addLineEiif
 .text._ZN14GraphicsCoreNS19HoughTransformation11getMaxValueEv
                0x000113d0       0xb8 ./obj/local/armeabi-v7a/objs-debug/com_graphics_NativeGraphics/HoughTransformation.o
                0x000113d0                _ZN14GraphicsCoreNS19HoughTransformation11getMaxValueEv
 .text._ZN14GraphicsCoreNS19HoughTransformation15computeMaxPointEv
                0x00011488       0xd0 ./obj/local/armeabi-v7a/objs-debug/com_graphics_NativeGraphics/HoughTransformation.o
                0x00011488                _ZN14GraphicsCoreNS19HoughTransformation15computeMaxPointEv
 .text._ZN14GraphicsCoreNS19HoughTransformation11getMaxPointEv
                0x00011558       0x48 ./obj/local/armeabi-v7a/objs-debug/com_graphics_NativeGraphics/HoughTransformation.o
                0x00011558                _ZN14GraphicsCoreNS19HoughTransformation11getMaxPointEv
 .text._ZN14GraphicsCoreNS19HoughTransformation15getAverageValueEv
                0x000115a0       0xb4 ./obj/local/armeabi-v7a/objs-debug/com_graphics_NativeGraphics/HoughTransformation.o
                0x000115a0                _ZN14GraphicsCoreNS19HoughTransformation15getAverageValueEv
 *fill*         0x00011654        0x4 00000000
 .text._ZN14GraphicsCoreNS19HoughTransformation6renderEii
                0x00011658      0x1a8 ./obj/local/armeabi-v7a/objs-debug/com_graphics_NativeGraphics/HoughTransformation.o
                0x00011658                _ZN14GraphicsCoreNS19HoughTransformation6renderEii
 .text._ZN14GraphicsCoreNS19HoughTransformation9transformEv
                0x00011800       0x24 ./obj/local/armeabi-v7a/objs-debug/com_graphics_NativeGraphics/HoughTransformation.o
                0x00011800                _ZN14GraphicsCoreNS19HoughTransformation9transformEv
 .text._ZNSt6vectorIS_IjSaIjEESaIS1_EEC1Ev
                0x00011824       0x18 ./obj/local/armeabi-v7a/objs-debug/com_graphics_NativeGraphics/HoughTransformation.o
                0x00011824                _ZNSt6vectorIS_IjSaIjEESaIS1_EEC1Ev
 .text._ZNSt6vectorIS_IjSaIjEESaIS1_EED1Ev
                0x0001183c       0x4c ./obj/local/armeabi-v7a/objs-debug/com_graphics_NativeGraphics/HoughTransformation.o
                0x0001183c                _ZNSt6vectorIS_IjSaIjEESaIS1_EED1Ev
 .text._ZNSaIjEC1Ev
                0x00011888       0x18 ./obj/local/armeabi-v7a/objs-debug/com_graphics_NativeGraphics/HoughTransformation.o
                0x00011888                _ZNSaIjEC1Ev
 .text._ZNSaIjED2Ev
                0x000118a0       0x18 ./obj/local/armeabi-v7a/objs-debug/com_graphics_NativeGraphics/HoughTransformation.o
                0x000118a0                _ZNSaIjED2Ev
 .text._ZNSaIjED1Ev
                0x000118b8       0x18 ./obj/local/armeabi-v7a/objs-debug/com_graphics_NativeGraphics/HoughTransformation.o
                0x000118b8                _ZNSaIjED1Ev
 .text._ZNSt6vectorIjSaIjEEC1EjRKjRKS0_
                0x000118d0       0x48 ./obj/local/armeabi-v7a/objs-debug/com_graphics_NativeGraphics/HoughTransformation.o
                0x000118d0                _ZNSt6vectorIjSaIjEEC1EjRKjRKS0_
 .text._ZNSt6vectorIjSaIjEED1Ev
                0x00011918       0x4c ./obj/local/armeabi-v7a/objs-debug/com_graphics_NativeGraphics/HoughTransformation.o
                0x00011918                _ZNSt6vectorIjSaIjEED1Ev
 .text._ZNSaISt6vectorIjSaIjEEEC2Ev
                0x00011964       0x18 ./obj/local/armeabi-v7a/objs-debug/com_graphics_NativeGraphics/HoughTransformation.o
                0x00011964                _ZNSaISt6vectorIjSaIjEEEC2Ev
 .text._ZNSaISt6vectorIjSaIjEEEC1Ev
                0x0001197c       0x18 ./obj/local/armeabi-v7a/objs-debug/com_graphics_NativeGraphics/HoughTransformation.o
                0x0001197c                _ZNSaISt6vectorIjSaIjEEEC1Ev
 .text._ZNSaISt6vectorIjSaIjEEED2Ev
                0x00011994       0x18 ./obj/local/armeabi-v7a/objs-debug/com_graphics_NativeGraphics/HoughTransformation.o
                0x00011994                _ZNSaISt6vectorIjSaIjEEED2Ev
 .text._ZNSaISt6vectorIjSaIjEEED1Ev
                0x000119ac       0x18 ./obj/local/armeabi-v7a/objs-debug/com_graphics_NativeGraphics/HoughTransformation.o
                0x000119ac                _ZNSaISt6vectorIjSaIjEEED1Ev
 .text._ZNSt6vectorIS_IjSaIjEESaIS1_EEC1EjRKS1_RKS2_
                0x000119c4       0x48 ./obj/local/armeabi-v7a/objs-debug/com_graphics_NativeGraphics/HoughTransformation.o
                0x000119c4                _ZNSt6vectorIS_IjSaIjEESaIS1_EEC1EjRKS1_RKS2_
 .text._ZNSt6vectorIS_IjSaIjEESaIS1_EEaSERKS3_
                0x00011a0c      0x1a8 ./obj/local/armeabi-v7a/objs-debug/com_graphics_NativeGraphics/HoughTransformation.o
                0x00011a0c                _ZNSt6vectorIS_IjSaIjEESaIS1_EEaSERKS3_
 .text._ZNSt6vectorIS_IjSaIjEESaIS1_EE5clearEv
                0x00011bb4       0x18 ./obj/local/armeabi-v7a/objs-debug/com_graphics_NativeGraphics/HoughTransformation.o
                0x00011bb4                _ZNSt6vectorIS_IjSaIjEESaIS1_EE5clearEv
 .text._ZNSt6vectorIS_IjSaIjEESaIS1_EEixEj
                0x00011bcc       0x20 ./obj/local/armeabi-v7a/objs-debug/com_graphics_NativeGraphics/HoughTransformation.o
                0x00011bcc                _ZNSt6vectorIS_IjSaIjEESaIS1_EEixEj
 .text._ZNSt6vectorIjSaIjEEixEj
                0x00011bec       0x18 ./obj/local/armeabi-v7a/objs-debug/com_graphics_NativeGraphics/HoughTransformation.o
                0x00011bec                _ZNSt6vectorIjSaIjEEixEj
 .text._ZNSt12_Vector_baseISt6vectorIjSaIjEESaIS2_EE12_Vector_implD1Ev
                0x00011c04       0x18 ./obj/local/armeabi-v7a/objs-debug/com_graphics_NativeGraphics/HoughTransformation.o
                0x00011c04                _ZNSt12_Vector_baseISt6vectorIjSaIjEESaIS2_EE12_Vector_implD1Ev
 .text._ZNSt12_Vector_baseISt6vectorIjSaIjEESaIS2_EEC2Ev
                0x00011c1c       0x18 ./obj/local/armeabi-v7a/objs-debug/com_graphics_NativeGraphics/HoughTransformation.o
                0x00011c1c                _ZNSt12_Vector_baseISt6vectorIjSaIjEESaIS2_EEC2Ev
 .text._ZNSt12_Vector_baseISt6vectorIjSaIjEESaIS2_EED2Ev
                0x00011c34       0x6c ./obj/local/armeabi-v7a/objs-debug/com_graphics_NativeGraphics/HoughTransformation.o
                0x00011c34                _ZNSt12_Vector_baseISt6vectorIjSaIjEESaIS2_EED2Ev
 .text._ZNSt12_Vector_baseISt6vectorIjSaIjEESaIS2_EE19_M_get_Tp_allocatorEv
                0x00011ca0        0xc ./obj/local/armeabi-v7a/objs-debug/com_graphics_NativeGraphics/HoughTransformation.o
                0x00011ca0                _ZNSt12_Vector_baseISt6vectorIjSaIjEESaIS2_EE19_M_get_Tp_allocatorEv
 .text._ZSt8_DestroyIPSt6vectorIjSaIjEES2_EvT_S4_RSaIT0_E
                0x00011cac       0x18 ./obj/local/armeabi-v7a/objs-debug/com_graphics_NativeGraphics/HoughTransformation.o
                0x00011cac                _ZSt8_DestroyIPSt6vectorIjSaIjEES2_EvT_S4_RSaIT0_E
 .text._ZN9__gnu_cxx13new_allocatorIjEC2Ev
                0x00011cc4        0xc ./obj/local/armeabi-v7a/objs-debug/com_graphics_NativeGraphics/HoughTransformation.o
                0x00011cc4                _ZN9__gnu_cxx13new_allocatorIjEC2Ev
 .text._ZN9__gnu_cxx13new_allocatorIjED2Ev
                0x00011cd0        0xc ./obj/local/armeabi-v7a/objs-debug/com_graphics_NativeGraphics/HoughTransformation.o
                0x00011cd0                _ZN9__gnu_cxx13new_allocatorIjED2Ev
 .text._ZNSt12_Vector_baseIjSaIjEE12_Vector_implD1Ev
                0x00011cdc       0x18 ./obj/local/armeabi-v7a/objs-debug/com_graphics_NativeGraphics/HoughTransformation.o
                0x00011cdc                _ZNSt12_Vector_baseIjSaIjEE12_Vector_implD1Ev
 .text._ZNSt12_Vector_baseIjSaIjEEC2EjRKS0_
                0x00011cf4       0x5c ./obj/local/armeabi-v7a/objs-debug/com_graphics_NativeGraphics/HoughTransformation.o
                0x00011cf4                _ZNSt12_Vector_baseIjSaIjEEC2EjRKS0_
 .text._ZNSt12_Vector_baseIjSaIjEED2Ev
                0x00011d50       0x50 ./obj/local/armeabi-v7a/objs-debug/com_graphics_NativeGraphics/HoughTransformation.o
                0x00011d50                _ZNSt12_Vector_baseIjSaIjEED2Ev
 .text._ZNSt6vectorIjSaIjEE18_M_fill_initializeEjRKj
                0x00011da0       0x30 ./obj/local/armeabi-v7a/objs-debug/com_graphics_NativeGraphics/HoughTransformation.o
                0x00011da0                _ZNSt6vectorIjSaIjEE18_M_fill_initializeEjRKj
 .text._ZNSt12_Vector_baseIjSaIjEE19_M_get_Tp_allocatorEv
                0x00011dd0        0xc ./obj/local/armeabi-v7a/objs-debug/com_graphics_NativeGraphics/HoughTransformation.o
                0x00011dd0                _ZNSt12_Vector_baseIjSaIjEE19_M_get_Tp_allocatorEv
 .text._ZSt8_DestroyIPjjEvT_S1_RSaIT0_E
                0x00011ddc       0x18 ./obj/local/armeabi-v7a/objs-debug/com_graphics_NativeGraphics/HoughTransformation.o
                0x00011ddc                _ZSt8_DestroyIPjjEvT_S1_RSaIT0_E
 .text._ZN9__gnu_cxx13new_allocatorISt6vectorIjSaIjEEEC2Ev
                0x00011df4        0xc ./obj/local/armeabi-v7a/objs-debug/com_graphics_NativeGraphics/HoughTransformation.o
                0x00011df4                _ZN9__gnu_cxx13new_allocatorISt6vectorIjSaIjEEEC2Ev
 .text._ZN9__gnu_cxx13new_allocatorISt6vectorIjSaIjEEED2Ev
                0x00011e00        0xc ./obj/local/armeabi-v7a/objs-debug/com_graphics_NativeGraphics/HoughTransformation.o
                0x00011e00                _ZN9__gnu_cxx13new_allocatorISt6vectorIjSaIjEEED2Ev
 .text._ZNSt12_Vector_baseISt6vectorIjSaIjEESaIS2_EEC2EjRKS3_
                0x00011e0c       0x64 ./obj/local/armeabi-v7a/objs-debug/com_graphics_NativeGraphics/HoughTransformation.o
                0x00011e0c                _ZNSt12_Vector_baseISt6vectorIjSaIjEESaIS2_EEC2EjRKS3_
 .text._ZNSt6vectorIS_IjSaIjEESaIS1_EE18_M_fill_initializeEjRKS1_
                0x00011e70       0x30 ./obj/local/armeabi-v7a/objs-debug/com_graphics_NativeGraphics/HoughTransformation.o
                0x00011e70                _ZNSt6vectorIS_IjSaIjEESaIS1_EE18_M_fill_initializeEjRKS1_
 .text._ZNKSt6vectorIS_IjSaIjEESaIS1_EE4sizeEv
                0x00011ea0       0x3c ./obj/local/armeabi-v7a/objs-debug/com_graphics_NativeGraphics/HoughTransformation.o
                0x00011ea0                _ZNKSt6vectorIS_IjSaIjEESaIS1_EE4sizeEv
 .text._ZNKSt6vectorIS_IjSaIjEESaIS1_EE8capacityEv
                0x00011edc       0x3c ./obj/local/armeabi-v7a/objs-debug/com_graphics_NativeGraphics/HoughTransformation.o
                0x00011edc                _ZNKSt6vectorIS_IjSaIjEESaIS1_EE8capacityEv
 .text._ZNKSt6vectorIS_IjSaIjEESaIS1_EE5beginEv
                0x00011f18       0x20 ./obj/local/armeabi-v7a/objs-debug/com_graphics_NativeGraphics/HoughTransformation.o
                0x00011f18                _ZNKSt6vectorIS_IjSaIjEESaIS1_EE5beginEv
 .text._ZNKSt6vectorIS_IjSaIjEESaIS1_EE3endEv
                0x00011f38       0x20 ./obj/local/armeabi-v7a/objs-debug/com_graphics_NativeGraphics/HoughTransformation.o
                0x00011f38                _ZNKSt6vectorIS_IjSaIjEESaIS1_EE3endEv
 .text._ZNSt6vectorIS_IjSaIjEESaIS1_EE20_M_allocate_and_copyIN9__gnu_cxx17__normal_iteratorIPKS1_S3_EEEEPS1_jT_SB_
                0x00011f58       0x68 ./obj/local/armeabi-v7a/objs-debug/com_graphics_NativeGraphics/HoughTransformation.o
                0x00011f58                _ZNSt6vectorIS_IjSaIjEESaIS1_EE20_M_allocate_and_copyIN9__gnu_cxx17__normal_iteratorIPKS1_S3_EEEEPS1_jT_SB_
 .text._ZNSt12_Vector_baseISt6vectorIjSaIjEESaIS2_EE13_M_deallocateEPS2_j
                0x00011fc0       0x20 ./obj/local/armeabi-v7a/objs-debug/com_graphics_NativeGraphics/HoughTransformation.o
                0x00011fc0                _ZNSt12_Vector_baseISt6vectorIjSaIjEESaIS2_EE13_M_deallocateEPS2_j
 .text._ZNSt6vectorIS_IjSaIjEESaIS1_EE5beginEv
                0x00011fe0       0x1c ./obj/local/armeabi-v7a/objs-debug/com_graphics_NativeGraphics/HoughTransformation.o
                0x00011fe0                _ZNSt6vectorIS_IjSaIjEESaIS1_EE5beginEv
 .text._ZSt4copyIN9__gnu_cxx17__normal_iteratorIPKSt6vectorIjSaIjEES2_IS4_SaIS4_EEEENS1_IPS4_S8_EEET0_T_SD_SC_
                0x00011ffc       0x2c ./obj/local/armeabi-v7a/objs-debug/com_graphics_NativeGraphics/HoughTransformation.o
                0x00011ffc                _ZSt4copyIN9__gnu_cxx17__normal_iteratorIPKSt6vectorIjSaIjEES2_IS4_SaIS4_EEEENS1_IPS4_S8_EEET0_T_SD_SC_
 .text._ZNSt6vectorIS_IjSaIjEESaIS1_EE3endEv
                0x00012028       0x20 ./obj/local/armeabi-v7a/objs-debug/com_graphics_NativeGraphics/HoughTransformation.o
                0x00012028                _ZNSt6vectorIS_IjSaIjEESaIS1_EE3endEv
 .text._ZSt8_DestroyIN9__gnu_cxx17__normal_iteratorIPSt6vectorIjSaIjEES2_IS4_SaIS4_EEEES4_EvT_S9_RSaIT0_E
                0x00012048       0x18 ./obj/local/armeabi-v7a/objs-debug/com_graphics_NativeGraphics/HoughTransformation.o
                0x00012048                _ZSt8_DestroyIN9__gnu_cxx17__normal_iteratorIPSt6vectorIjSaIjEES2_IS4_SaIS4_EEEES4_EvT_S9_RSaIT0_E
 .text._ZSt4copyIPSt6vectorIjSaIjEES3_ET0_T_S5_S4_
                0x00012060       0x2c ./obj/local/armeabi-v7a/objs-debug/com_graphics_NativeGraphics/HoughTransformation.o
                0x00012060                _ZSt4copyIPSt6vectorIjSaIjEES3_ET0_T_S5_S4_
 .text._ZSt22__uninitialized_copy_aIPSt6vectorIjSaIjEES3_S2_ET0_T_S5_S4_RSaIT1_E
                0x0001208c       0x20 ./obj/local/armeabi-v7a/objs-debug/com_graphics_NativeGraphics/HoughTransformation.o
                0x0001208c                _ZSt22__uninitialized_copy_aIPSt6vectorIjSaIjEES3_S2_ET0_T_S5_S4_RSaIT1_E
 .text._ZNSt6vectorIS_IjSaIjEESaIS1_EE15_M_erase_at_endEPS1_
                0x000120ac       0x2c ./obj/local/armeabi-v7a/objs-debug/com_graphics_NativeGraphics/HoughTransformation.o
                0x000120ac                _ZNSt6vectorIS_IjSaIjEESaIS1_EE15_M_erase_at_endEPS1_
 .text._ZNSt12_Vector_baseISt6vectorIjSaIjEESaIS2_EE12_Vector_implC1Ev
                0x000120d8       0x30 ./obj/local/armeabi-v7a/objs-debug/com_graphics_NativeGraphics/HoughTransformation.o
                0x000120d8                _ZNSt12_Vector_baseISt6vectorIjSaIjEESaIS2_EE12_Vector_implC1Ev
 .text._ZSt8_DestroyIPSt6vectorIjSaIjEEEvT_S4_
                0x00012108       0x14 ./obj/local/armeabi-v7a/objs-debug/com_graphics_NativeGraphics/HoughTransformation.o
                0x00012108                _ZSt8_DestroyIPSt6vectorIjSaIjEEEvT_S4_
 .text._ZNSt12_Vector_baseIjSaIjEE12_Vector_implC1ERKS0_
                0x0001211c       0x34 ./obj/local/armeabi-v7a/objs-debug/com_graphics_NativeGraphics/HoughTransformation.o
                0x0001211c                _ZNSt12_Vector_baseIjSaIjEE12_Vector_implC1ERKS0_
 .text._ZNSt12_Vector_baseIjSaIjEE11_M_allocateEj
                0x00012150       0x2c ./obj/local/armeabi-v7a/objs-debug/com_graphics_NativeGraphics/HoughTransformation.o
                0x00012150                _ZNSt12_Vector_baseIjSaIjEE11_M_allocateEj
 .text._ZNSt12_Vector_baseIjSaIjEE13_M_deallocateEPjj
                0x0001217c       0x20 ./obj/local/armeabi-v7a/objs-debug/com_graphics_NativeGraphics/HoughTransformation.o
                0x0001217c                _ZNSt12_Vector_baseIjSaIjEE13_M_deallocateEPjj
 .text._ZSt24__uninitialized_fill_n_aIPjjjjEvT_T0_RKT1_RSaIT2_E
                0x0001219c       0x1c ./obj/local/armeabi-v7a/objs-debug/com_graphics_NativeGraphics/HoughTransformation.o
                0x0001219c                _ZSt24__uninitialized_fill_n_aIPjjjjEvT_T0_RKT1_RSaIT2_E
 .text._ZSt8_DestroyIPjEvT_S1_
                0x000121b8       0x14 ./obj/local/armeabi-v7a/objs-debug/com_graphics_NativeGraphics/HoughTransformation.o
                0x000121b8                _ZSt8_DestroyIPjEvT_S1_
 .text._ZNSt12_Vector_baseISt6vectorIjSaIjEESaIS2_EE12_Vector_implC1ERKS3_
                0x000121cc       0x34 ./obj/local/armeabi-v7a/objs-debug/com_graphics_NativeGraphics/HoughTransformation.o
                0x000121cc                _ZNSt12_Vector_baseISt6vectorIjSaIjEESaIS2_EE12_Vector_implC1ERKS3_
 .text._ZNSt12_Vector_baseISt6vectorIjSaIjEESaIS2_EE11_M_allocateEj
                0x00012200       0x2c ./obj/local/armeabi-v7a/objs-debug/com_graphics_NativeGraphics/HoughTransformation.o
                0x00012200                _ZNSt12_Vector_baseISt6vectorIjSaIjEESaIS2_EE11_M_allocateEj
 .text._ZSt24__uninitialized_fill_n_aIPSt6vectorIjSaIjEEjS2_S2_EvT_T0_RKT1_RSaIT2_E
                0x0001222c       0x1c ./obj/local/armeabi-v7a/objs-debug/com_graphics_NativeGraphics/HoughTransformation.o
                0x0001222c                _ZSt24__uninitialized_fill_n_aIPSt6vectorIjSaIjEEjS2_S2_EvT_T0_RKT1_RSaIT2_E
 .text._ZN9__gnu_cxx17__normal_iteratorIPKSt6vectorIjSaIjEES1_IS3_SaIS3_EEEC1ERKS5_
                0x00012248       0x18 ./obj/local/armeabi-v7a/objs-debug/com_graphics_NativeGraphics/HoughTransformation.o
                0x00012248                _ZN9__gnu_cxx17__normal_iteratorIPKSt6vectorIjSaIjEES1_IS3_SaIS3_EEEC1ERKS5_
 .text._ZSt22__uninitialized_copy_aIN9__gnu_cxx17__normal_iteratorIPKSt6vectorIjSaIjEES2_IS4_SaIS4_EEEEPS4_S4_ET0_T_SC_SB_RSaIT1_E
                0x00012260       0x20 ./obj/local/armeabi-v7a/objs-debug/com_graphics_NativeGraphics/HoughTransformation.o
                0x00012260                _ZSt22__uninitialized_copy_aIN9__gnu_cxx17__normal_iteratorIPKSt6vectorIjSaIjEES2_IS4_SaIS4_EEEEPS4_S4_ET0_T_SC_SB_RSaIT1_E
 .text._ZN9__gnu_cxx13new_allocatorISt6vectorIjSaIjEEE10deallocateEPS3_j
                0x00012280       0x14 ./obj/local/armeabi-v7a/objs-debug/com_graphics_NativeGraphics/HoughTransformation.o
                0x00012280                _ZN9__gnu_cxx13new_allocatorISt6vectorIjSaIjEEE10deallocateEPS3_j
 .text._ZN9__gnu_cxx17__normal_iteratorIPSt6vectorIjSaIjEES1_IS3_SaIS3_EEEC1ERKS4_
                0x00012294       0x18 ./obj/local/armeabi-v7a/objs-debug/com_graphics_NativeGraphics/HoughTransformation.o
                0x00012294                _ZN9__gnu_cxx17__normal_iteratorIPSt6vectorIjSaIjEES1_IS3_SaIS3_EEEC1ERKS4_
 .text._ZNSt12__miter_baseIN9__gnu_cxx17__normal_iteratorIPKSt6vectorIjSaIjEES2_IS4_SaIS4_EEEELb0EE3__bES9_
                0x000122ac        0xc ./obj/local/armeabi-v7a/objs-debug/com_graphics_NativeGraphics/HoughTransformation.o
                0x000122ac                _ZNSt12__miter_baseIN9__gnu_cxx17__normal_iteratorIPKSt6vectorIjSaIjEES2_IS4_SaIS4_EEEELb0EE3__bES9_
 .text._ZSt14__copy_move_a2ILb0EN9__gnu_cxx17__normal_iteratorIPKSt6vectorIjSaIjEES2_IS4_SaIS4_EEEENS1_IPS4_S8_EEET1_T0_SD_SC_
                0x000122b8       0x44 ./obj/local/armeabi-v7a/objs-debug/com_graphics_NativeGraphics/HoughTransformation.o
                0x000122b8                _ZSt14__copy_move_a2ILb0EN9__gnu_cxx17__normal_iteratorIPKSt6vectorIjSaIjEES2_IS4_SaIS4_EEEENS1_IPS4_S8_EEET1_T0_SD_SC_
 .text._ZSt8_DestroyIN9__gnu_cxx17__normal_iteratorIPSt6vectorIjSaIjEES2_IS4_SaIS4_EEEEEvT_S9_
                0x000122fc       0x14 ./obj/local/armeabi-v7a/objs-debug/com_graphics_NativeGraphics/HoughTransformation.o
                0x000122fc                _ZSt8_DestroyIN9__gnu_cxx17__normal_iteratorIPSt6vectorIjSaIjEES2_IS4_SaIS4_EEEEEvT_S9_
 .text._ZNSt12__miter_baseIPSt6vectorIjSaIjEELb0EE3__bES3_
                0x00012310        0xc ./obj/local/armeabi-v7a/objs-debug/com_graphics_NativeGraphics/HoughTransformation.o
                0x00012310                _ZNSt12__miter_baseIPSt6vectorIjSaIjEELb0EE3__bES3_
 .text._ZSt14__copy_move_a2ILb0EPSt6vectorIjSaIjEES3_ET1_T0_S5_S4_
                0x0001231c       0x34 ./obj/local/armeabi-v7a/objs-debug/com_graphics_NativeGraphics/HoughTransformation.o
                0x0001231c                _ZSt14__copy_move_a2ILb0EPSt6vectorIjSaIjEES3_ET1_T0_S5_S4_
 .text._ZSt18uninitialized_copyIPSt6vectorIjSaIjEES3_ET0_T_S5_S4_
                0x00012350       0x1c ./obj/local/armeabi-v7a/objs-debug/com_graphics_NativeGraphics/HoughTransformation.o
                0x00012350                _ZSt18uninitialized_copyIPSt6vectorIjSaIjEES3_ET0_T_S5_S4_
 .text._ZNSt12_Destroy_auxILb0EE9__destroyIPSt6vectorIjSaIjEEEEvT_S6_
                0x0001236c       0x30 ./obj/local/armeabi-v7a/objs-debug/com_graphics_NativeGraphics/HoughTransformation.o
                0x0001236c                _ZNSt12_Destroy_auxILb0EE9__destroyIPSt6vectorIjSaIjEEEEvT_S6_
 .text._ZNSaIjEC2ERKS_
                0x0001239c       0x1c ./obj/local/armeabi-v7a/objs-debug/com_graphics_NativeGraphics/HoughTransformation.o
                0x0001239c                _ZNSaIjEC2ERKS_
 .text._ZN9__gnu_cxx13new_allocatorIjE8allocateEjPKv
                0x000123b8       0x44 ./obj/local/armeabi-v7a/objs-debug/com_graphics_NativeGraphics/HoughTransformation.o
                0x000123b8                _ZN9__gnu_cxx13new_allocatorIjE8allocateEjPKv
 .text._ZN9__gnu_cxx13new_allocatorIjE10deallocateEPjj
                0x000123fc       0x14 ./obj/local/armeabi-v7a/objs-debug/com_graphics_NativeGraphics/HoughTransformation.o
                0x000123fc                _ZN9__gnu_cxx13new_allocatorIjE10deallocateEPjj
 .text._ZSt20uninitialized_fill_nIPjjjEvT_T0_RKT1_
                0x00012410       0x18 ./obj/local/armeabi-v7a/objs-debug/com_graphics_NativeGraphics/HoughTransformation.o
                0x00012410                _ZSt20uninitialized_fill_nIPjjjEvT_T0_RKT1_
 .text._ZNSt12_Destroy_auxILb1EE9__destroyIPjEEvT_S3_
                0x00012428        0xc ./obj/local/armeabi-v7a/objs-debug/com_graphics_NativeGraphics/HoughTransformation.o
                0x00012428                _ZNSt12_Destroy_auxILb1EE9__destroyIPjEEvT_S3_
 .text._ZNSaISt6vectorIjSaIjEEEC2ERKS2_
                0x00012434       0x1c ./obj/local/armeabi-v7a/objs-debug/com_graphics_NativeGraphics/HoughTransformation.o
                0x00012434                _ZNSaISt6vectorIjSaIjEEEC2ERKS2_
 .text._ZN9__gnu_cxx13new_allocatorISt6vectorIjSaIjEEE8allocateEjPKv
                0x00012450       0x4c ./obj/local/armeabi-v7a/objs-debug/com_graphics_NativeGraphics/HoughTransformation.o
                0x00012450                _ZN9__gnu_cxx13new_allocatorISt6vectorIjSaIjEEE8allocateEjPKv
 .text._ZSt20uninitialized_fill_nIPSt6vectorIjSaIjEEjS2_EvT_T0_RKT1_
                0x0001249c       0x18 ./obj/local/armeabi-v7a/objs-debug/com_graphics_NativeGraphics/HoughTransformation.o
                0x0001249c                _ZSt20uninitialized_fill_nIPSt6vectorIjSaIjEEjS2_EvT_T0_RKT1_
 .text._ZSt18uninitialized_copyIN9__gnu_cxx17__normal_iteratorIPKSt6vectorIjSaIjEES2_IS4_SaIS4_EEEEPS4_ET0_T_SC_SB_
                0x000124b4       0x1c ./obj/local/armeabi-v7a/objs-debug/com_graphics_NativeGraphics/HoughTransformation.o
                0x000124b4                _ZSt18uninitialized_copyIN9__gnu_cxx17__normal_iteratorIPKSt6vectorIjSaIjEES2_IS4_SaIS4_EEEEPS4_ET0_T_SC_SB_
 .text._ZNSt12__niter_baseIN9__gnu_cxx17__normal_iteratorIPKSt6vectorIjSaIjEES2_IS4_SaIS4_EEEELb1EE3__bES9_
                0x000124d0       0x18 ./obj/local/armeabi-v7a/objs-debug/com_graphics_NativeGraphics/HoughTransformation.o
                0x000124d0                _ZNSt12__niter_baseIN9__gnu_cxx17__normal_iteratorIPKSt6vectorIjSaIjEES2_IS4_SaIS4_EEEELb1EE3__bES9_
 .text._ZNSt12__niter_baseIN9__gnu_cxx17__normal_iteratorIPSt6vectorIjSaIjEES2_IS4_SaIS4_EEEELb1EE3__bES8_
                0x000124e8       0x18 ./obj/local/armeabi-v7a/objs-debug/com_graphics_NativeGraphics/HoughTransformation.o
                0x000124e8                _ZNSt12__niter_baseIN9__gnu_cxx17__normal_iteratorIPSt6vectorIjSaIjEES2_IS4_SaIS4_EEEELb1EE3__bES8_
 .text._ZSt13__copy_move_aILb0EPKSt6vectorIjSaIjEEPS2_ET1_T0_S7_S6_
                0x00012500       0x24 ./obj/local/armeabi-v7a/objs-debug/com_graphics_NativeGraphics/HoughTransformation.o
                0x00012500                _ZSt13__copy_move_aILb0EPKSt6vectorIjSaIjEEPS2_ET1_T0_S7_S6_
 .text._ZNSt12_Destroy_auxILb0EE9__destroyIN9__gnu_cxx17__normal_iteratorIPSt6vectorIjSaIjEES4_IS6_SaIS6_EEEEEEvT_SB_
                0x00012524       0x38 ./obj/local/armeabi-v7a/objs-debug/com_graphics_NativeGraphics/HoughTransformation.o
                0x00012524                _ZNSt12_Destroy_auxILb0EE9__destroyIN9__gnu_cxx17__normal_iteratorIPSt6vectorIjSaIjEES4_IS6_SaIS6_EEEEEEvT_SB_
 .text._ZNSt12__niter_baseIPSt6vectorIjSaIjEELb0EE3__bES3_
                0x0001255c        0xc ./obj/local/armeabi-v7a/objs-debug/com_graphics_NativeGraphics/HoughTransformation.o
                0x0001255c                _ZNSt12__niter_baseIPSt6vectorIjSaIjEELb0EE3__bES3_
 .text._ZSt13__copy_move_aILb0EPSt6vectorIjSaIjEES3_ET1_T0_S5_S4_
                0x00012568       0x24 ./obj/local/armeabi-v7a/objs-debug/com_graphics_NativeGraphics/HoughTransformation.o
                0x00012568                _ZSt13__copy_move_aILb0EPSt6vectorIjSaIjEES3_ET1_T0_S5_S4_
 .text._ZNSt20__uninitialized_copyILb0EE18uninitialized_copyIPSt6vectorIjSaIjEES5_EET0_T_S7_S6_
                0x0001258c       0x9c ./obj/local/armeabi-v7a/objs-debug/com_graphics_NativeGraphics/HoughTransformation.o
                0x0001258c                _ZNSt20__uninitialized_copyILb0EE18uninitialized_copyIPSt6vectorIjSaIjEES5_EET0_T_S7_S6_
 .text._ZSt8_DestroyISt6vectorIjSaIjEEEvPT_
                0x00012628       0x10 ./obj/local/armeabi-v7a/objs-debug/com_graphics_NativeGraphics/HoughTransformation.o
                0x00012628                _ZSt8_DestroyISt6vectorIjSaIjEEEvPT_
 .text._ZN9__gnu_cxx13new_allocatorIjEC2ERKS1_
                0x00012638       0x10 ./obj/local/armeabi-v7a/objs-debug/com_graphics_NativeGraphics/HoughTransformation.o
                0x00012638                _ZN9__gnu_cxx13new_allocatorIjEC2ERKS1_
 .text._ZNK9__gnu_cxx13new_allocatorIjE8max_sizeEv
                0x00012648       0x10 ./obj/local/armeabi-v7a/objs-debug/com_graphics_NativeGraphics/HoughTransformation.o
                0x00012648                _ZNK9__gnu_cxx13new_allocatorIjE8max_sizeEv
 .text._ZNSt22__uninitialized_fill_nILb1EE20uninitialized_fill_nIPjjjEEvT_T0_RKT1_
                0x00012658       0x18 ./obj/local/armeabi-v7a/objs-debug/com_graphics_NativeGraphics/HoughTransformation.o
                0x00012658                _ZNSt22__uninitialized_fill_nILb1EE20uninitialized_fill_nIPjjjEEvT_T0_RKT1_
 .text._ZN9__gnu_cxx13new_allocatorISt6vectorIjSaIjEEEC2ERKS4_
                0x00012670       0x10 ./obj/local/armeabi-v7a/objs-debug/com_graphics_NativeGraphics/HoughTransformation.o
                0x00012670                _ZN9__gnu_cxx13new_allocatorISt6vectorIjSaIjEEEC2ERKS4_
 .text._ZNK9__gnu_cxx13new_allocatorISt6vectorIjSaIjEEE8max_sizeEv
                0x00012680       0x14 ./obj/local/armeabi-v7a/objs-debug/com_graphics_NativeGraphics/HoughTransformation.o
                0x00012680                _ZNK9__gnu_cxx13new_allocatorISt6vectorIjSaIjEEE8max_sizeEv
 .text._ZNSt22__uninitialized_fill_nILb0EE20uninitialized_fill_nIPSt6vectorIjSaIjEEjS4_EEvT_T0_RKT1_
                0x00012694       0x6c ./obj/local/armeabi-v7a/objs-debug/com_graphics_NativeGraphics/HoughTransformation.o
                0x00012694                _ZNSt22__uninitialized_fill_nILb0EE20uninitialized_fill_nIPSt6vectorIjSaIjEEjS4_EEvT_T0_RKT1_
 .text._ZNSt20__uninitialized_copyILb0EE18uninitialized_copyIN9__gnu_cxx17__normal_iteratorIPKSt6vectorIjSaIjEES4_IS6_SaIS6_EEEEPS6_EET0_T_SE_SD_
                0x00012700       0xac ./obj/local/armeabi-v7a/objs-debug/com_graphics_NativeGraphics/HoughTransformation.o
                0x00012700                _ZNSt20__uninitialized_copyILb0EE18uninitialized_copyIN9__gnu_cxx17__normal_iteratorIPKSt6vectorIjSaIjEES4_IS6_SaIS6_EEEEPS6_EET0_T_SE_SD_
 .text._ZNK9__gnu_cxx17__normal_iteratorIPKSt6vectorIjSaIjEES1_IS3_SaIS3_EEE4baseEv
                0x000127ac        0xc ./obj/local/armeabi-v7a/objs-debug/com_graphics_NativeGraphics/HoughTransformation.o
                0x000127ac                _ZNK9__gnu_cxx17__normal_iteratorIPKSt6vectorIjSaIjEES1_IS3_SaIS3_EEE4baseEv
 .text._ZNK9__gnu_cxx17__normal_iteratorIPSt6vectorIjSaIjEES1_IS3_SaIS3_EEE4baseEv
                0x000127b8        0xc ./obj/local/armeabi-v7a/objs-debug/com_graphics_NativeGraphics/HoughTransformation.o
                0x000127b8                _ZNK9__gnu_cxx17__normal_iteratorIPSt6vectorIjSaIjEES1_IS3_SaIS3_EEE4baseEv
 .text._ZNSt11__copy_moveILb0ELb0ESt26random_access_iterator_tagE8__copy_mIPKSt6vectorIjSaIjEEPS5_EET0_T_SA_S9_
                0x000127c4       0x70 ./obj/local/armeabi-v7a/objs-debug/com_graphics_NativeGraphics/HoughTransformation.o
                0x000127c4                _ZNSt11__copy_moveILb0ELb0ESt26random_access_iterator_tagE8__copy_mIPKSt6vectorIjSaIjEEPS5_EET0_T_SA_S9_
 .text._ZN9__gnu_cxxneIPSt6vectorIjSaIjEES1_IS3_SaIS3_EEEEbRKNS_17__normal_iteratorIT_T0_EESC_
                0x00012834       0x2c ./obj/local/armeabi-v7a/objs-debug/com_graphics_NativeGraphics/HoughTransformation.o
                0x00012834                _ZN9__gnu_cxxneIPSt6vectorIjSaIjEES1_IS3_SaIS3_EEEEbRKNS_17__normal_iteratorIT_T0_EESC_
 .text._ZN9__gnu_cxx17__normal_iteratorIPSt6vectorIjSaIjEES1_IS3_SaIS3_EEEppEv
                0x00012860       0x18 ./obj/local/armeabi-v7a/objs-debug/com_graphics_NativeGraphics/HoughTransformation.o
                0x00012860                _ZN9__gnu_cxx17__normal_iteratorIPSt6vectorIjSaIjEES1_IS3_SaIS3_EEEppEv
 .text._ZNK9__gnu_cxx17__normal_iteratorIPSt6vectorIjSaIjEES1_IS3_SaIS3_EEEdeEv
                0x00012878       0x10 ./obj/local/armeabi-v7a/objs-debug/com_graphics_NativeGraphics/HoughTransformation.o
                0x00012878                _ZNK9__gnu_cxx17__normal_iteratorIPSt6vectorIjSaIjEES1_IS3_SaIS3_EEEdeEv
 .text._ZNSt11__copy_moveILb0ELb0ESt26random_access_iterator_tagE8__copy_mIPSt6vectorIjSaIjEES6_EET0_T_S8_S7_
                0x00012888       0x70 ./obj/local/armeabi-v7a/objs-debug/com_graphics_NativeGraphics/HoughTransformation.o
                0x00012888                _ZNSt11__copy_moveILb0ELb0ESt26random_access_iterator_tagE8__copy_mIPSt6vectorIjSaIjEES6_EET0_T_S8_S7_
 .text._ZNSt6vectorIjSaIjEEC1ERKS1_
                0x000128f8       0x78 ./obj/local/armeabi-v7a/objs-debug/com_graphics_NativeGraphics/HoughTransformation.o
                0x000128f8                _ZNSt6vectorIjSaIjEEC1ERKS1_
 .text._ZSt6fill_nIPjjjET_S1_T0_RKT1_
                0x00012970       0x24 ./obj/local/armeabi-v7a/objs-debug/com_graphics_NativeGraphics/HoughTransformation.o
                0x00012970                _ZSt6fill_nIPjjjET_S1_T0_RKT1_
 .text._ZSt10_ConstructISt6vectorIjSaIjEES2_EvPT_RKT0_
                0x00012994       0x48 ./obj/local/armeabi-v7a/objs-debug/com_graphics_NativeGraphics/HoughTransformation.o
                0x00012994                _ZSt10_ConstructISt6vectorIjSaIjEES2_EvPT_RKT0_
 .text._ZN9__gnu_cxxneIPKSt6vectorIjSaIjEES1_IS3_SaIS3_EEEEbRKNS_17__normal_iteratorIT_T0_EESD_
                0x000129dc       0x2c ./obj/local/armeabi-v7a/objs-debug/com_graphics_NativeGraphics/HoughTransformation.o
                0x000129dc                _ZN9__gnu_cxxneIPKSt6vectorIjSaIjEES1_IS3_SaIS3_EEEEbRKNS_17__normal_iteratorIT_T0_EESD_
 .text._ZN9__gnu_cxx17__normal_iteratorIPKSt6vectorIjSaIjEES1_IS3_SaIS3_EEEppEv
                0x00012a08       0x18 ./obj/local/armeabi-v7a/objs-debug/com_graphics_NativeGraphics/HoughTransformation.o
                0x00012a08                _ZN9__gnu_cxx17__normal_iteratorIPKSt6vectorIjSaIjEES1_IS3_SaIS3_EEEppEv
 .text._ZNK9__gnu_cxx17__normal_iteratorIPKSt6vectorIjSaIjEES1_IS3_SaIS3_EEEdeEv
                0x00012a20       0x10 ./obj/local/armeabi-v7a/objs-debug/com_graphics_NativeGraphics/HoughTransformation.o
                0x00012a20                _ZNK9__gnu_cxx17__normal_iteratorIPKSt6vectorIjSaIjEES1_IS3_SaIS3_EEEdeEv
 .text._ZNSt6vectorIjSaIjEEaSERKS1_
                0x00012a30      0x16c ./obj/local/armeabi-v7a/objs-debug/com_graphics_NativeGraphics/HoughTransformation.o
                0x00012a30                _ZNSt6vectorIjSaIjEEaSERKS1_
 .text._ZNKSt6vectorIjSaIjEE4sizeEv
                0x00012b9c       0x1c ./obj/local/armeabi-v7a/objs-debug/com_graphics_NativeGraphics/HoughTransformation.o
                0x00012b9c                _ZNKSt6vectorIjSaIjEE4sizeEv
 .text._ZNKSt12_Vector_baseIjSaIjEE19_M_get_Tp_allocatorEv
                0x00012bb8        0xc ./obj/local/armeabi-v7a/objs-debug/com_graphics_NativeGraphics/HoughTransformation.o
                0x00012bb8                _ZNKSt12_Vector_baseIjSaIjEE19_M_get_Tp_allocatorEv
 .text._ZNKSt6vectorIjSaIjEE5beginEv
                0x00012bc4       0x20 ./obj/local/armeabi-v7a/objs-debug/com_graphics_NativeGraphics/HoughTransformation.o
                0x00012bc4                _ZNKSt6vectorIjSaIjEE5beginEv
 .text._ZNKSt6vectorIjSaIjEE3endEv
                0x00012be4       0x20 ./obj/local/armeabi-v7a/objs-debug/com_graphics_NativeGraphics/HoughTransformation.o
                0x00012be4                _ZNKSt6vectorIjSaIjEE3endEv
 .text._ZSt22__uninitialized_copy_aIN9__gnu_cxx17__normal_iteratorIPKjSt6vectorIjSaIjEEEEPjjET0_T_SA_S9_RSaIT1_E
                0x00012c04       0x20 ./obj/local/armeabi-v7a/objs-debug/com_graphics_NativeGraphics/HoughTransformation.o
                0x00012c04                _ZSt22__uninitialized_copy_aIN9__gnu_cxx17__normal_iteratorIPKjSt6vectorIjSaIjEEEEPjjET0_T_SA_S9_RSaIT1_E
 .text._ZNSt12__niter_baseIPjLb0EE3__bES0_
                0x00012c24        0xc ./obj/local/armeabi-v7a/objs-debug/com_graphics_NativeGraphics/HoughTransformation.o
                0x00012c24                _ZNSt12__niter_baseIPjLb0EE3__bES0_
 .text._ZSt10__fill_n_aIPjjjEN9__gnu_cxx11__enable_ifIXsrSt11__is_scalarIT1_E7__valueET_E6__typeES6_T0_RKS4_
                0x00012c30       0x40 ./obj/local/armeabi-v7a/objs-debug/com_graphics_NativeGraphics/HoughTransformation.o
                0x00012c30                _ZSt10__fill_n_aIPjjjEN9__gnu_cxx11__enable_ifIXsrSt11__is_scalarIT1_E7__valueET_E6__typeES6_T0_RKS4_
 .text._ZNKSt6vectorIjSaIjEE8capacityEv
                0x00012c70       0x1c ./obj/local/armeabi-v7a/objs-debug/com_graphics_NativeGraphics/HoughTransformation.o
                0x00012c70                _ZNKSt6vectorIjSaIjEE8capacityEv
 .text._ZNSt6vectorIjSaIjEE20_M_allocate_and_copyIN9__gnu_cxx17__normal_iteratorIPKjS1_EEEEPjjT_S9_
                0x00012c8c       0x68 ./obj/local/armeabi-v7a/objs-debug/com_graphics_NativeGraphics/HoughTransformation.o
                0x00012c8c                _ZNSt6vectorIjSaIjEE20_M_allocate_and_copyIN9__gnu_cxx17__normal_iteratorIPKjS1_EEEEPjjT_S9_
 .text._ZNSt6vectorIjSaIjEE5beginEv
                0x00012cf4       0x1c ./obj/local/armeabi-v7a/objs-debug/com_graphics_NativeGraphics/HoughTransformation.o
                0x00012cf4                _ZNSt6vectorIjSaIjEE5beginEv
 .text._ZSt4copyIN9__gnu_cxx17__normal_iteratorIPKjSt6vectorIjSaIjEEEENS1_IPjS6_EEET0_T_SB_SA_
                0x00012d10       0x2c ./obj/local/armeabi-v7a/objs-debug/com_graphics_NativeGraphics/HoughTransformation.o
                0x00012d10                _ZSt4copyIN9__gnu_cxx17__normal_iteratorIPKjSt6vectorIjSaIjEEEENS1_IPjS6_EEET0_T_SB_SA_
 .text._ZNSt6vectorIjSaIjEE3endEv
                0x00012d3c       0x20 ./obj/local/armeabi-v7a/objs-debug/com_graphics_NativeGraphics/HoughTransformation.o
                0x00012d3c                _ZNSt6vectorIjSaIjEE3endEv
 .text._ZSt8_DestroyIN9__gnu_cxx17__normal_iteratorIPjSt6vectorIjSaIjEEEEjEvT_S7_RSaIT0_E
                0x00012d5c       0x18 ./obj/local/armeabi-v7a/objs-debug/com_graphics_NativeGraphics/HoughTransformation.o
                0x00012d5c                _ZSt8_DestroyIN9__gnu_cxx17__normal_iteratorIPjSt6vectorIjSaIjEEEEjEvT_S7_RSaIT0_E
 .text._ZSt4copyIPjS0_ET0_T_S2_S1_
                0x00012d74       0x2c ./obj/local/armeabi-v7a/objs-debug/com_graphics_NativeGraphics/HoughTransformation.o
                0x00012d74                _ZSt4copyIPjS0_ET0_T_S2_S1_
 .text._ZSt22__uninitialized_copy_aIPjS0_jET0_T_S2_S1_RSaIT1_E
                0x00012da0       0x20 ./obj/local/armeabi-v7a/objs-debug/com_graphics_NativeGraphics/HoughTransformation.o
                0x00012da0                _ZSt22__uninitialized_copy_aIPjS0_jET0_T_S2_S1_RSaIT1_E
 .text._ZN9__gnu_cxx17__normal_iteratorIPKjSt6vectorIjSaIjEEEC1ERKS2_
                0x00012dc0       0x18 ./obj/local/armeabi-v7a/objs-debug/com_graphics_NativeGraphics/HoughTransformation.o
                0x00012dc0                _ZN9__gnu_cxx17__normal_iteratorIPKjSt6vectorIjSaIjEEEC1ERKS2_
 .text._ZSt18uninitialized_copyIN9__gnu_cxx17__normal_iteratorIPKjSt6vectorIjSaIjEEEEPjET0_T_SA_S9_
                0x00012dd8       0x1c ./obj/local/armeabi-v7a/objs-debug/com_graphics_NativeGraphics/HoughTransformation.o
                0x00012dd8                _ZSt18uninitialized_copyIN9__gnu_cxx17__normal_iteratorIPKjSt6vectorIjSaIjEEEEPjET0_T_SA_S9_
 .text._ZN9__gnu_cxx17__normal_iteratorIPjSt6vectorIjSaIjEEEC1ERKS1_
                0x00012df4       0x18 ./obj/local/armeabi-v7a/objs-debug/com_graphics_NativeGraphics/HoughTransformation.o
                0x00012df4                _ZN9__gnu_cxx17__normal_iteratorIPjSt6vectorIjSaIjEEEC1ERKS1_
 .text._ZNSt12__miter_baseIN9__gnu_cxx17__normal_iteratorIPKjSt6vectorIjSaIjEEEELb0EE3__bES7_
                0x00012e0c        0xc ./obj/local/armeabi-v7a/objs-debug/com_graphics_NativeGraphics/HoughTransformation.o
                0x00012e0c                _ZNSt12__miter_baseIN9__gnu_cxx17__normal_iteratorIPKjSt6vectorIjSaIjEEEELb0EE3__bES7_
 .text._ZSt14__copy_move_a2ILb0EN9__gnu_cxx17__normal_iteratorIPKjSt6vectorIjSaIjEEEENS1_IPjS6_EEET1_T0_SB_SA_
                0x00012e18       0x44 ./obj/local/armeabi-v7a/objs-debug/com_graphics_NativeGraphics/HoughTransformation.o
                0x00012e18                _ZSt14__copy_move_a2ILb0EN9__gnu_cxx17__normal_iteratorIPKjSt6vectorIjSaIjEEEENS1_IPjS6_EEET1_T0_SB_SA_
 .text._ZSt8_DestroyIN9__gnu_cxx17__normal_iteratorIPjSt6vectorIjSaIjEEEEEvT_S7_
                0x00012e5c       0x14 ./obj/local/armeabi-v7a/objs-debug/com_graphics_NativeGraphics/HoughTransformation.o
                0x00012e5c                _ZSt8_DestroyIN9__gnu_cxx17__normal_iteratorIPjSt6vectorIjSaIjEEEEEvT_S7_
 .text._ZNSt12__miter_baseIPjLb0EE3__bES0_
                0x00012e70        0xc ./obj/local/armeabi-v7a/objs-debug/com_graphics_NativeGraphics/HoughTransformation.o
                0x00012e70                _ZNSt12__miter_baseIPjLb0EE3__bES0_
 .text._ZSt14__copy_move_a2ILb0EPjS0_ET1_T0_S2_S1_
                0x00012e7c       0x34 ./obj/local/armeabi-v7a/objs-debug/com_graphics_NativeGraphics/HoughTransformation.o
                0x00012e7c                _ZSt14__copy_move_a2ILb0EPjS0_ET1_T0_S2_S1_
 .text._ZSt18uninitialized_copyIPjS0_ET0_T_S2_S1_
                0x00012eb0       0x1c ./obj/local/armeabi-v7a/objs-debug/com_graphics_NativeGraphics/HoughTransformation.o
                0x00012eb0                _ZSt18uninitialized_copyIPjS0_ET0_T_S2_S1_
 .text._ZNSt20__uninitialized_copyILb1EE18uninitialized_copyIN9__gnu_cxx17__normal_iteratorIPKjSt6vectorIjSaIjEEEEPjEET0_T_SC_SB_
                0x00012ecc       0x1c ./obj/local/armeabi-v7a/objs-debug/com_graphics_NativeGraphics/HoughTransformation.o
                0x00012ecc                _ZNSt20__uninitialized_copyILb1EE18uninitialized_copyIN9__gnu_cxx17__normal_iteratorIPKjSt6vectorIjSaIjEEEEPjEET0_T_SC_SB_
 .text._ZNSt12__niter_baseIN9__gnu_cxx17__normal_iteratorIPKjSt6vectorIjSaIjEEEELb1EE3__bES7_
                0x00012ee8       0x18 ./obj/local/armeabi-v7a/objs-debug/com_graphics_NativeGraphics/HoughTransformation.o
                0x00012ee8                _ZNSt12__niter_baseIN9__gnu_cxx17__normal_iteratorIPKjSt6vectorIjSaIjEEEELb1EE3__bES7_
 .text._ZNSt12__niter_baseIN9__gnu_cxx17__normal_iteratorIPjSt6vectorIjSaIjEEEELb1EE3__bES6_
                0x00012f00       0x18 ./obj/local/armeabi-v7a/objs-debug/com_graphics_NativeGraphics/HoughTransformation.o
                0x00012f00                _ZNSt12__niter_baseIN9__gnu_cxx17__normal_iteratorIPjSt6vectorIjSaIjEEEELb1EE3__bES6_
 .text._ZSt13__copy_move_aILb0EPKjPjET1_T0_S4_S3_
                0x00012f18       0x24 ./obj/local/armeabi-v7a/objs-debug/com_graphics_NativeGraphics/HoughTransformation.o
                0x00012f18                _ZSt13__copy_move_aILb0EPKjPjET1_T0_S4_S3_
 .text._ZNSt12_Destroy_auxILb1EE9__destroyIN9__gnu_cxx17__normal_iteratorIPjSt6vectorIjSaIjEEEEEEvT_S9_
                0x00012f3c        0xc ./obj/local/armeabi-v7a/objs-debug/com_graphics_NativeGraphics/HoughTransformation.o
                0x00012f3c                _ZNSt12_Destroy_auxILb1EE9__destroyIN9__gnu_cxx17__normal_iteratorIPjSt6vectorIjSaIjEEEEEEvT_S9_
 .text._ZSt13__copy_move_aILb0EPjS0_ET1_T0_S2_S1_
                0x00012f48       0x24 ./obj/local/armeabi-v7a/objs-debug/com_graphics_NativeGraphics/HoughTransformation.o
                0x00012f48                _ZSt13__copy_move_aILb0EPjS0_ET1_T0_S2_S1_
 .text._ZNSt20__uninitialized_copyILb1EE18uninitialized_copyIPjS2_EET0_T_S4_S3_
                0x00012f6c       0x1c ./obj/local/armeabi-v7a/objs-debug/com_graphics_NativeGraphics/HoughTransformation.o
                0x00012f6c                _ZNSt20__uninitialized_copyILb1EE18uninitialized_copyIPjS2_EET0_T_S4_S3_
 .text._ZSt4copyIN9__gnu_cxx17__normal_iteratorIPKjSt6vectorIjSaIjEEEEPjET0_T_SA_S9_
                0x00012f88       0x2c ./obj/local/armeabi-v7a/objs-debug/com_graphics_NativeGraphics/HoughTransformation.o
                0x00012f88                _ZSt4copyIN9__gnu_cxx17__normal_iteratorIPKjSt6vectorIjSaIjEEEEPjET0_T_SA_S9_
 .text._ZNK9__gnu_cxx17__normal_iteratorIPKjSt6vectorIjSaIjEEE4baseEv
                0x00012fb4        0xc ./obj/local/armeabi-v7a/objs-debug/com_graphics_NativeGraphics/HoughTransformation.o
                0x00012fb4                _ZNK9__gnu_cxx17__normal_iteratorIPKjSt6vectorIjSaIjEEE4baseEv
 .text._ZNK9__gnu_cxx17__normal_iteratorIPjSt6vectorIjSaIjEEE4baseEv
                0x00012fc0        0xc ./obj/local/armeabi-v7a/objs-debug/com_graphics_NativeGraphics/HoughTransformation.o
                0x00012fc0                _ZNK9__gnu_cxx17__normal_iteratorIPjSt6vectorIjSaIjEEE4baseEv
 .text._ZNSt11__copy_moveILb0ELb1ESt26random_access_iterator_tagE8__copy_mIjEEPT_PKS3_S6_S4_
                0x00012fcc       0x3c ./obj/local/armeabi-v7a/objs-debug/com_graphics_NativeGraphics/HoughTransformation.o
                0x00012fcc                _ZNSt11__copy_moveILb0ELb1ESt26random_access_iterator_tagE8__copy_mIjEEPT_PKS3_S6_S4_
 .text._ZSt14__copy_move_a2ILb0EN9__gnu_cxx17__normal_iteratorIPKjSt6vectorIjSaIjEEEEPjET1_T0_SA_S9_
                0x00013008       0x34 ./obj/local/armeabi-v7a/objs-debug/com_graphics_NativeGraphics/HoughTransformation.o
                0x00013008                _ZSt14__copy_move_a2ILb0EN9__gnu_cxx17__normal_iteratorIPKjSt6vectorIjSaIjEEEEPjET1_T0_SA_S9_
 .text          0x0001303c        0x0 ./obj/local/armeabi-v7a/libcpufeatures.a(cpu-features.o)
 .text.read_file
                0x0001303c       0x54 ./obj/local/armeabi-v7a/libcpufeatures.a(cpu-features.o)
 .text.extract_cpuinfo_field
                0x00013090      0x108 ./obj/local/armeabi-v7a/libcpufeatures.a(cpu-features.o)
 .text.count_cpuinfo_field
                0x00013198       0xbc ./obj/local/armeabi-v7a/libcpufeatures.a(cpu-features.o)
 .text.has_list_item
                0x00013254       0xa4 ./obj/local/armeabi-v7a/libcpufeatures.a(cpu-features.o)
 .text.android_cpuInit
                0x000132f8      0x4f4 ./obj/local/armeabi-v7a/libcpufeatures.a(cpu-features.o)
 .text.android_getCpuFamily
                0x000137ec       0x28 ./obj/local/armeabi-v7a/libcpufeatures.a(cpu-features.o)
                0x000137ec                android_getCpuFamily
 .text.android_getCpuFeatures
                0x00013814       0x2c ./obj/local/armeabi-v7a/libcpufeatures.a(cpu-features.o)
                0x00013814                android_getCpuFeatures
 .text.android_getCpuCount
                0x00013840       0x28 ./obj/local/armeabi-v7a/libcpufeatures.a(cpu-features.o)
                0x00013840                android_getCpuCount
 .text          0x00013868        0x0 ./obj/local/armeabi-v7a/libgnustl_static.a(functexcept.o)
 .text._ZSt18__throw_bad_typeidv
                0x00013868       0x4c ./obj/local/armeabi-v7a/libgnustl_static.a(functexcept.o)
                0x00013868                _ZSt18__throw_bad_typeidv
 .text._ZSt16__throw_bad_castv
                0x000138b4       0x4c ./obj/local/armeabi-v7a/libgnustl_static.a(functexcept.o)
                0x000138b4                _ZSt16__throw_bad_castv
 .text._ZSt17__throw_bad_allocv
                0x00013900       0x4c ./obj/local/armeabi-v7a/libgnustl_static.a(functexcept.o)
                0x00013900                _ZSt17__throw_bad_allocv
 .text._ZSt21__throw_bad_exceptionv
                0x0001394c       0x4c ./obj/local/armeabi-v7a/libgnustl_static.a(functexcept.o)
                0x0001394c                _ZSt21__throw_bad_exceptionv
 .text._ZNSt15underflow_errorD1Ev
                0x00013998       0x38 ./obj/local/armeabi-v7a/libgnustl_static.a(functexcept.o)
                0x00013998                _ZNSt15underflow_errorD1Ev
 .text._ZNSt14overflow_errorD1Ev
                0x000139d0       0x38 ./obj/local/armeabi-v7a/libgnustl_static.a(functexcept.o)
                0x000139d0                _ZNSt14overflow_errorD1Ev
 .text._ZNSt11range_errorD1Ev
                0x00013a08       0x38 ./obj/local/armeabi-v7a/libgnustl_static.a(functexcept.o)
                0x00013a08                _ZNSt11range_errorD1Ev
 .text._ZNSt12out_of_rangeD1Ev
                0x00013a40       0x38 ./obj/local/armeabi-v7a/libgnustl_static.a(functexcept.o)
                0x00013a40                _ZNSt12out_of_rangeD1Ev
 .text._ZNSt12length_errorD1Ev
                0x00013a78       0x38 ./obj/local/armeabi-v7a/libgnustl_static.a(functexcept.o)
                0x00013a78                _ZNSt12length_errorD1Ev
 .text._ZNSt16invalid_argumentD1Ev
                0x00013ab0       0x38 ./obj/local/armeabi-v7a/libgnustl_static.a(functexcept.o)
                0x00013ab0                _ZNSt16invalid_argumentD1Ev
 .text._ZNSt12domain_errorD1Ev
                0x00013ae8       0x38 ./obj/local/armeabi-v7a/libgnustl_static.a(functexcept.o)
                0x00013ae8                _ZNSt12domain_errorD1Ev
 .text._ZNSt15underflow_errorD0Ev
                0x00013b20       0x40 ./obj/local/armeabi-v7a/libgnustl_static.a(functexcept.o)
                0x00013b20                _ZNSt15underflow_errorD0Ev
 .text._ZNSt12domain_errorD0Ev
                0x00013b60       0x40 ./obj/local/armeabi-v7a/libgnustl_static.a(functexcept.o)
                0x00013b60                _ZNSt12domain_errorD0Ev
 .text._ZNSt16invalid_argumentD0Ev
                0x00013ba0       0x40 ./obj/local/armeabi-v7a/libgnustl_static.a(functexcept.o)
                0x00013ba0                _ZNSt16invalid_argumentD0Ev
 .text._ZNSt12length_errorD0Ev
                0x00013be0       0x40 ./obj/local/armeabi-v7a/libgnustl_static.a(functexcept.o)
                0x00013be0                _ZNSt12length_errorD0Ev
 .text._ZNSt12out_of_rangeD0Ev
                0x00013c20       0x40 ./obj/local/armeabi-v7a/libgnustl_static.a(functexcept.o)
                0x00013c20                _ZNSt12out_of_rangeD0Ev
 .text._ZNSt11range_errorD0Ev
                0x00013c60       0x40 ./obj/local/armeabi-v7a/libgnustl_static.a(functexcept.o)
                0x00013c60                _ZNSt11range_errorD0Ev
 .text._ZNSt14overflow_errorD0Ev
                0x00013ca0       0x40 ./obj/local/armeabi-v7a/libgnustl_static.a(functexcept.o)
                0x00013ca0                _ZNSt14overflow_errorD0Ev
 .text._ZSt19__throw_ios_failurePKc
                0x00013ce0       0xa4 ./obj/local/armeabi-v7a/libgnustl_static.a(functexcept.o)
                0x00013ce0                _ZSt19__throw_ios_failurePKc
 .text._ZSt20__throw_system_errori
                0x00013d84       0xfc ./obj/local/armeabi-v7a/libgnustl_static.a(functexcept.o)
                0x00013d84                _ZSt20__throw_system_errori
 .text._ZSt20__throw_domain_errorPKc
                0x00013e80       0xcc ./obj/local/armeabi-v7a/libgnustl_static.a(functexcept.o)
                0x00013e80                _ZSt20__throw_domain_errorPKc
 .text._ZSt24__throw_invalid_argumentPKc
                0x00013f4c       0xcc ./obj/local/armeabi-v7a/libgnustl_static.a(functexcept.o)
                0x00013f4c                _ZSt24__throw_invalid_argumentPKc
 .text._ZSt20__throw_length_errorPKc
                0x00014018       0xcc ./obj/local/armeabi-v7a/libgnustl_static.a(functexcept.o)
                0x00014018                _ZSt20__throw_length_errorPKc
 .text._ZSt21__throw_runtime_errorPKc
                0x000140e4       0xcc ./obj/local/armeabi-v7a/libgnustl_static.a(functexcept.o)
                0x000140e4                _ZSt21__throw_runtime_errorPKc
 .text._ZSt23__throw_underflow_errorPKc
                0x000141b0       0xcc ./obj/local/armeabi-v7a/libgnustl_static.a(functexcept.o)
                0x000141b0                _ZSt23__throw_underflow_errorPKc
 .text._ZSt19__throw_logic_errorPKc
                0x0001427c       0xcc ./obj/local/armeabi-v7a/libgnustl_static.a(functexcept.o)
                0x0001427c                _ZSt19__throw_logic_errorPKc
 .text._ZSt20__throw_out_of_rangePKc
                0x00014348       0xcc ./obj/local/armeabi-v7a/libgnustl_static.a(functexcept.o)
                0x00014348                _ZSt20__throw_out_of_rangePKc
 .text._ZSt22__throw_overflow_errorPKc
                0x00014414       0xcc ./obj/local/armeabi-v7a/libgnustl_static.a(functexcept.o)
                0x00014414                _ZSt22__throw_overflow_errorPKc
 .text._ZSt19__throw_range_errorPKc
                0x000144e0       0xcc ./obj/local/armeabi-v7a/libgnustl_static.a(functexcept.o)
                0x000144e0                _ZSt19__throw_range_errorPKc
 .text          0x000145ac        0x0 ./obj/local/armeabi-v7a/libgnustl_static.a(ios_failure.o)
 .text._ZNKSt8ios_base7failure4whatEv
                0x000145ac        0x8 ./obj/local/armeabi-v7a/libgnustl_static.a(ios_failure.o)
                0x000145ac                _ZNKSt8ios_base7failure4whatEv
 .text._ZNSt8ios_base7failureC1ERKSs
                0x000145b4       0x5c ./obj/local/armeabi-v7a/libgnustl_static.a(ios_failure.o)
                0x000145b4                _ZNSt8ios_base7failureC1ERKSs
 .text._ZNSt8ios_base7failureC2ERKSs
                0x00014610       0x5c ./obj/local/armeabi-v7a/libgnustl_static.a(ios_failure.o)
                0x00014610                _ZNSt8ios_base7failureC2ERKSs
 .text._ZNSt8ios_base7failureD2Ev
                0x0001466c       0xa8 ./obj/local/armeabi-v7a/libgnustl_static.a(ios_failure.o)
                0x0001466c                _ZNSt8ios_base7failureD2Ev
 .text._ZNSt8ios_base7failureD1Ev
                0x00014714       0xa8 ./obj/local/armeabi-v7a/libgnustl_static.a(ios_failure.o)
                0x00014714                _ZNSt8ios_base7failureD1Ev
 .text._ZNSt8ios_base7failureD0Ev
                0x000147bc       0x1c ./obj/local/armeabi-v7a/libgnustl_static.a(ios_failure.o)