Archive member included because of file (symbol)

./obj/local/armeabi-v7a/libcpufeatures.a(cpu-features.o)
                              ./obj/local/armeabi-v7a/objs-debug/com_graphics_NativeGraphics/graphics_core.o (android_getCpuFamily)
/Users/azhdanov/work/android-ndk-r7/toolchains/arm-linux-androideabi-4.4.3/prebuilt/darwin-x86/bin/../lib/gcc/arm-linux-androideabi/4.4.3/libgcc.a(unwind-arm.o)
                              ./obj/local/armeabi-v7a/objs-debug/com_graphics_NativeGraphics/com_graphics_NativeGraphics.o (__aeabi_unwind_cpp_pr0)
/Users/azhdanov/work/android-ndk-r7/toolchains/arm-linux-androideabi-4.4.3/prebuilt/darwin-x86/bin/../lib/gcc/arm-linux-androideabi/4.4.3/libgcc.a(libunwind.o)
                              /Users/azhdanov/work/android-ndk-r7/toolchains/arm-linux-androideabi-4.4.3/prebuilt/darwin-x86/bin/../lib/gcc/arm-linux-androideabi/4.4.3/libgcc.a(unwind-arm.o) (restore_core_regs)
/Users/azhdanov/work/android-ndk-r7/toolchains/arm-linux-androideabi-4.4.3/prebuilt/darwin-x86/bin/../lib/gcc/arm-linux-androideabi/4.4.3/libgcc.a(pr-support.o)
                              /Users/azhdanov/work/android-ndk-r7/toolchains/arm-linux-androideabi-4.4.3/prebuilt/darwin-x86/bin/../lib/gcc/arm-linux-androideabi/4.4.3/libgcc.a(unwind-arm.o) (__gnu_unwind_execute)
/Users/azhdanov/work/android-ndk-r7/sources/cxx-stl/gnu-libstdc++/libs/armeabi-v7a/libsupc++.a(eh_arm.o)
                              ./obj/local/armeabi-v7a/objs-debug/com_graphics_NativeGraphics/graphics_core.o (__cxa_end_cleanup)
/Users/azhdanov/work/android-ndk-r7/sources/cxx-stl/gnu-libstdc++/libs/armeabi-v7a/libsupc++.a(eh_aux_runtime.o)
                              /Users/azhdanov/work/android-ndk-r7/sources/cxx-stl/gnu-libstdc++/libs/armeabi-v7a/libsupc++.a(eh_arm.o) (__cxa_bad_typeid)
/Users/azhdanov/work/android-ndk-r7/sources/cxx-stl/gnu-libstdc++/libs/armeabi-v7a/libsupc++.a(eh_exception.o)
                              /Users/azhdanov/work/android-ndk-r7/sources/cxx-stl/gnu-libstdc++/libs/armeabi-v7a/libsupc++.a(eh_arm.o) (_ZTIN10__cxxabiv119__foreign_exceptionE)
/Users/azhdanov/work/android-ndk-r7/sources/cxx-stl/gnu-libstdc++/libs/armeabi-v7a/libsupc++.a(eh_globals.o)
                              /Users/azhdanov/work/android-ndk-r7/sources/cxx-stl/gnu-libstdc++/libs/armeabi-v7a/libsupc++.a(eh_arm.o) (__cxa_get_globals)
/Users/azhdanov/work/android-ndk-r7/sources/cxx-stl/gnu-libstdc++/libs/armeabi-v7a/libsupc++.a(eh_personality.o)
                              ./obj/local/armeabi-v7a/objs-debug/com_graphics_NativeGraphics/graphics_core.o (__gxx_personality_v0)
/Users/azhdanov/work/android-ndk-r7/sources/cxx-stl/gnu-libstdc++/libs/armeabi-v7a/libsupc++.a(eh_terminate.o)
                              /Users/azhdanov/work/android-ndk-r7/sources/cxx-stl/gnu-libstdc++/libs/armeabi-v7a/libsupc++.a(eh_arm.o) (_ZSt9terminatev)
/Users/azhdanov/work/android-ndk-r7/sources/cxx-stl/gnu-libstdc++/libs/armeabi-v7a/libsupc++.a(eh_throw.o)
                              /Users/azhdanov/work/android-ndk-r7/sources/cxx-stl/gnu-libstdc++/libs/armeabi-v7a/libsupc++.a(eh_aux_runtime.o) (__cxa_throw)
/Users/azhdanov/work/android-ndk-r7/sources/cxx-stl/gnu-libstdc++/libs/armeabi-v7a/libsupc++.a(eh_unex_handler.o)
                              /Users/azhdanov/work/android-ndk-r7/sources/cxx-stl/gnu-libstdc++/libs/armeabi-v7a/libsupc++.a(eh_terminate.o) (_ZN10__cxxabiv120__unexpected_handlerE)
/Users/azhdanov/work/android-ndk-r7/sources/cxx-stl/gnu-libstdc++/libs/armeabi-v7a/libsupc++.a(fundamental_type_info.o)
                              /Users/azhdanov/work/android-ndk-r7/sources/cxx-stl/gnu-libstdc++/libs/armeabi-v7a/libsupc++.a(eh_arm.o) (_ZTIv)
/Users/azhdanov/work/android-ndk-r7/sources/cxx-stl/gnu-libstdc++/libs/armeabi-v7a/libsupc++.a(pointer_type_info.o)
                              /Users/azhdanov/work/android-ndk-r7/sources/cxx-stl/gnu-libstdc++/libs/armeabi-v7a/libsupc++.a(fundamental_type_info.o) (_ZTVN10__cxxabiv119__pointer_type_infoE)
/Users/azhdanov/work/android-ndk-r7/sources/cxx-stl/gnu-libstdc++/libs/armeabi-v7a/libsupc++.a(si_class_type_info.o)
                              /Users/azhdanov/work/android-ndk-r7/sources/cxx-stl/gnu-libstdc++/libs/armeabi-v7a/libsupc++.a(eh_exception.o) (_ZTVN10__cxxabiv120__si_class_type_infoE)
/Users/azhdanov/work/android-ndk-r7/sources/cxx-stl/gnu-libstdc++/libs/armeabi-v7a/libsupc++.a(tinfo.o)
                              /Users/azhdanov/work/android-ndk-r7/sources/cxx-stl/gnu-libstdc++/libs/armeabi-v7a/libsupc++.a(fundamental_type_info.o) (_ZNSt9type_infoD2Ev)
/Users/azhdanov/work/android-ndk-r7/sources/cxx-stl/gnu-libstdc++/libs/armeabi-v7a/libsupc++.a(atexit_arm.o)
                              /Users/azhdanov/work/android-ndk-r7/sources/cxx-stl/gnu-libstdc++/libs/armeabi-v7a/libsupc++.a(eh_globals.o) (__aeabi_atexit)
/Users/azhdanov/work/android-ndk-r7/sources/cxx-stl/gnu-libstdc++/libs/armeabi-v7a/libsupc++.a(bad_cast.o)
[...]
Memory Configuration

Name             Origin             Length             Attributes
*default*        0x00000000         0xffffffff

Linker script and memory map

LOAD /Users/azhdanov/work/android-ndk-r7/platforms/android-14/arch-arm/usr/lib/crtbegin_so.o
LOAD ./obj/local/armeabi-v7a/objs-debug/com_graphics_NativeGraphics/com_graphics_NativeGraphics.o
LOAD ./obj/local/armeabi-v7a/objs-debug/com_graphics_NativeGraphics/graphics_core.o
LOAD ./obj/local/armeabi-v7a/libcpufeatures.a
LOAD ./obj/local/armeabi-v7a/libstdc++.a
LOAD /Users/azhdanov/work/android-ndk-r7/toolchains/arm-linux-androideabi-4.4.3/prebuilt/darwin-x86/bin/../lib/gcc/arm-linux-androideabi/4.4.3/libgcc.a
LOAD /Users/azhdanov/work/android-ndk-r7/platforms/android-14/arch-arm/usr/lib/liblog.so
LOAD /Users/azhdanov/work/android-ndk-r7/platforms/android-14/arch-arm/usr/lib/libjnigraphics.so
LOAD /Users/azhdanov/work/android-ndk-r7/platforms/android-14/arch-arm/usr/lib/libstdc++.so
LOAD /Users/azhdanov/work/android-ndk-r7/sources/cxx-stl/gnu-libstdc++/libs/armeabi-v7a/libsupc++.a
LOAD /Users/azhdanov/work/android-ndk-r7/platforms/android-14/arch-arm/usr/lib/libm.so
LOAD /Users/azhdanov/work/android-ndk-r7/toolchains/arm-linux-androideabi-4.4.3/prebuilt/darwin-x86/bin/../lib/gcc/arm-linux-androideabi/4.4.3/../../../../arm-linux-androideabi/lib/libsupc++.a
LOAD /Users/azhdanov/work/android-ndk-r7/platforms/android-14/arch-arm/usr/lib/libstdc++.so
LOAD /Users/azhdanov/work/android-ndk-r7/platforms/android-14/arch-arm/usr/lib/libm.so
LOAD /Users/azhdanov/work/android-ndk-r7/platforms/android-14/arch-arm/usr/lib/libc.so
LOAD /Users/azhdanov/work/android-ndk-r7/toolchains/arm-linux-androideabi-4.4.3/prebuilt/darwin-x86/bin/../lib/gcc/arm-linux-androideabi/4.4.3/libgcc.a
LOAD /Users/azhdanov/work/android-ndk-r7/platforms/android-14/arch-arm/usr/lib/libc.so
LOAD /Users/azhdanov/work/android-ndk-r7/platforms/android-14/arch-arm/usr/lib/libdl.so
LOAD /Users/azhdanov/work/android-ndk-r7/toolchains/arm-linux-androideabi-4.4.3/prebuilt/darwin-x86/bin/../lib/gcc/arm-linux-androideabi/4.4.3/libgcc.a
LOAD /Users/azhdanov/work/android-ndk-r7/platforms/android-14/arch-arm/usr/lib/crtend_so.o
                0x000000d4                . = (0x0 + SIZEOF_HEADERS)

.note.gnu.build-id
 *(.note.gnu.build-id)

.hash           0x000000d4      0xa2c
 *(.hash)
 .hash          0x000000d4      0xa2c /Users/azhdanov/work/android-ndk-r7/platforms/android-14/arch-arm/usr/lib/crtbegin_so.o

.gnu.hash
 *(.gnu.hash)

.dynsym         0x00000b00     0x1820
 *(.dynsym)
 .dynsym        0x00000b00     0x1820 /Users/azhdanov/work/android-ndk-r7/platforms/android-14/arch-arm/usr/lib/crtbegin_so.o

.dynstr         0x00002320     0x22c6
 *(.dynstr)
 .dynstr        0x00002320     0x22c6 /Users/azhdanov/work/android-ndk-r7/platforms/android-14/arch-arm/usr/lib/crtbegin_so.o

.gnu.version    0x000045e6        0x0
 *(.gnu.version)
 .gnu.version   0x00000000        0x0 /Users/azhdanov/work/android-ndk-r7/platforms/android-14/arch-arm/usr/lib/crtbegin_so.o

.gnu.version_d  0x000045e8        0x0
 *(.gnu.version_d)
 .gnu.version_d
                0x00000000        0x0 /Users/azhdanov/work/android-ndk-r7/platforms/android-14/arch-arm/usr/lib/crtbegin_so.o

.gnu.version_r  0x000045e8        0x0
 *(.gnu.version_r)
 .gnu.version_r
                0x00000000        0x0 /Users/azhdanov/work/android-ndk-r7/platforms/android-14/arch-arm/usr/lib/crtbegin_so.o

.rel.dyn        0x000045e8      0xf70
 *(.rel.init)
 *(.rel.text .rel.text.* .rel.gnu.linkonce.t.*)
 .rel.text      0x000045e8        0x8 /Users/azhdanov/work/android-ndk-r7/platforms/android-14/arch-arm/usr/lib/crtbegin_so.o
 *(.rel.fini)
 *(.rel.rodata .rel.rodata.* .rel.gnu.linkonce.r.*)
 *(.rel.data.rel.ro* .rel.gnu.linkonce.d.rel.ro.*)
 .rel.data.rel.ro._ZTIN10__cxxabiv115__forced_unwindE
                0x000045f0       0x10 /Users/azhdanov/work/android-ndk-r7/platforms/android-14/arch-arm/usr/lib/crtbegin_so.o
 .rel.data.rel.ro._ZTISt9exception
                0x00004600       0x10 /Users/azhdanov/work/android-ndk-r7/platforms/android-14/arch-arm/usr/lib/crtbegin_so.o
 .rel.data.rel.ro._ZTVSt13bad_exception
                0x00004610       0x20 /Users/azhdanov/work/android-ndk-r7/platforms/android-14/arch-arm/usr/lib/crtbegin_so.o
 .rel.data.rel.ro._ZTISt13bad_exception
                0x00004630       0x18 /Users/azhdanov/work/android-ndk-r7/platforms/android-14/arch-arm/usr/lib/crtbegin_so.o
 .rel.data.rel.ro._ZTIN10__cxxabiv119__foreign_exceptionE
                0x00004648       0x10 /Users/azhdanov/work/android-ndk-r7/platforms/android-14/arch-arm/usr/lib/crtbegin_so.o
 .rel.data.rel.ro._ZTVN10__cxxabiv115__forced_unwindE
                0x00004658       0x20 /Users/azhdanov/work/android-ndk-r7/platforms/android-14/arch-arm/usr/lib/crtbegin_so.o
 .rel.data.rel.ro._ZTVN10__cxxabiv119__foreign_exceptionE
                0x00004678       0x20 /Users/azhdanov/work/android-ndk-r7/platforms/android-14/arch-arm/usr/lib/crtbegin_so.o
 .rel.data.rel.ro._ZTVSt9exception
                0x00004698       0x20 /Users/azhdanov/work/android-ndk-r7/platforms/android-14/arch-arm/usr/lib/crtbegin_so.o
 .rel.data.rel.ro._ZTIPKe
                0x000046b8       0x18 /Users/azhdanov/work/android-ndk-r7/platforms/android-14/arch-arm/usr/lib/crtbegin_so.o
 .rel.data.rel.ro._ZTIPe
                0x000046d0       0x18 /Users/azhdanov/work/android-ndk-r7/platforms/android-14/arch-arm/usr/lib/crtbegin_so.o
 .rel.data.rel.ro._ZTIe
                0x000046e8       0x10 /Users/azhdanov/work/android-ndk-r7/platforms/android-14/arch-arm/usr/lib/crtbegin_so.o
 .rel.data.rel.ro._ZTIPKd
                0x000046f8       0x18 /Users/azhdanov/work/android-ndk-r7/platforms/android-14/arch-arm/usr/lib/crtbegin_so.o
 .rel.data.rel.ro._ZTIPd
                0x00004710       0x18 /Users/azhdanov/work/android-ndk-r7/platforms/android-14/arch-arm/usr/lib/crtbegin_so.o
 .rel.data.rel.ro._ZTId
                0x00004728       0x10 /Users/azhdanov/work/android-ndk-r7/platforms/android-14/arch-arm/usr/lib/crtbegin_so.o
 .rel.data.rel.ro._ZTIPKf
                0x00004738       0x18 /Users/azhdanov/work/android-ndk-r7/platforms/android-14/arch-arm/usr/lib/crtbegin_so.o
 .rel.data.rel.ro._ZTIPf
                0x00004750       0x18 /Users/azhdanov/work/android-ndk-r7/platforms/android-14/arch-arm/usr/lib/crtbegin_so.o
 .rel.data.rel.ro._ZTIf
                0x00004768       0x10 /Users/azhdanov/work/android-ndk-r7/platforms/android-14/arch-arm/usr/lib/crtbegin_so.o
 .rel.data.rel.ro._ZTIPKy
                0x00004778       0x18 /Users/azhdanov/work/android-ndk-r7/platforms/android-14/arch-arm/usr/lib/crtbegin_so.o
 .rel.data.rel.ro._ZTIPy
                0x00004790       0x18 /Users/azhdanov/work/android-ndk-r7/platforms/android-14/arch-arm/usr/lib/crtbegin_so.o
 .rel.data.rel.ro._ZTIy
                0x000047a8       0x10 /Users/azhdanov/work/android-ndk-r7/platforms/android-14/arch-arm/usr/lib/crtbegin_so.o
 .rel.data.rel.ro._ZTIPKx
                0x000047b8       0x18 /Users/azhdanov/work/android-ndk-r7/platforms/android-14/arch-arm/usr/lib/crtbegin_so.o
 .rel.data.rel.ro._ZTIPx
                0x000047d0       0x18 /Users/azhdanov/work/android-ndk-r7/platforms/android-14/arch-arm/usr/lib/crtbegin_so.o
 .rel.data.rel.ro._ZTIx
                0x000047e8       0x10 /Users/azhdanov/work/android-ndk-r7/platforms/android-14/arch-arm/usr/lib/crtbegin_so.o
 .rel.data.rel.ro._ZTIPKm
                0x000047f8       0x18 /Users/azhdanov/work/android-ndk-r7/platforms/android-14/arch-arm/usr/lib/crtbegin_so.o
 .rel.data.rel.ro._ZTIPm
                0x00004810       0x18 /Users/azhdanov/work/android-ndk-r7/platforms/android-14/arch-arm/usr/lib/crtbegin_so.o
 .rel.data.rel.ro._ZTIm
                0x00004828       0x10 /Users/azhdanov/work/android-ndk-r7/platforms/android-14/arch-arm/usr/lib/crtbegin_so.o
 .rel.data.rel.ro._ZTIPKl
                0x00004838       0x18 /Users/azhdanov/work/android-ndk-r7/platforms/android-14/arch-arm/usr/lib/crtbegin_so.o
 .rel.data.rel.ro._ZTIPl
                0x00004850       0x18 /Users/azhdanov/work/android-ndk-r7/platforms/android-14/arch-arm/usr/lib/crtbegin_so.o
 .rel.data.rel.ro._ZTIl
                0x00004868       0x10 /Users/azhdanov/work/android-ndk-r7/platforms/android-14/arch-arm/usr/lib/crtbegin_so.o
 .rel.data.rel.ro._ZTIPKj
                0x00004878       0x18 /Users/azhdanov/work/android-ndk-r7/platforms/android-14/arch-arm/usr/lib/crtbegin_so.o
 .rel.data.rel.ro._ZTIPj
                0x00004890       0x18 /Users/azhdanov/work/android-ndk-r7/platforms/android-14/arch-arm/usr/lib/crtbegin_so.o
 .rel.data.rel.ro._ZTIj
                0x000048a8       0x10 /Users/azhdanov/work/android-ndk-r7/platforms/android-14/arch-arm/usr/lib/crtbegin_so.o
 .rel.data.rel.ro._ZTIPKi
                0x000048b8       0x18 /Users/azhdanov/work/android-ndk-r7/platforms/android-14/arch-arm/usr/lib/crtbegin_so.o
 .rel.data.rel.ro._ZTIPi
                0x000048d0       0x18 /Users/azhdanov/work/android-ndk-r7/platforms/android-14/arch-arm/usr/lib/crtbegin_so.o
 .rel.data.rel.ro._ZTIi
                0x000048e8       0x10 /Users/azhdanov/work/android-ndk-r7/platforms/android-14/arch-arm/usr/lib/crtbegin_so.o
 .rel.data.rel.ro._ZTIPKt
                0x000048f8       0x18 /Users/azhdanov/work/android-ndk-r7/platforms/android-14/arch-arm/usr/lib/crtbegin_so.o
 .rel.data.rel.ro._ZTIPt
                0x00004910       0x18 /Users/azhdanov/work/android-ndk-r7/platforms/android-14/arch-arm/usr/lib/crtbegin_so.o
 .rel.data.rel.ro._ZTIt
                0x00004928       0x10 /Users/azhdanov/work/android-ndk-r7/platforms/android-14/arch-arm/usr/lib/crtbegin_so.o
 .rel.data.rel.ro._ZTIPKs
                0x00004938       0x18 /Users/azhdanov/work/android-ndk-r7/platforms/android-14/arch-arm/usr/lib/crtbegin_so.o
 .rel.data.rel.ro._ZTIPs
                0x00004950       0x18 /Users/azhdanov/work/android-ndk-r7/platforms/android-14/arch-arm/usr/lib/crtbegin_so.o
 .rel.data.rel.ro._ZTIs
                0x00004968       0x10 /Users/azhdanov/work/android-ndk-r7/platforms/android-14/arch-arm/usr/lib/crtbegin_so.o
 .rel.data.rel.ro._ZTIPKh
                0x00004978       0x18 /Users/azhdanov/work/android-ndk-r7/platforms/android-14/arch-arm/usr/lib/crtbegin_so.o
 .rel.data.rel.ro._ZTIPh
                0x00004990       0x18 /Users/azhdanov/work/android-ndk-r7/platforms/android-14/arch-arm/usr/lib/crtbegin_so.o
 .rel.data.rel.ro._ZTIh
                0x000049a8       0x10 /Users/azhdanov/work/android-ndk-r7/platforms/android-14/arch-arm/usr/lib/crtbegin_so.o
 .rel.data.rel.ro._ZTIPKa
                0x000049b8       0x18 /Users/azhdanov/work/android-ndk-r7/platforms/android-14/arch-arm/usr/lib/crtbegin_so.o
 .rel.data.rel.ro._ZTIPa
                0x000049d0       0x18 /Users/azhdanov/work/android-ndk-r7/platforms/android-14/arch-arm/usr/lib/crtbegin_so.o
 .rel.data.rel.ro._ZTIa
                0x000049e8       0x10 /Users/azhdanov/work/android-ndk-r7/platforms/android-14/arch-arm/usr/lib/crtbegin_so.o
 .rel.data.rel.ro._ZTIPKc
                0x000049f8       0x18 /Users/azhdanov/work/android-ndk-r7/platforms/android-14/arch-arm/usr/lib/crtbegin_so.o
 .rel.data.rel.ro._ZTIPc
                0x00004a10       0x18 /Users/azhdanov/work/android-ndk-r7/platforms/android-14/arch-arm/usr/lib/crtbegin_so.o
 .rel.data.rel.ro._ZTIc
                0x00004a28       0x10 /Users/azhdanov/work/android-ndk-r7/platforms/android-14/arch-arm/usr/lib/crtbegin_so.o
 .rel.data.rel.ro._ZTIPKDi
                0x00004a38       0x18 /Users/azhdanov/work/android-ndk-r7/platforms/android-14/arch-arm/usr/lib/crtbegin_so.o
 .rel.data.rel.ro._ZTIPDi
                0x00004a50       0x18 /Users/azhdanov/work/android-ndk-r7/platforms/android-14/arch-arm/usr/lib/crtbegin_so.o
 .rel.data.rel.ro._ZTIDi
                0x00004a68       0x10 /Users/azhdanov/work/android-ndk-r7/platforms/android-14/arch-arm/usr/lib/crtbegin_so.o
 .rel.data.rel.ro._ZTIPKDs
                0x00004a78       0x18 /Users/azhdanov/work/android-ndk-r7/platforms/android-14/arch-arm/usr/lib/crtbegin_so.o
 .rel.data.rel.ro._ZTIPDs
                0x00004a90       0x18 /Users/azhdanov/work/android-ndk-r7/platforms/android-14/arch-arm/usr/lib/crtbegin_so.o
 .rel.data.rel.ro._ZTIDs
                0x00004aa8       0x10 /Users/azhdanov/work/android-ndk-r7/platforms/android-14/arch-arm/usr/lib/crtbegin_so.o
 .rel.data.rel.ro._ZTIPKw
                0x00004ab8       0x18 /Users/azhdanov/work/android-ndk-r7/platforms/android-14/arch-arm/usr/lib/crtbegin_so.o
 .rel.data.rel.ro._ZTIPw
                0x00004ad0       0x18 /Users/azhdanov/work/android-ndk-r7/platforms/android-14/arch-arm/usr/lib/crtbegin_so.o
 .rel.data.rel.ro._ZTIw
                0x00004ae8       0x10 /Users/azhdanov/work/android-ndk-r7/platforms/android-14/arch-arm/usr/lib/crtbegin_so.o
 .rel.data.rel.ro._ZTIPKb
                0x00004af8       0x18 /Users/azhdanov/work/android-ndk-r7/platforms/android-14/arch-arm/usr/lib/crtbegin_so.o
 .rel.data.rel.ro._ZTIPb
                0x00004b10       0x18 /Users/azhdanov/work/android-ndk-r7/platforms/android-14/arch-arm/usr/lib/crtbegin_so.o
 .rel.data.rel.ro._ZTIb
                0x00004b28       0x10 /Users/azhdanov/work/android-ndk-r7/platforms/android-14/arch-arm/usr/lib/crtbegin_so.o
 .rel.data.rel.ro._ZTIPKv
                0x00004b38       0x18 /Users/azhdanov/work/android-ndk-r7/platforms/android-14/arch-arm/usr/lib/crtbegin_so.o
 .rel.data.rel.ro._ZTIPv
                0x00004b50       0x18 /Users/azhdanov/work/android-ndk-r7/platforms/android-14/arch-arm/usr/lib/crtbegin_so.o
 .rel.data.rel.ro._ZTIv
                0x00004b68       0x10 /Users/azhdanov/work/android-ndk-r7/platforms/android-14/arch-arm/usr/lib/crtbegin_so.o
 .rel.data.rel.ro._ZTVN10__cxxabiv123__fundamental_type_infoE
                0x00004b78       0x38 /Users/azhdanov/work/android-ndk-r7/platforms/android-14/arch-arm/usr/lib/crtbegin_so.o
 .rel.data.rel.ro._ZTIN10__cxxabiv123__fundamental_type_infoE
                0x00004bb0       0x18 /Users/azhdanov/work/android-ndk-r7/platforms/android-14/arch-arm/usr/lib/crtbegin_so.o
 .rel.data.rel.ro._ZTIN10__cxxabiv119__pointer_type_infoE
                0x00004bc8       0x18 /Users/azhdanov/work/android-ndk-r7/platforms/android-14/arch-arm/usr/lib/crtbegin_so.o
 .rel.data.rel.ro._ZTVN10__cxxabiv119__pointer_type_infoE
                0x00004be0       0x40 /Users/azhdanov/work/android-ndk-r7/platforms/android-14/arch-arm/usr/lib/crtbegin_so.o
 .rel.data.rel.ro._ZTVN10__cxxabiv120__si_class_type_infoE
                0x00004c20       0x50 /Users/azhdanov/work/android-ndk-r7/platforms/android-14/arch-arm/usr/lib/crtbegin_so.o
 .rel.data.rel.ro._ZTIN10__cxxabiv120__si_class_type_infoE
                0x00004c70       0x18 /Users/azhdanov/work/android-ndk-r7/platforms/android-14/arch-arm/usr/lib/crtbegin_so.o
 .rel.data.rel.ro._ZTVSt9type_info
                0x00004c88       0x38 /Users/azhdanov/work/android-ndk-r7/platforms/android-14/arch-arm/usr/lib/crtbegin_so.o
 .rel.data.rel.ro._ZTISt9type_info
                0x00004cc0       0x10 /Users/azhdanov/work/android-ndk-r7/platforms/android-14/arch-arm/usr/lib/crtbegin_so.o
 .rel.data.rel.ro._ZTISt8bad_cast
                0x00004cd0       0x18 /Users/azhdanov/work/android-ndk-r7/platforms/android-14/arch-arm/usr/lib/crtbegin_so.o
 .rel.data.rel.ro._ZTVSt8bad_cast
                0x00004ce8       0x20 /Users/azhdanov/work/android-ndk-r7/platforms/android-14/arch-arm/usr/lib/crtbegin_so.o
 .rel.data.rel.ro._ZTVSt10bad_typeid
                0x00004d08       0x20 /Users/azhdanov/work/android-ndk-r7/platforms/android-14/arch-arm/usr/lib/crtbegin_so.o
 .rel.data.rel.ro._ZTISt10bad_typeid
                0x00004d28       0x18 /Users/azhdanov/work/android-ndk-r7/platforms/android-14/arch-arm/usr/lib/crtbegin_so.o
 .rel.data.rel.ro._ZTVN10__cxxabiv117__class_type_infoE
                0x00004d40       0x50 /Users/azhdanov/work/android-ndk-r7/platforms/android-14/arch-arm/usr/lib/crtbegin_so.o
 .rel.data.rel.ro._ZTIN10__cxxabiv117__class_type_infoE
                0x00004d90       0x18 /Users/azhdanov/work/android-ndk-r7/platforms/android-14/arch-arm/usr/lib/crtbegin_so.o
 .rel.data.rel.ro._ZTIN9__gnu_cxx24__concurrence_lock_errorE
                0x00004da8       0x18 /Users/azhdanov/work/android-ndk-r7/platforms/android-14/arch-arm/usr/lib/crtbegin_so.o
 .rel.data.rel.ro._ZTVN9__gnu_cxx24__concurrence_lock_errorE
                0x00004dc0       0x20 /Users/azhdanov/work/android-ndk-r7/platforms/android-14/arch-arm/usr/lib/crtbegin_so.o
 .rel.data.rel.ro._ZTIN9__gnu_cxx26__concurrence_unlock_errorE
                0x00004de0       0x18 /Users/azhdanov/work/android-ndk-r7/platforms/android-14/arch-arm/usr/lib/crtbegin_so.o
 .rel.data.rel.ro._ZTVN9__gnu_cxx26__concurrence_unlock_errorE
                0x00004df8       0x20 /Users/azhdanov/work/android-ndk-r7/platforms/android-14/arch-arm/usr/lib/crtbegin_so.o
 .rel.data.rel.ro._ZTVN10__cxxabiv117__pbase_type_infoE
                0x00004e18       0x40 /Users/azhdanov/work/android-ndk-r7/platforms/android-14/arch-arm/usr/lib/crtbegin_so.o
 .rel.data.rel.ro._ZTIN10__cxxabiv117__pbase_type_infoE
                0x00004e58       0x18 /Users/azhdanov/work/android-ndk-r7/platforms/android-14/arch-arm/usr/lib/crtbegin_so.o
 .rel.data.rel.ro.local
                0x00004e70      0x590 /Users/azhdanov/work/android-ndk-r7/platforms/android-14/arch-arm/usr/lib/crtbegin_so.o
 *(.rel.data .rel.data.* .rel.gnu.linkonce.d.*)
 .rel.data.rel._ZN10__cxxabiv120__unexpected_handlerE
                0x00005400        0x8 /Users/azhdanov/work/android-ndk-r7/platforms/android-14/arch-arm/usr/lib/crtbegin_so.o
 .rel.data.rel._ZN10__cxxabiv119__terminate_handlerE
                0x00005408        0x8 /Users/azhdanov/work/android-ndk-r7/platforms/android-14/arch-arm/usr/lib/crtbegin_so.o
 *(.rel.tdata .rel.tdata.* .rel.gnu.linkonce.td.*)
 *(.rel.tbss .rel.tbss.* .rel.gnu.linkonce.tb.*)
 *(.rel.ctors)
 *(.rel.dtors)
 *(.rel.got)
 .rel.got       0x00005410      0x130 /Users/azhdanov/work/android-ndk-r7/platforms/android-14/arch-arm/usr/lib/crtbegin_so.o
 *(.rel.bss .rel.bss.* .rel.gnu.linkonce.b.*)
 *(.rel.iplt)
 .rel.iplt      0x00000000        0x0 /Users/azhdanov/work/android-ndk-r7/platforms/android-14/arch-arm/usr/lib/crtbegin_so.o
 .rel.fini_array
                0x00005540        0x8 /Users/azhdanov/work/android-ndk-r7/platforms/android-14/arch-arm/usr/lib/crtbegin_so.o
 .rel.init_array
                0x00005548       0x10 /Users/azhdanov/work/android-ndk-r7/platforms/android-14/arch-arm/usr/lib/crtbegin_so.o

.rela.dyn
 *(.rela.init)
 *(.rela.text .rela.text.* .rela.gnu.linkonce.t.*)
 *(.rela.fini)
 *(.rela.rodata .rela.rodata.* .rela.gnu.linkonce.r.*)
 *(.rela.data .rela.data.* .rela.gnu.linkonce.d.*)
 *(.rela.tdata .rela.tdata.* .rela.gnu.linkonce.td.*)
 *(.rela.tbss .rela.tbss.* .rela.gnu.linkonce.tb.*)
 *(.rela.ctors)
 *(.rela.dtors)
 *(.rela.got)
 *(.rela.bss .rela.bss.* .rela.gnu.linkonce.b.*)
 *(.rela.iplt)

.rel.plt        0x00005558      0x168
 *(.rel.plt)
 .rel.plt       0x00005558      0x168 /Users/azhdanov/work/android-ndk-r7/platforms/android-14/arch-arm/usr/lib/crtbegin_so.o

.rela.plt
 *(.rela.plt)

.init
 *(.init)

.plt            0x000056c0      0x230
 *(.plt)
 .plt           0x000056c0      0x230 /Users/azhdanov/work/android-ndk-r7/platforms/android-14/arch-arm/usr/lib/crtbegin_so.o

.iplt           0x000058f0        0x0
 *(.iplt)
 .iplt          0x00000000        0x0 /Users/azhdanov/work/android-ndk-r7/platforms/android-14/arch-arm/usr/lib/crtbegin_so.o

.text           0x000058f0     0xc5bc
 *(.text.unlikely .text.*_unlikely)
 *(.text.exit .text.exit.*)
 *(.text.startup .text.startup.*)
 *(.text.hot .text.hot.*)
 *(.text .stub .text.* .gnu.linkonce.t.*)
 .text          0x000058f0       0x10 /Users/azhdanov/work/android-ndk-r7/platforms/android-14/arch-arm/usr/lib/crtbegin_so.o
 .text          0x00005900        0x0 ./obj/local/armeabi-v7a/objs-debug/com_graphics_NativeGraphics/com_graphics_NativeGraphics.o
 .text._ZL6now_msv
                0x00005900       0x50 ./obj/local/armeabi-v7a/objs-debug/com_graphics_NativeGraphics/com_graphics_NativeGraphics.o
 .text.Java_com_graphics_NativeGraphics_nativeConvolve
                0x00005950       0x44 ./obj/local/armeabi-v7a/objs-debug/com_graphics_NativeGraphics/com_graphics_NativeGraphics.o
                0x00005950                Java_com_graphics_NativeGraphics_nativeConvolve
 .text.Java_com_graphics_NativeGraphics_nativeTreshold
                0x00005994       0x30 ./obj/local/armeabi-v7a/objs-debug/com_graphics_NativeGraphics/com_graphics_NativeGraphics.o
                0x00005994                Java_com_graphics_NativeGraphics_nativeTreshold
 .text.Java_com_graphics_NativeGraphics_nativeAdaptiveTreshold
                0x000059c4       0x2c ./obj/local/armeabi-v7a/objs-debug/com_graphics_NativeGraphics/com_graphics_NativeGraphics.o
                0x000059c4                Java_com_graphics_NativeGraphics_nativeAdaptiveTreshold
 .text.Java_com_graphics_NativeGraphics_nativeConvert565to8888
                0x000059f0       0x28 ./obj/local/armeabi-v7a/objs-debug/com_graphics_NativeGraphics/com_graphics_NativeGraphics.o
                0x000059f0                Java_com_graphics_NativeGraphics_nativeConvert565to8888
 .text.Java_com_graphics_NativeGraphics_nativeGetHSVBrightness
                0x00005a18       0x2c ./obj/local/armeabi-v7a/objs-debug/com_graphics_NativeGraphics/com_graphics_NativeGraphics.o
                0x00005a18                Java_com_graphics_NativeGraphics_nativeGetHSVBrightness
 .text.Java_com_graphics_NativeGraphics_nativeGetHSVBrightnessHorizontally
                0x00005a44       0x2c ./obj/local/armeabi-v7a/objs-debug/com_graphics_NativeGraphics/com_graphics_NativeGraphics.o
                0x00005a44                Java_com_graphics_NativeGraphics_nativeGetHSVBrightnessHorizontally
 .text.Java_com_graphics_NativeGraphics_nativeSobel
                0x00005a70       0x30 ./obj/local/armeabi-v7a/objs-debug/com_graphics_NativeGraphics/com_graphics_NativeGraphics.o
                0x00005a70                Java_com_graphics_NativeGraphics_nativeSobel
 .text.Java_com_graphics_NativeGraphics_nativeFullEdgeDetector
                0x00005aa0       0x2c ./obj/local/armeabi-v7a/objs-debug/com_graphics_NativeGraphics/com_graphics_NativeGraphics.o
                0x00005aa0                Java_com_graphics_NativeGraphics_nativeFullEdgeDetector
 .text          0x00005acc        0x0 ./obj/local/armeabi-v7a/objs-debug/com_graphics_NativeGraphics/graphics_core.o
 .text._ZN7_JNIEnv19GetIntArrayElementsEP10_jintArrayPh
                0x00005acc       0x24 ./obj/local/armeabi-v7a/objs-debug/com_graphics_NativeGraphics/graphics_core.o
                0x00005acc                _ZN7_JNIEnv19GetIntArrayElementsEP10_jintArrayPh
 .text._ZN7_JNIEnv19SetFloatArrayRegionEP12_jfloatArrayiiPKf
                0x00005af0       0x28 ./obj/local/armeabi-v7a/objs-debug/com_graphics_NativeGraphics/graphics_core.o
                0x00005af0                _ZN7_JNIEnv19SetFloatArrayRegionEP12_jfloatArrayiiPKf
 .text.abs      0x00005b18       0x14 ./obj/local/armeabi-v7a/objs-debug/com_graphics_NativeGraphics/graphics_core.o
 .text._ZN14GraphicsCoreNS12GraphicsCoreC2Ev
                0x00005b2c        0xc ./obj/local/armeabi-v7a/objs-debug/com_graphics_NativeGraphics/graphics_core.o
                0x00005b2c                _ZN14GraphicsCoreNS12GraphicsCoreC2Ev
 .text._ZN14GraphicsCoreNS12GraphicsCoreC1Ev
                0x00005b38        0xc ./obj/local/armeabi-v7a/objs-debug/com_graphics_NativeGraphics/graphics_core.o
                0x00005b38                _ZN14GraphicsCoreNS12GraphicsCoreC1Ev
 *fill*         0x00005b44        0x4 00000000
 .text._ZN14GraphicsCoreNS12GraphicsCore16fullEdgeDetectorEP7_JNIEnvP7_jclassP8_jobjectS6_
                0x00005b48      0xbf0 ./obj/local/armeabi-v7a/objs-debug/com_graphics_NativeGraphics/graphics_core.o
                0x00005b48                _ZN14GraphicsCoreNS12GraphicsCore16fullEdgeDetectorEP7_JNIEnvP7_jclassP8_jobjectS6_
 .text._ZN14GraphicsCoreNS12GraphicsCore25HSVBrightnessHorizontallyEP7_JNIEnvP7_jclassP8_jobjectP12_jfloatArray
                0x00006738      0x3b8 ./obj/local/armeabi-v7a/objs-debug/com_graphics_NativeGraphics/graphics_core.o
                0x00006738                _ZN14GraphicsCoreNS12GraphicsCore25HSVBrightnessHorizontallyEP7_JNIEnvP7_jclassP8_jobjectP12_jfloatArray
 .text._ZN14GraphicsCoreNS12GraphicsCore5sobelEP7_JNIEnvP7_jclassP8_jobjectS6_P10_jintArray
                0x00006af0      0x25c ./obj/local/armeabi-v7a/objs-debug/com_graphics_NativeGraphics/graphics_core.o
                0x00006af0                _ZN14GraphicsCoreNS12GraphicsCore5sobelEP7_JNIEnvP7_jclassP8_jobjectS6_P10_jintArray
 .text._ZN14GraphicsCoreNS12GraphicsCore15processSobelArrEPiiiPjS2_
                0x00006d4c      0x360 ./obj/local/armeabi-v7a/objs-debug/com_graphics_NativeGraphics/graphics_core.o
                0x00006d4c                _ZN14GraphicsCoreNS12GraphicsCore15processSobelArrEPiiiPjS2_
 *fill*         0x000070ac        0x4 00000000
 .text._ZN14GraphicsCoreNS12GraphicsCore13HSVBrightnessEP7_JNIEnvP7_jclassP8_jobjectP12_jfloatArray
                0x000070b0      0x390 ./obj/local/armeabi-v7a/objs-debug/com_graphics_NativeGraphics/graphics_core.o
                0x000070b0                _ZN14GraphicsCoreNS12GraphicsCore13HSVBrightnessEP7_JNIEnvP7_jclassP8_jobjectP12_jfloatArray
 .text._ZN14GraphicsCoreNS12GraphicsCore16adaptiveTresholdEP7_JNIEnvP7_jclassP8_jobjectS6_
                0x00007440      0x384 ./obj/local/armeabi-v7a/objs-debug/com_graphics_NativeGraphics/graphics_core.o
                0x00007440                _ZN14GraphicsCoreNS12GraphicsCore16adaptiveTresholdEP7_JNIEnvP7_jclassP8_jobjectS6_
 .text._ZN14GraphicsCoreNS12GraphicsCore8tresholdEP7_JNIEnvP7_jclassP8_jobjectS6_h
                0x000077c4      0x34c ./obj/local/armeabi-v7a/objs-debug/com_graphics_NativeGraphics/graphics_core.o
                0x000077c4                _ZN14GraphicsCoreNS12GraphicsCore8tresholdEP7_JNIEnvP7_jclassP8_jobjectS6_h
 .text._ZN14GraphicsCoreNS12GraphicsCore16convert565to8888EP7_JNIEnvP8_jobjectS4_
                0x00007b10      0x2cc ./obj/local/armeabi-v7a/objs-debug/com_graphics_NativeGraphics/graphics_core.o
                0x00007b10                _ZN14GraphicsCoreNS12GraphicsCore16convert565to8888EP7_JNIEnvP8_jobjectS4_
 *fill*         0x00007ddc        0x4 00000000
 .text._ZN14GraphicsCoreNS12GraphicsCore8convolveEP7_JNIEnvP8_jobjectS4_P10_jintArrayhhhh
                0x00007de0      0xc40 ./obj/local/armeabi-v7a/objs-debug/com_graphics_NativeGraphics/graphics_core.o
                0x00007de0                _ZN14GraphicsCoreNS12GraphicsCore8convolveEP7_JNIEnvP8_jobjectS4_P10_jintArrayhhhh
 .text._ZN14GraphicsCoreNS12GraphicsCore8RGBtoHSVEdddPdS1_S1_
                0x00008a20      0x188 ./obj/local/armeabi-v7a/objs-debug/com_graphics_NativeGraphics/graphics_core.o
                0x00008a20                _ZN14GraphicsCoreNS12GraphicsCore8RGBtoHSVEdddPdS1_S1_
 .text._ZN14GraphicsCoreNS12GraphicsCore16sobelFilterTexasEPjiiS1_i
                0x00008ba8      0x194 ./obj/local/armeabi-v7a/objs-debug/com_graphics_NativeGraphics/graphics_core.o
                0x00008ba8                _ZN14GraphicsCoreNS12GraphicsCore16sobelFilterTexasEPjiiS1_i
 .text          0x00008d3c        0x0 ./obj/local/armeabi-v7a/libcpufeatures.a(cpu-features.o)
 .text.read_file
                0x00008d3c       0x54 ./obj/local/armeabi-v7a/libcpufeatures.a(cpu-features.o)
 .text.extract_cpuinfo_field
                0x00008d90      0x108 ./obj/local/armeabi-v7a/libcpufeatures.a(cpu-features.o)
 .text.count_cpuinfo_field
                0x00008e98       0xbc ./obj/local/armeabi-v7a/libcpufeatures.a(cpu-features.o)
 .text.has_list_item
                0x00008f54       0xa4 ./obj/local/armeabi-v7a/libcpufeatures.a(cpu-features.o)
 .text.android_cpuInit
                0x00008ff8      0x4f4 ./obj/local/armeabi-v7a/libcpufeatures.a(cpu-features.o)
 .text.android_getCpuFamily
                0x000094ec       0x28 ./obj/local/armeabi-v7a/libcpufeatures.a(cpu-features.o)
                0x000094ec                android_getCpuFamily
 .text.android_getCpuFeatures
                0x00009514       0x2c ./obj/local/armeabi-v7a/libcpufeatures.a(cpu-features.o)
                0x00009514                android_getCpuFeatures
 .text.android_getCpuCount
                0x00009540       0x28 ./obj/local/armeabi-v7a/libcpufeatures.a(cpu-features.o)
                0x00009540                android_getCpuCount
 .text          0x00009568      0xec4 /Users/azhdanov/work/android-ndk-r7/toolchains/arm-linux-androideabi-4.4.3/prebuilt/darwin-x86/bin/../lib/gcc/arm-linux-androideabi/4.4.3/libgcc.a(unwind-arm.o)
                0x00009568                _Unwind_VRS_Get
                0x000095b4                _Unwind_VRS_Set
                0x00009618                _Unwind_GetCFA
                0x00009620                _Unwind_Complete
                0x00009624                _Unwind_DeleteException
                0x00009ad8                __aeabi_unwind_cpp_pr2
                0x00009ae0                __aeabi_unwind_cpp_pr1
                0x00009ae8                __aeabi_unwind_cpp_pr0
                0x00009d2c                __gnu_Unwind_Backtrace
                0x00009f1c                __gnu_Unwind_ForcedUnwind
                0x00009f90                __gnu_Unwind_RaiseException
                0x0000a034                __gnu_Unwind_Resume_or_Rethrow
                0x0000a054                __gnu_Unwind_Resume
                0x0000a0c0                _Unwind_VRS_Pop
 .text          0x0000a42c      0x1a8 /Users/azhdanov/work/android-ndk-r7/toolchains/arm-linux-androideabi-4.4.3/prebuilt/darwin-x86/bin/../lib/gcc/arm-linux-androideabi/4.4.3/libgcc.a(libunwind.o)
                0x0000a42c                __restore_core_regs
                0x0000a42c                restore_core_regs
                0x0000a440                __gnu_Unwind_Restore_VFP
                0x0000a448                __gnu_Unwind_Save_VFP
                0x0000a450                __gnu_Unwind_Restore_VFP_D
                0x0000a458                __gnu_Unwind_Save_VFP_D
                0x0000a460                __gnu_Unwind_Restore_VFP_D_16_to_31
                0x0000a468                __gnu_Unwind_Save_VFP_D_16_to_31
                0x0000a470                __gnu_Unwind_Restore_WMMXD
                0x0000a4b4                __gnu_Unwind_Save_WMMXD
                0x0000a4f8                __gnu_Unwind_Restore_WMMXC
                0x0000a50c                __gnu_Unwind_Save_WMMXC
                0x0000a520                _Unwind_RaiseException
                0x0000a520                ___Unwind_RaiseException
                0x0000a544                ___Unwind_Resume
                0x0000a544                _Unwind_Resume
                0x0000a568                ___Unwind_Resume_or_Rethrow
                0x0000a568                _Unwind_Resume_or_Rethrow
                0x0000a58c                _Unwind_ForcedUnwind
                0x0000a58c                ___Unwind_ForcedUnwind
                0x0000a5b0                _Unwind_Backtrace
                0x0000a5b0                ___Unwind_Backtrace
 .text          0x0000a5d4      0x484 /Users/azhdanov/work/android-ndk-r7/toolchains/arm-linux-androideabi-4.4.3/prebuilt/darwin-x86/bin/../lib/gcc/arm-linux-androideabi/4.4.3/libgcc.a(pr-support.o)
                0x0000a62c                _Unwind_GetTextRelBase
                0x0000a634                _Unwind_GetDataRelBase
                0x0000a63c                _Unwind_GetLanguageSpecificData
                0x0000a674                _Unwind_GetRegionStart
                0x0000a6a0                __gnu_unwind_execute
                0x0000aa18                __gnu_unwind_frame
 .text          0x0000aa58       0x10 /Users/azhdanov/work/android-ndk-r7/sources/cxx-stl/gnu-libstdc++/libs/armeabi-v7a/libsupc++.a(eh_arm.o)
                0x0000aa58                __cxa_end_cleanup
 .text.__cxa_type_match
                0x0000aa68      0x1ac /Users/azhdanov/work/android-ndk-r7/sources/cxx-stl/gnu-libstdc++/libs/armeabi-v7a/libsupc++.a(eh_arm.o)
                0x0000aa68                __cxa_type_match
 .text.__cxa_begin_cleanup
                0x0000ac14       0xb4 /Users/azhdanov/work/android-ndk-r7/sources/cxx-stl/gnu-libstdc++/libs/armeabi-v7a/libsupc++.a(eh_arm.o)
                0x0000ac14                __cxa_begin_cleanup
 .text.__gnu_end_cleanup
                0x0000acc8       0xb4 /Users/azhdanov/work/android-ndk-r7/sources/cxx-stl/gnu-libstdc++/libs/armeabi-v7a/libsupc++.a(eh_arm.o)
                0x0000acc8                __gnu_end_cleanup
 .text          0x0000ad7c        0x0 /Users/azhdanov/work/android-ndk-r7/sources/cxx-stl/gnu-libstdc++/libs/armeabi-v7a/libsupc++.a(eh_aux_runtime.o)
 .text.__cxa_bad_typeid
                0x0000ad7c       0x48 /Users/azhdanov/work/android-ndk-r7/sources/cxx-stl/gnu-libstdc++/libs/armeabi-v7a/libsupc++.a(eh_aux_runtime.o)
                0x0000ad7c                __cxa_bad_typeid
 .text.__cxa_bad_cast
                0x0000adc4       0x48 /Users/azhdanov/work/android-ndk-r7/sources/cxx-stl/gnu-libstdc++/libs/armeabi-v7a/libsupc++.a(eh_aux_runtime.o)
                0x0000adc4                __cxa_bad_cast
 .text          0x0000ae0c        0x0 /Users/azhdanov/work/android-ndk-r7/sources/cxx-stl/gnu-libstdc++/libs/armeabi-v7a/libsupc++.a(eh_exception.o)
 .text._ZNSt9exceptionD2Ev
                0x0000ae0c        0x4 /Users/azhdanov/work/android-ndk-r7/sources/cxx-stl/gnu-libstdc++/libs/armeabi-v7a/libsupc++.a(eh_exception.o)
                0x0000ae0c                _ZNSt9exceptionD2Ev
 .text._ZNSt9exceptionD1Ev
                0x0000ae10        0x4 /Users/azhdanov/work/android-ndk-r7/sources/cxx-stl/gnu-libstdc++/libs/armeabi-v7a/libsupc++.a(eh_exception.o)
                0x0000ae10                _ZNSt9exceptionD1Ev
 .text._ZNSt13bad_exceptionD2Ev
                0x0000ae14       0x34 /Users/azhdanov/work/android-ndk-r7/sources/cxx-stl/gnu-libstdc++/libs/armeabi-v7a/libsupc++.a(eh_exception.o)
                0x0000ae14                _ZNSt13bad_exceptionD2Ev
 .text._ZNSt13bad_exceptionD1Ev
                0x0000ae48       0x34 /Users/azhdanov/work/android-ndk-r7/sources/cxx-stl/gnu-libstdc++/libs/armeabi-v7a/libsupc++.a(eh_exception.o)
                0x0000ae48                _ZNSt13bad_exceptionD1Ev
 .text._ZN10__cxxabiv115__forced_unwindD2Ev
                0x0000ae7c        0x4 /Users/azhdanov/work/android-ndk-r7/sources/cxx-stl/gnu-libstdc++/libs/armeabi-v7a/libsupc++.a(eh_exception.o)
                0x0000ae7c                _ZN10__cxxabiv115__forced_unwindD2Ev
 .text._ZN10__cxxabiv115__forced_unwindD1Ev
                0x0000ae80        0x4 /Users/azhdanov/work/android-ndk-r7/sources/cxx-stl/gnu-libstdc++/libs/armeabi-v7a/libsupc++.a(eh_exception.o)
                0x0000ae80                _ZN10__cxxabiv115__forced_unwindD1Ev
 .text._ZN10__cxxabiv119__foreign_exceptionD2Ev
                0x0000ae84        0x4 /Users/azhdanov/work/android-ndk-r7/sources/cxx-stl/gnu-libstdc++/libs/armeabi-v7a/libsupc++.a(eh_exception.o)
                0x0000ae84                _ZN10__cxxabiv119__foreign_exceptionD2Ev
 .text._ZN10__cxxabiv119__foreign_exceptionD1Ev
                0x0000ae88        0x4 /Users/azhdanov/work/android-ndk-r7/sources/cxx-stl/gnu-libstdc++/libs/armeabi-v7a/libsupc++.a(eh_exception.o)
                0x0000ae88                _ZN10__cxxabiv119__foreign_exceptionD1Ev
 .text._ZNKSt9exception4whatEv
                0x0000ae8c       0x10 /Users/azhdanov/work/android-ndk-r7/sources/cxx-stl/gnu-libstdc++/libs/armeabi-v7a/libsupc++.a(eh_exception.o)
                0x0000ae8c                _ZNKSt9exception4whatEv
 .text._ZNKSt13bad_exception4whatEv
                0x0000ae9c       0x10 /Users/azhdanov/work/android-ndk-r7/sources/cxx-stl/gnu-libstdc++/libs/armeabi-v7a/libsupc++.a(eh_exception.o)
                0x0000ae9c                _ZNKSt13bad_exception4whatEv
 .text._ZN10__cxxabiv119__foreign_exceptionD0Ev
                0x0000aeac       0x1c /Users/azhdanov/work/android-ndk-r7/sources/cxx-stl/gnu-libstdc++/libs/armeabi-v7a/libsupc++.a(eh_exception.o)
                0x0000aeac                _ZN10__cxxabiv119__foreign_exceptionD0Ev
 .text._ZN10__cxxabiv115__forced_unwindD0Ev
                0x0000aec8       0x1c /Users/azhdanov/work/android-ndk-r7/sources/cxx-stl/gnu-libstdc++/libs/armeabi-v7a/libsupc++.a(eh_exception.o)
                0x0000aec8                _ZN10__cxxabiv115__forced_unwindD0Ev
 .text._ZNSt9exceptionD0Ev
                0x0000aee4       0x1c /Users/azhdanov/work/android-ndk-r7/sources/cxx-stl/gnu-libstdc++/libs/armeabi-v7a/libsupc++.a(eh_exception.o)
                0x0000aee4                _ZNSt9exceptionD0Ev
 .text._ZNSt13bad_exceptionD0Ev
                0x0000af00       0x1c /Users/azhdanov/work/android-ndk-r7/sources/cxx-stl/gnu-libstdc++/libs/armeabi-v7a/libsupc++.a(eh_exception.o)
                0x0000af00                _ZNSt13bad_exceptionD0Ev
 .text          0x0000af1c        0x0 /Users/azhdanov/work/android-ndk-r7/sources/cxx-stl/gnu-libstdc++/libs/armeabi-v7a/libsupc++.a(eh_globals.o)
 .text._GLOBAL__I_eh_globals.cc
                0x0000af1c       0x5c /Users/azhdanov/work/android-ndk-r7/sources/cxx-stl/gnu-libstdc++/libs/armeabi-v7a/libsupc++.a(eh_globals.o)
 .text._ZL15eh_globals_dtorPv
                0x0000af78       0x38 /Users/azhdanov/work/android-ndk-r7/sources/cxx-stl/gnu-libstdc++/libs/armeabi-v7a/libsupc++.a(eh_globals.o)
 .text._ZN17__eh_globals_initD1Ev
                0x0000afb0       0x34 /Users/azhdanov/work/android-ndk-r7/sources/cxx-stl/gnu-libstdc++/libs/armeabi-v7a/libsupc++.a(eh_globals.o)
                0x0000afb0                _ZN17__eh_globals_initD1Ev
 .text.__cxa_get_globals_fast
                0x0000afe4       0x48 /Users/azhdanov/work/android-ndk-r7/sources/cxx-stl/gnu-libstdc++/libs/armeabi-v7a/libsupc++.a(eh_globals.o)
                0x0000afe4                __cxa_get_globals_fast
 .text.__cxa_get_globals
                0x0000b02c       0x90 /Users/azhdanov/work/android-ndk-r7/sources/cxx-stl/gnu-libstdc++/libs/armeabi-v7a/libsupc++.a(eh_globals.o)
                0x0000b02c                __cxa_get_globals
 .text          0x0000b0bc        0x0 /Users/azhdanov/work/android-ndk-r7/sources/cxx-stl/gnu-libstdc++/libs/armeabi-v7a/libsupc++.a(eh_personality.o)
 .text._ZL12read_sleb128PKhPl
                0x0000b0bc       0x44 /Users/azhdanov/work/android-ndk-r7/sources/cxx-stl/gnu-libstdc++/libs/armeabi-v7a/libsupc++.a(eh_personality.o)
 .text._ZL21base_of_encoded_valuehP15_Unwind_Context
                0x0000b100       0x78 /Users/azhdanov/work/android-ndk-r7/sources/cxx-stl/gnu-libstdc++/libs/armeabi-v7a/libsupc++.a(eh_personality.o)
 .text._ZL17parse_lsda_headerP15_Unwind_ContextPKhP16lsda_header_info
                0x0000b178      0x214 /Users/azhdanov/work/android-ndk-r7/sources/cxx-stl/gnu-libstdc++/libs/armeabi-v7a/libsupc++.a(eh_personality.o)
 .text.__gxx_personality_v0
                0x0000b38c      0x9d4 /Users/azhdanov/work/android-ndk-r7/sources/cxx-stl/gnu-libstdc++/libs/armeabi-v7a/libsupc++.a(eh_personality.o)
                0x0000b38c                __gxx_personality_v0
 .text          0x0000bd60        0x0 /Users/azhdanov/work/android-ndk-r7/sources/cxx-stl/gnu-libstdc++/libs/armeabi-v7a/libsupc++.a(eh_terminate.o)
 .text._ZSt13set_terminatePFvvE
                0x0000bd60       0x2c /Users/azhdanov/work/android-ndk-r7/sources/cxx-stl/gnu-libstdc++/libs/armeabi-v7a/libsupc++.a(eh_terminate.o)
                0x0000bd60                _ZSt13set_terminatePFvvE
 .text._ZSt14set_unexpectedPFvvE
                0x0000bd8c       0x2c /Users/azhdanov/work/android-ndk-r7/sources/cxx-stl/gnu-libstdc++/libs/armeabi-v7a/libsupc++.a(eh_terminate.o)
                0x0000bd8c                _ZSt14set_unexpectedPFvvE
 .text._ZN10__cxxabiv111__terminateEPFvvE
                0x0000bdb8       0x28 /Users/azhdanov/work/android-ndk-r7/sources/cxx-stl/gnu-libstdc++/libs/armeabi-v7a/libsupc++.a(eh_terminate.o)
                0x0000bdb8                _ZN10__cxxabiv111__terminateEPFvvE
 .text._ZSt9terminatev
                0x0000bde0       0x1c /Users/azhdanov/work/android-ndk-r7/sources/cxx-stl/gnu-libstdc++/libs/armeabi-v7a/libsupc++.a(eh_terminate.o)
                0x0000bde0                _ZSt9terminatev
 .text._ZN10__cxxabiv112__unexpectedEPFvvE
                0x0000bdfc       0x10 /Users/azhdanov/work/android-ndk-r7/sources/cxx-stl/gnu-libstdc++/libs/armeabi-v7a/libsupc++.a(eh_terminate.o)
                0x0000bdfc                _ZN10__cxxabiv112__unexpectedEPFvvE
 .text._ZSt10unexpectedv
                0x0000be0c       0x1c /Users/azhdanov/work/android-ndk-r7/sources/cxx-stl/gnu-libstdc++/libs/armeabi-v7a/libsupc++.a(eh_terminate.o)
                0x0000be0c                _ZSt10unexpectedv
 .text          0x0000be28        0x0 /Users/azhdanov/work/android-ndk-r7/sources/cxx-stl/gnu-libstdc++/libs/armeabi-v7a/libsupc++.a(eh_throw.o)
 .text.__cxa_rethrow
                0x0000be28       0xb8 /Users/azhdanov/work/android-ndk-r7/sources/cxx-stl/gnu-libstdc++/libs/armeabi-v7a/libsupc++.a(eh_throw.o)
                0x0000be28                __cxa_rethrow
 .text.__cxa_throw
                0x0000bee0       0xa4 /Users/azhdanov/work/android-ndk-r7/sources/cxx-stl/gnu-libstdc++/libs/armeabi-v7a/libsupc++.a(eh_throw.o)
                0x0000bee0                __cxa_throw
 .text._ZL23__gxx_exception_cleanup19_Unwind_Reason_CodeP21_Unwind_Control_Block
                0x0000bf84       0x44 /Users/azhdanov/work/android-ndk-r7/sources/cxx-stl/gnu-libstdc++/libs/armeabi-v7a/libsupc++.a(eh_throw.o)
 .text          0x0000bfc8        0x0 /Users/azhdanov/work/android-ndk-r7/sources/cxx-stl/gnu-libstdc++/libs/armeabi-v7a/libsupc++.a(eh_unex_handler.o)
 .text          0x0000bfc8        0x0 /Users/azhdanov/work/android-ndk-r7/sources/cxx-stl/gnu-libstdc++/libs/armeabi-v7a/libsupc++.a(fundamental_type_info.o)
 .text._ZN10__cxxabiv123__fundamental_type_infoD1Ev
                0x0000bfc8       0x34 /Users/azhdanov/work/android-ndk-r7/sources/cxx-stl/gnu-libstdc++/libs/armeabi-v7a/libsupc++.a(fundamental_type_info.o)
                0x0000bfc8                _ZN10__cxxabiv123__fundamental_type_infoD1Ev
 .text._ZN10__cxxabiv123__fundamental_type_infoD0Ev
                0x0000bffc       0x1c /Users/azhdanov/work/android-ndk-r7/sources/cxx-stl/gnu-libstdc++/libs/armeabi-v7a/libsupc++.a(fundamental_type_info.o)
                0x0000bffc                _ZN10__cxxabiv123__fundamental_type_infoD0Ev
 .text._ZN10__cxxabiv123__fundamental_type_infoD2Ev
                0x0000c018       0x34 /Users/azhdanov/work/android-ndk-r7/sources/cxx-stl/gnu-libstdc++/libs/armeabi-v7a/libsupc++.a(fundamental_type_info.o)
                0x0000c018                _ZN10__cxxabiv123__fundamental_type_infoD2Ev
 .text          0x0000c04c        0x0 /Users/azhdanov/work/android-ndk-r7/sources/cxx-stl/gnu-libstdc++/libs/armeabi-v7a/libsupc++.a(pointer_type_info.o)
 .text._ZNK10__cxxabiv119__pointer_type_info14__is_pointer_pEv
                0x0000c04c        0x8 /Users/azhdanov/work/android-ndk-r7/sources/cxx-stl/gnu-libstdc++/libs/armeabi-v7a/libsupc++.a(pointer_type_info.o)
                0x0000c04c                _ZNK10__cxxabiv119__pointer_type_info14__is_pointer_pEv
 .text._ZNK10__cxxabiv119__pointer_type_info15__pointer_catchEPKNS_17__pbase_type_infoEPPvj
                0x0000c054       0x88 /Users/azhdanov/work/android-ndk-r7/sources/cxx-stl/gnu-libstdc++/libs/armeabi-v7a/libsupc++.a(pointer_type_info.o)
                0x0000c054                _ZNK10__cxxabiv119__pointer_type_info15__pointer_catchEPKNS_17__pbase_type_infoEPPvj
 .text._ZN10__cxxabiv119__pointer_type_infoD1Ev
                0x0000c0dc       0x34 /Users/azhdanov/work/android-ndk-r7/sources/cxx-stl/gnu-libstdc++/libs/armeabi-v7a/libsupc++.a(pointer_type_info.o)
                0x0000c0dc                _ZN10__cxxabiv119__pointer_type_infoD1Ev
 .text._ZN10__cxxabiv119__pointer_type_infoD0Ev
                0x0000c110       0x1c /Users/azhdanov/work/android-ndk-r7/sources/cxx-stl/gnu-libstdc++/libs/armeabi-v7a/libsupc++.a(pointer_type_info.o)
                0x0000c110                _ZN10__cxxabiv119__pointer_type_infoD0Ev
 .text._ZN10__cxxabiv119__pointer_type_infoD2Ev
                0x0000c12c       0x34 /Users/azhdanov/work/android-ndk-r7/sources/cxx-stl/gnu-libstdc++/libs/armeabi-v7a/libsupc++.a(pointer_type_info.o)
                0x0000c12c                _ZN10__cxxabiv119__pointer_type_infoD2Ev
 .text          0x0000c160        0x0 /Users/azhdanov/work/android-ndk-r7/sources/cxx-stl/gnu-libstdc++/libs/armeabi-v7a/libsupc++.a(si_class_type_info.o)
 .text._ZNK10__cxxabiv120__si_class_type_info11__do_upcastEPKNS_17__class_type_infoEPKvRNS1_15__upcast_resultE
                0x0000c160       0x48 /Users/azhdanov/work/android-ndk-r7/sources/cxx-stl/gnu-libstdc++/libs/armeabi-v7a/libsupc++.a(si_class_type_info.o)
                0x0000c160                _ZNK10__cxxabiv120__si_class_type_info11__do_upcastEPKNS_17__class_type_infoEPKvRNS1_15__upcast_resultE
 .text._ZNK10__cxxabiv120__si_class_type_info12__do_dyncastEiNS_17__class_type_info10__sub_kindEPKS1_PKvS4_S6_RNS1_16__dyncast_resultE
                0x0000c1a8       0xd0 /Users/azhdanov/work/android-ndk-r7/sources/cxx-stl/gnu-libstdc++/libs/armeabi-v7a/libsupc++.a(si_class_type_info.o)
                0x0000c1a8                _ZNK10__cxxabiv120__si_class_type_info12__do_dyncastEiNS_17__class_type_info10__sub_kindEPKS1_PKvS4_S6_RNS1_16__dyncast_resultE
 .text._ZNK10__cxxabiv120__si_class_type_info20__do_find_public_srcEiPKvPKNS_17__class_type_infoES2_
                0x0000c278       0x68 /Users/azhdanov/work/android-ndk-r7/sources/cxx-stl/gnu-libstdc++/libs/armeabi-v7a/libsupc++.a(si_class_type_info.o)
                0x0000c278                _ZNK10__cxxabiv120__si_class_type_info20__do_find_public_srcEiPKvPKNS_17__class_type_infoES2_
 .text._ZN10__cxxabiv120__si_class_type_infoD1Ev
                0x0000c2e0       0x34 /Users/azhdanov/work/android-ndk-r7/sources/cxx-stl/gnu-libstdc++/libs/armeabi-v7a/libsupc++.a(si_class_type_info.o)
                0x0000c2e0                _ZN10__cxxabiv120__si_class_type_infoD1Ev
 .text._ZN10__cxxabiv120__si_class_type_infoD0Ev
                0x0000c314       0x1c /Users/azhdanov/work/android-ndk-r7/sources/cxx-stl/gnu-libstdc++/libs/armeabi-v7a/libsupc++.a(si_class_type_info.o)
                0x0000c314                _ZN10__cxxabiv120__si_class_type_infoD0Ev
 .text._ZN10__cxxabiv120__si_class_type_infoD2Ev
                0x0000c330       0x34 /Users/azhdanov/work/android-ndk-r7/sources/cxx-stl/gnu-libstdc++/libs/armeabi-v7a/libsupc++.a(si_class_type_info.o)
                0x0000c330                _ZN10__cxxabiv120__si_class_type_infoD2Ev
 .text          0x0000c364        0x0 /Users/azhdanov/work/android-ndk-r7/sources/cxx-stl/gnu-libstdc++/libs/armeabi-v7a/libsupc++.a(tinfo.o)
 .text._ZNSt9type_infoD2Ev
                0x0000c364        0x4 /Users/azhdanov/work/android-ndk-r7/sources/cxx-stl/gnu-libstdc++/libs/armeabi-v7a/libsupc++.a(tinfo.o)
                0x0000c364                _ZNSt9type_infoD2Ev
 .text._ZNSt9type_infoD1Ev
                0x0000c368        0x4 /Users/azhdanov/work/android-ndk-r7/sources/cxx-stl/gnu-libstdc++/libs/armeabi-v7a/libsupc++.a(tinfo.o)
                0x0000c368                _ZNSt9type_infoD1Ev
 .text._ZNKSt9type_infoeqERKS_
                0x0000c36c       0x18 /Users/azhdanov/work/android-ndk-r7/sources/cxx-stl/gnu-libstdc++/libs/armeabi-v7a/libsupc++.a(tinfo.o)
                0x0000c36c                _ZNKSt9type_infoeqERKS_
 .text._ZNKSt9type_info14__is_pointer_pEv
                0x0000c384        0x8 /Users/azhdanov/work/android-ndk-r7/sources/cxx-stl/gnu-libstdc++/libs/armeabi-v7a/libsupc++.a(tinfo.o)
                0x0000c384                _ZNKSt9type_info14__is_pointer_pEv
 .text._ZNKSt9type_info15__is_function_pEv
                0x0000c38c        0x8 /Users/azhdanov/work/android-ndk-r7/sources/cxx-stl/gnu-libstdc++/libs/armeabi-v7a/libsupc++.a(tinfo.o)
                0x0000c38c                _ZNKSt9type_info15__is_function_pEv
 .text._ZNKSt9type_info10__do_catchEPKS_PPvj
                0x0000c394        0x4 /Users/azhdanov/work/android-ndk-r7/sources/cxx-stl/gnu-libstdc++/libs/armeabi-v7a/libsupc++.a(tinfo.o)
                0x0000c394                _ZNKSt9type_info10__do_catchEPKS_PPvj
 .text._ZNKSt9type_info11__do_upcastEPKN10__cxxabiv117__class_type_infoEPPv
                0x0000c398        0x8 /Users/azhdanov/work/android-ndk-r7/sources/cxx-stl/gnu-libstdc++/libs/armeabi-v7a/libsupc++.a(tinfo.o)
                0x0000c398                _ZNKSt9type_info11__do_upcastEPKN10__cxxabiv117__class_type_infoEPPv
 .text._ZNSt9type_infoD0Ev
                0x0000c3a0       0x1c /Users/azhdanov/work/android-ndk-r7/sources/cxx-stl/gnu-libstdc++/libs/armeabi-v7a/libsupc++.a(tinfo.o)
                0x0000c3a0                _ZNSt9type_infoD0Ev
 .text          0x0000c3bc        0x0 /Users/azhdanov/work/android-ndk-r7/sources/cxx-stl/gnu-libstdc++/libs/armeabi-v7a/libsupc++.a(atexit_arm.o)
 .text.__aeabi_atexit
                0x0000c3bc       0x10 /Users/azhdanov/work/android-ndk-r7/sources/cxx-stl/gnu-libstdc++/libs/armeabi-v7a/libsupc++.a(atexit_arm.o)
                0x0000c3bc                __aeabi_atexit
 .text          0x0000c3cc        0x0 /Users/azhdanov/work/android-ndk-r7/sources/cxx-stl/gnu-libstdc++/libs/armeabi-v7a/libsupc++.a(bad_cast.o)
 .text._ZNKSt8bad_cast4whatEv
                0x0000c3cc       0x10 /Users/azhdanov/work/android-ndk-r7/sources/cxx-stl/gnu-libstdc++/libs/armeabi-v7a/libsupc++.a(bad_cast.o)
                0x0000c3cc                _ZNKSt8bad_cast4whatEv
 .text._ZNSt8bad_castD1Ev
                0x0000c3dc       0x34 /Users/azhdanov/work/android-ndk-r7/sources/cxx-stl/gnu-libstdc++/libs/armeabi-v7a/libsupc++.a(bad_cast.o)
                0x0000c3dc                _ZNSt8bad_castD1Ev
 .text._ZNSt8bad_castD0Ev
                0x0000c410       0x1c /Users/azhdanov/work/android-ndk-r7/sources/cxx-stl/gnu-libstdc++/libs/armeabi-v7a/libsupc++.a(bad_cast.o)
                0x0000c410                _ZNSt8bad_castD0Ev
 .text._ZNSt8bad_castD2Ev
                0x0000c42c       0x34 /Users/azhdanov/work/android-ndk-r7/sources/cxx-stl/gnu-libstdc++/libs/armeabi-v7a/libsupc++.a(bad_cast.o)
                0x0000c42c                _ZNSt8bad_castD2Ev
 .text          0x0000c460        0x0 /Users/azhdanov/work/android-ndk-r7/sources/cxx-stl/gnu-libstdc++/libs/armeabi-v7a/libsupc++.a(bad_typeid.o)
 .text._ZNKSt10bad_typeid4whatEv
                0x0000c460       0x10 /Users/azhdanov/work/android-ndk-r7/sources/cxx-stl/gnu-libstdc++/libs/armeabi-v7a/libsupc++.a(bad_typeid.o)
                0x0000c460                _ZNKSt10bad_typeid4whatEv
 .text._ZNSt10bad_typeidD1Ev
                0x0000c470       0x34 /Users/azhdanov/work/android-ndk-r7/sources/cxx-stl/gnu-libstdc++/libs/armeabi-v7a/libsupc++.a(bad_typeid.o)
                0x0000c470                _ZNSt10bad_typeidD1Ev
 .text._ZNSt10bad_typeidD0Ev
                0x0000c4a4       0x1c /Users/azhdanov/work/android-ndk-r7/sources/cxx-stl/gnu-libstdc++/libs/armeabi-v7a/libsupc++.a(bad_typeid.o)
                0x0000c4a4                _ZNSt10bad_typeidD0Ev
 .text._ZNSt10bad_typeidD2Ev
                0x0000c4c0       0x34 /Users/azhdanov/work/android-ndk-r7/sources/cxx-stl/gnu-libstdc++/libs/armeabi-v7a/libsupc++.a(bad_typeid.o)
                0x0000c4c0                _ZNSt10bad_typeidD2Ev
 .text          0x0000c4f4        0x0 /Users/azhdanov/work/android-ndk-r7/sources/cxx-stl/gnu-libstdc++/libs/armeabi-v7a/libsupc++.a(class_type_info.o)
 .text._ZNK10__cxxabiv117__class_type_info11__do_upcastEPKS0_PPv
                0x0000c4f4       0x5c /Users/azhdanov/work/android-ndk-r7/sources/cxx-stl/gnu-libstdc++/libs/armeabi-v7a/libsupc++.a(class_type_info.o)
                0x0000c4f4                _ZNK10__cxxabiv117__class_type_info11__do_upcastEPKS0_PPv
 .text._ZNK10__cxxabiv117__class_type_info20__do_find_public_srcEiPKvPKS0_S2_
                0x0000c550       0x14 /Users/azhdanov/work/android-ndk-r7/sources/cxx-stl/gnu-libstdc++/libs/armeabi-v7a/libsupc++.a(class_type_info.o)
                0x0000c550                _ZNK10__cxxabiv117__class_type_info20__do_find_public_srcEiPKvPKS0_S2_
 .text._ZNK10__cxxabiv117__class_type_info11__do_upcastEPKS0_PKvRNS0_15__upcast_resultE
                0x0000c564       0x34 /Users/azhdanov/work/android-ndk-r7/sources/cxx-stl/gnu-libstdc++/libs/armeabi-v7a/libsupc++.a(class_type_info.o)
                0x0000c564                _ZNK10__cxxabiv117__class_type_info11__do_upcastEPKS0_PKvRNS0_15__upcast_resultE
 .text._ZNK10__cxxabiv117__class_type_info12__do_dyncastEiNS0_10__sub_kindEPKS0_PKvS3_S5_RNS0_16__dyncast_resultE
                0x0000c598       0x6c /Users/azhdanov/work/android-ndk-r7/sources/cxx-stl/gnu-libstdc++/libs/armeabi-v7a/libsupc++.a(class_type_info.o)
                0x0000c598                _ZNK10__cxxabiv117__class_type_info12__do_dyncastEiNS0_10__sub_kindEPKS0_PKvS3_S5_RNS0_16__dyncast_resultE
 .text._ZNK10__cxxabiv117__class_type_info10__do_catchEPKSt9type_infoPPvj
                0x0000c604       0x48 /Users/azhdanov/work/android-ndk-r7/sources/cxx-stl/gnu-libstdc++/libs/armeabi-v7a/libsupc++.a(class_type_info.o)
                0x0000c604                _ZNK10__cxxabiv117__class_type_info10__do_catchEPKSt9type_infoPPvj
 .text._ZN10__cxxabiv117__class_type_infoD1Ev
                0x0000c64c       0x34 /Users/azhdanov/work/android-ndk-r7/sources/cxx-stl/gnu-libstdc++/libs/armeabi-v7a/libsupc++.a(class_type_info.o)
                0x0000c64c                _ZN10__cxxabiv117__class_type_infoD1Ev
 .text._ZN10__cxxabiv117__class_type_infoD0Ev
                0x0000c680       0x1c /Users/azhdanov/work/android-ndk-r7/sources/cxx-stl/gnu-libstdc++/libs/armeabi-v7a/libsupc++.a(class_type_info.o)
                0x0000c680                _ZN10__cxxabiv117__class_type_infoD0Ev
 .text._ZN10__cxxabiv117__class_type_infoD2Ev
                0x0000c69c       0x34 /Users/azhdanov/work/android-ndk-r7/sources/cxx-stl/gnu-libstdc++/libs/armeabi-v7a/libsupc++.a(class_type_info.o)
                0x0000c69c                _ZN10__cxxabiv117__class_type_infoD2Ev
 .text          0x0000c6d0        0x0 /Users/azhdanov/work/android-ndk-r7/sources/cxx-stl/gnu-libstdc++/libs/armeabi-v7a/libsupc++.a(eh_alloc.o)
 .text._ZNK9__gnu_cxx24__concurrence_lock_error4whatEv
                0x0000c6d0       0x10 /Users/azhdanov/work/android-ndk-r7/sources/cxx-stl/gnu-libstdc++/libs/armeabi-v7a/libsupc++.a(eh_alloc.o)
                0x0000c6d0                _ZNK9__gnu_cxx24__concurrence_lock_error4whatEv
 .text._ZNK9__gnu_cxx26__concurrence_unlock_error4whatEv
                0x0000c6e0       0x10 /Users/azhdanov/work/android-ndk-r7/sources/cxx-stl/gnu-libstdc++/libs/armeabi-v7a/libsupc++.a(eh_alloc.o)
                0x0000c6e0                _ZNK9__gnu_cxx26__concurrence_unlock_error4whatEv
 .text._GLOBAL__I_eh_alloc.cc
                0x0000c6f0       0x28 /Users/azhdanov/work/android-ndk-r7/sources/cxx-stl/gnu-libstdc++/libs/armeabi-v7a/libsupc++.a(eh_alloc.o)
 .text._ZN9__gnu_cxx24__concurrence_lock_errorD1Ev
                0x0000c718       0x34 /Users/azhdanov/work/android-ndk-r7/sources/cxx-stl/gnu-libstdc++/libs/armeabi-v7a/libsupc++.a(eh_alloc.o)
                0x0000c718                _ZN9__gnu_cxx24__concurrence_lock_errorD1Ev
 .text._ZN9__gnu_cxx26__concurrence_unlock_errorD1Ev
                0x0000c74c       0x34 /Users/azhdanov/work/android-ndk-r7/sources/cxx-stl/gnu-libstdc++/libs/armeabi-v7a/libsupc++.a(eh_alloc.o)
                0x0000c74c                _ZN9__gnu_cxx26__concurrence_unlock_errorD1Ev
 .text._ZN9__gnu_cxx13__scoped_lockD1Ev
                0x0000c780       0x74 /Users/azhdanov/work/android-ndk-r7/sources/cxx-stl/gnu-libstdc++/libs/armeabi-v7a/libsupc++.a(eh_alloc.o)
                0x0000c780                _ZN9__gnu_cxx13__scoped_lockD1Ev
 .text._ZN9__gnu_cxx26__concurrence_unlock_errorD0Ev
                0x0000c7f4       0x3c /Users/azhdanov/work/android-ndk-r7/sources/cxx-stl/gnu-libstdc++/libs/armeabi-v7a/libsupc++.a(eh_alloc.o)
                0x0000c7f4                _ZN9__gnu_cxx26__concurrence_unlock_errorD0Ev
 .text._ZN9__gnu_cxx24__concurrence_lock_errorD0Ev
                0x0000c830       0x3c /Users/azhdanov/work/android-ndk-r7/sources/cxx-stl/gnu-libstdc++/libs/armeabi-v7a/libsupc++.a(eh_alloc.o)
                0x0000c830                _ZN9__gnu_cxx24__concurrence_lock_errorD0Ev
 .text.__cxa_free_dependent_exception
                0x0000c86c      0x130 /Users/azhdanov/work/android-ndk-r7/sources/cxx-stl/gnu-libstdc++/libs/armeabi-v7a/libsupc++.a(eh_alloc.o)
                0x0000c86c                __cxa_free_dependent_exception
 .text.__cxa_free_exception
                0x0000c99c      0x128 /Users/azhdanov/work/android-ndk-r7/sources/cxx-stl/gnu-libstdc++/libs/armeabi-v7a/libsupc++.a(eh_alloc.o)
                0x0000c99c                __cxa_free_exception
 .text.__cxa_allocate_dependent_exception
                0x0000cac4      0x198 /Users/azhdanov/work/android-ndk-r7/sources/cxx-stl/gnu-libstdc++/libs/armeabi-v7a/libsupc++.a(eh_alloc.o)
                0x0000cac4                __cxa_allocate_dependent_exception
 .text.__cxa_allocate_exception
                0x0000cc5c      0x198 /Users/azhdanov/work/android-ndk-r7/sources/cxx-stl/gnu-libstdc++/libs/armeabi-v7a/libsupc++.a(eh_alloc.o)
                0x0000cc5c                __cxa_allocate_exception
 .text          0x0000cdf4        0x0 /Users/azhdanov/work/android-ndk-r7/sources/cxx-stl/gnu-libstdc++/libs/armeabi-v7a/libsupc++.a(eh_call.o)
 .text.__cxa_call_terminate
                0x0000cdf4       0x7c /Users/azhdanov/work/android-ndk-r7/sources/cxx-stl/gnu-libstdc++/libs/armeabi-v7a/libsupc++.a(eh_call.o)
                0x0000cdf4                __cxa_call_terminate
 .text.__cxa_call_unexpected
                0x0000ce70      0x1d0 /Users/azhdanov/work/android-ndk-r7/sources/cxx-stl/gnu-libstdc++/libs/armeabi-v7a/libsupc++.a(eh_call.o)
                0x0000ce70                __cxa_call_unexpected
 .text          0x0000d040        0x0 /Users/azhdanov/work/android-ndk-r7/sources/cxx-stl/gnu-libstdc++/libs/armeabi-v7a/libsupc++.a(eh_catch.o)
 .text.__cxa_get_exception_ptr
                0x0000d040        0x8 /Users/azhdanov/work/android-ndk-r7/sources/cxx-stl/gnu-libstdc++/libs/armeabi-v7a/libsupc++.a(eh_catch.o)
                0x0000d040                __cxa_get_exception_ptr
 .text._ZSt18uncaught_exceptionv
                0x0000d048       0x18 /Users/azhdanov/work/android-ndk-r7/sources/cxx-stl/gnu-libstdc++/libs/armeabi-v7a/libsupc++.a(eh_catch.o)
                0x0000d048                _ZSt18uncaught_exceptionv
 .text.__cxa_end_catch
                0x0000d060       0xdc /Users/azhdanov/work/android-ndk-r7/sources/cxx-stl/gnu-libstdc++/libs/armeabi-v7a/libsupc++.a(eh_catch.o)
                0x0000d060                __cxa_end_catch
 .text.__cxa_begin_catch
                0x0000d13c       0xdc /Users/azhdanov/work/android-ndk-r7/sources/cxx-stl/gnu-libstdc++/libs/armeabi-v7a/libsupc++.a(eh_catch.o)
                0x0000d13c                __cxa_begin_catch
 .text          0x0000d218        0x0 /Users/azhdanov/work/android-ndk-r7/sources/cxx-stl/gnu-libstdc++/libs/armeabi-v7a/libsupc++.a(eh_term_handler.o)
 .text          0x0000d218        0x0 /Users/azhdanov/work/android-ndk-r7/sources/cxx-stl/gnu-libstdc++/libs/armeabi-v7a/libsupc++.a(pbase_type_info.o)
 .text._ZNK10__cxxabiv117__pbase_type_info15__pointer_catchEPKS0_PPvj
                0x0000d218       0x24 /Users/azhdanov/work/android-ndk-r7/sources/cxx-stl/gnu-libstdc++/libs/armeabi-v7a/libsupc++.a(pbase_type_info.o)
                0x0000d218                _ZNK10__cxxabiv117__pbase_type_info15__pointer_catchEPKS0_PPvj
 .text._ZNK10__cxxabiv117__pbase_type_info10__do_catchEPKSt9type_infoPPvj
                0x0000d23c       0x94 /Users/azhdanov/work/android-ndk-r7/sources/cxx-stl/gnu-libstdc++/libs/armeabi-v7a/libsupc++.a(pbase_type_info.o)
                0x0000d23c                _ZNK10__cxxabiv117__pbase_type_info10__do_catchEPKSt9type_infoPPvj
 .text._ZN10__cxxabiv117__pbase_type_infoD1Ev
                0x0000d2d0       0x34 /Users/azhdanov/work/android-ndk-r7/sources/cxx-stl/gnu-libstdc++/libs/armeabi-v7a/libsupc++.a(pbase_type_info.o)
                0x0000d2d0                _ZN10__cxxabiv117__pbase_type_infoD1Ev
 .text._ZN10__cxxabiv117__pbase_type_infoD0Ev
                0x0000d304       0x1c /Users/azhdanov/work/android-ndk-r7/sources/cxx-stl/gnu-libstdc++/libs/armeabi-v7a/libsupc++.a(pbase_type_info.o)
                0x0000d304                _ZN10__cxxabiv117__pbase_type_infoD0Ev
 .text._ZN10__cxxabiv117__pbase_type_infoD2Ev
                0x0000d320       0x34 /Users/azhdanov/work/android-ndk-r7/sources/cxx-stl/gnu-libstdc++/libs/armeabi-v7a/libsupc++.a(pbase_type_info.o)
                0x0000d320                _ZN10__cxxabiv117__pbase_type_infoD2Ev
 .text          0x0000d354        0x0 /Users/azhdanov/work/android-ndk-r7/sources/cxx-stl/gnu-libstdc++/libs/armeabi-v7a/libsupc++.a(vterminate.o)
 .text._ZN9__gnu_cxx27__verbose_terminate_handlerEv
                0x0000d354      0x1b8 /Users/azhdanov/work/android-ndk-r7/sources/cxx-stl/gnu-libstdc++/libs/armeabi-v7a/libsupc++.a(vterminate.o)
                0x0000d354                _ZN9__gnu_cxx27__verbose_terminate_handlerEv
 .text          0x0000d50c     0x4974 /Users/azhdanov/work/android-ndk-r7/sources/cxx-stl/gnu-libstdc++/libs/armeabi-v7a/libsupc++.a(cp-demangle.o)
                0x00011224                __gcclibcxx_demangle_callback
                0x00011258                __cxa_demangle
 .text          0x00011e80        0x0 /Users/azhdanov/work/android-ndk-r7/sources/cxx-stl/gnu-libstdc++/libs/armeabi-v7a/libsupc++.a(eh_type.o)
 .text.__cxa_current_exception_type
                0x00011e80       0x2c /Users/azhdanov/work/android-ndk-r7/sources/cxx-stl/gnu-libstdc++/libs/armeabi-v7a/libsupc++.a(eh_type.o)
                0x00011e80                __cxa_current_exception_type
 .text          0x00011eac        0x0 /Users/azhdanov/work/android-ndk-r7/platforms/android-14/arch-arm/usr/lib/crtend_so.o
 *(.gnu.warning)
 *(.glue_7t)
 .glue_7t       0x00000000        0x0 linker stubs
 *(.glue_7)
 .glue_7        0x00000000        0x0 linker stubs
 *(.vfp11_veneer)
 .vfp11_veneer  0x00000000        0x0 linker stubs
 *(.v4_bx)
 .v4_bx         0x00000000        0x0 linker stubs

.fini
 *(.fini)
                0x00011eac                PROVIDE (__etext, .)
                0x00011eac                PROVIDE (_etext, .)
                0x00011eac                PROVIDE (etext, .)

.rodata         0x00011eac     0x105c
 *(.rodata .rodata.* .gnu.linkonce.r.*)
 .rodata        0x00011eac      0x4e8 ./obj/local/armeabi-v7a/objs-debug/com_graphics_NativeGraphics/graphics_core.o
 .rodata        0x00012394      0x11c ./obj/local/armeabi-v7a/libcpufeatures.a(cpu-features.o)
 .rodata._ZTSN10__cxxabiv115__forced_unwindE
                0x000124b0       0x20 /Users/azhdanov/work/android-ndk-r7/sources/cxx-stl/gnu-libstdc++/libs/armeabi-v7a/libsupc++.a(eh_exception.o)
                0x000124b0                _ZTSN10__cxxabiv115__forced_unwindE
 .rodata._ZTSN10__cxxabiv119__foreign_exceptionE
                0x000124d0       0x24 /Users/azhdanov/work/android-ndk-r7/sources/cxx-stl/gnu-libstdc++/libs/armeabi-v7a/libsupc++.a(eh_exception.o)
                0x000124d0                _ZTSN10__cxxabiv119__foreign_exceptionE
 .rodata.str1.4
                0x000124f4       0x23 /Users/azhdanov/work/android-ndk-r7/sources/cxx-stl/gnu-libstdc++/libs/armeabi-v7a/libsupc++.a(eh_exception.o)
                                 0x24 (size before relaxing)
 *fill*         0x00012517        0x1 00
 .rodata._ZTSSt9exception
                0x00012518       0x10 /Users/azhdanov/work/android-ndk-r7/sources/cxx-stl/gnu-libstdc++/libs/armeabi-v7a/libsupc++.a(eh_exception.o)
                0x00012518                _ZTSSt9exception
 .rodata._ZTSSt13bad_exception
                0x00012528       0x14 /Users/azhdanov/work/android-ndk-r7/sources/cxx-stl/gnu-libstdc++/libs/armeabi-v7a/libsupc++.a(eh_exception.o)
                0x00012528                _ZTSSt13bad_exception
 .rodata._ZTSPKe
                0x0001253c        0x4 /Users/azhdanov/work/android-ndk-r7/sources/cxx-stl/gnu-libstdc++/libs/armeabi-v7a/libsupc++.a(fundamental_type_info.o)
                0x0001253c                _ZTSPKe
 .rodata._ZTSPe
                0x00012540        0x4 /Users/azhdanov/work/android-ndk-r7/sources/cxx-stl/gnu-libstdc++/libs/armeabi-v7a/libsupc++.a(fundamental_type_info.o)
                0x00012540                _ZTSPe
 .rodata._ZTSe  0x00012544        0x4 /Users/azhdanov/work/android-ndk-r7/sources/cxx-stl/gnu-libstdc++/libs/armeabi-v7a/libsupc++.a(fundamental_type_info.o)
                0x00012544                _ZTSe
 .rodata._ZTSPKd
                0x00012548        0x4 /Users/azhdanov/work/android-ndk-r7/sources/cxx-stl/gnu-libstdc++/libs/armeabi-v7a/libsupc++.a(fundamental_type_info.o)
                0x00012548                _ZTSPKd
 .rodata._ZTSPd
                0x0001254c        0x4 /Users/azhdanov/work/android-ndk-r7/sources/cxx-stl/gnu-libstdc++/libs/armeabi-v7a/libsupc++.a(fundamental_type_info.o)
                0x0001254c                _ZTSPd
 .rodata._ZTSd  0x00012550        0x4 /Users/azhdanov/work/android-ndk-r7/sources/cxx-stl/gnu-libstdc++/libs/armeabi-v7a/libsupc++.a(fundamental_type_info.o)
                0x00012550                _ZTSd
 .rodata._ZTSPKf
                0x00012554        0x4 /Users/azhdanov/work/android-ndk-r7/sources/cxx-stl/gnu-libstdc++/libs/armeabi-v7a/libsupc++.a(fundamental_type_info.o)
                0x00012554                _ZTSPKf
 .rodata._ZTSPf
                0x00012558        0x4 /Users/azhdanov/work/android-ndk-r7/sources/cxx-stl/gnu-libstdc++/libs/armeabi-v7a/libsupc++.a(fundamental_type_info.o)
                0x00012558                _ZTSPf
 .rodata._ZTSf  0x0001255c        0x4 /Users/azhdanov/work/android-ndk-r7/sources/cxx-stl/gnu-libstdc++/libs/armeabi-v7a/libsupc++.a(fundamental_type_info.o)
                0x0001255c                _ZTSf
 .rodata._ZTSPKy
                0x00012560        0x4 /Users/azhdanov/work/android-ndk-r7/sources/cxx-stl/gnu-libstdc++/libs/armeabi-v7a/libsupc++.a(fundamental_type_info.o)
                0x00012560                _ZTSPKy
 .rodata._ZTSPy
                0x00012564        0x4 /Users/azhdanov/work/android-ndk-r7/sources/cxx-stl/gnu-libstdc++/libs/armeabi-v7a/libsupc++.a(fundamental_type_info.o)
                0x00012564                _ZTSPy
 .rodata._ZTSy  0x00012568        0x4 /Users/azhdanov/work/android-ndk-r7/sources/cxx-stl/gnu-libstdc++/libs/armeabi-v7a/libsupc++.a(fundamental_type_info.o)
                0x00012568                _ZTSy
 .rodata._ZTSPKx
                0x0001256c        0x4 /Users/azhdanov/work/android-ndk-r7/sources/cxx-stl/gnu-libstdc++/libs/armeabi-v7a/libsupc++.a(fundamental_type_info.o)
                0x0001256c                _ZTSPKx
 .rodata._ZTSPx
                0x00012570        0x4 /Users/azhdanov/work/android-ndk-r7/sources/cxx-stl/gnu-libstdc++/libs/armeabi-v7a/libsupc++.a(fundamental_type_info.o)
                0x00012570                _ZTSPx
 .rodata._ZTSx  0x00012574        0x4 /Users/azhdanov/work/android-ndk-r7/sources/cxx-stl/gnu-libstdc++/libs/armeabi-v7a/libsupc++.a(fundamental_type_info.o)
                0x00012574                _ZTSx
 .rodata._ZTSPKm
                0x00012578        0x4 /Users/azhdanov/work/android-ndk-r7/sources/cxx-stl/gnu-libstdc++/libs/armeabi-v7a/libsupc++.a(fundamental_type_info.o)
                0x00012578                _ZTSPKm
 .rodata._ZTSPm
                0x0001257c        0x4 /Users/azhdanov/work/android-ndk-r7/sources/cxx-stl/gnu-libstdc++/libs/armeabi-v7a/libsupc++.a(fundamental_type_info.o)
                0x0001257c                _ZTSPm
 .rodata._ZTSm  0x00012580        0x4 /Users/azhdanov/work/android-ndk-r7/sources/cxx-stl/gnu-libstdc++/libs/armeabi-v7a/libsupc++.a(fundamental_type_info.o)
                0x00012580                _ZTSm
 .rodata._ZTSPKl
                0x00012584        0x4 /Users/azhdanov/work/android-ndk-r7/sources/cxx-stl/gnu-libstdc++/libs/armeabi-v7a/libsupc++.a(fundamental_type_info.o)
                0x00012584                _ZTSPKl
 .rodata._ZTSPl
                0x00012588        0x4 /Users/azhdanov/work/android-ndk-r7/sources/cxx-stl/gnu-libstdc++/libs/armeabi-v7a/libsupc++.a(fundamental_type_info.o)
                0x00012588                _ZTSPl
 .rodata._ZTSl  0x0001258c        0x4 /Users/azhdanov/work/android-ndk-r7/sources/cxx-stl/gnu-libstdc++/libs/armeabi-v7a/libsupc++.a(fundamental_type_info.o)
                0x0001258c                _ZTSl
 .rodata._ZTSPKj
                0x00012590        0x4 /Users/azhdanov/work/android-ndk-r7/sources/cxx-stl/gnu-libstdc++/libs/armeabi-v7a/libsupc++.a(fundamental_type_info.o)
                0x00012590                _ZTSPKj
 .rodata._ZTSPj
                0x00012594        0x4 /Users/azhdanov/work/android-ndk-r7/sources/cxx-stl/gnu-libstdc++/libs/armeabi-v7a/libsupc++.a(fundamental_type_info.o)
                0x00012594                _ZTSPj
 .rodata._ZTSj  0x00012598        0x4 /Users/azhdanov/work/android-ndk-r7/sources/cxx-stl/gnu-libstdc++/libs/armeabi-v7a/libsupc++.a(fundamental_type_info.o)
                0x00012598                _ZTSj
 .rodata._ZTSPKi
                0x0001259c        0x4 /Users/azhdanov/work/android-ndk-r7/sources/cxx-stl/gnu-libstdc++/libs/armeabi-v7a/libsupc++.a(fundamental_type_info.o)
                0x0001259c                _ZTSPKi
 .rodata._ZTSPi
                0x000125a0        0x4 /Users/azhdanov/work/android-ndk-r7/sources/cxx-stl/gnu-libstdc++/libs/armeabi-v7a/libsupc++.a(fundamental_type_info.o)
                0x000125a0                _ZTSPi
 .rodata._ZTSi  0x000125a4        0x4 /Users/azhdanov/work/android-ndk-r7/sources/cxx-stl/gnu-libstdc++/libs/armeabi-v7a/libsupc++.a(fundamental_type_info.o)
                0x000125a4                _ZTSi
 .rodata._ZTSPKt
                0x000125a8        0x4 /Users/azhdanov/work/android-ndk-r7/sources/cxx-stl/gnu-libstdc++/libs/armeabi-v7a/libsupc++.a(fundamental_type_info.o)
                0x000125a8                _ZTSPKt
 .rodata._ZTSPt
                0x000125ac        0x4 /Users/azhdanov/work/android-ndk-r7/sources/cxx-stl/gnu-libstdc++/libs/armeabi-v7a/libsupc++.a(fundamental_type_info.o)
                0x000125ac                _ZTSPt
 .rodata._ZTSt  0x000125b0        0x4 /Users/azhdanov/work/android-ndk-r7/sources/cxx-stl/gnu-libstdc++/libs/armeabi-v7a/libsupc++.a(fundamental_type_info.o)
                0x000125b0                _ZTSt
 .rodata._ZTSPKs
                0x000125b4        0x4 /Users/azhdanov/work/android-ndk-r7/sources/cxx-stl/gnu-libstdc++/libs/armeabi-v7a/libsupc++.a(fundamental_type_info.o)
                0x000125b4                _ZTSPKs
 .rodata._ZTSPs
                0x000125b8        0x4 /Users/azhdanov/work/android-ndk-r7/sources/cxx-stl/gnu-libstdc++/libs/armeabi-v7a/libsupc++.a(fundamental_type_info.o)
                0x000125b8                _ZTSPs
 .rodata._ZTSs  0x000125bc        0x4 /Users/azhdanov/work/android-ndk-r7/sources/cxx-stl/gnu-libstdc++/libs/armeabi-v7a/libsupc++.a(fundamental_type_info.o)
                0x000125bc                _ZTSs
 .rodata._ZTSPKh
                0x000125c0        0x4 /Users/azhdanov/work/android-ndk-r7/sources/cxx-stl/gnu-libstdc++/libs/armeabi-v7a/libsupc++.a(fundamental_type_info.o)
                0x000125c0                _ZTSPKh
 .rodata._ZTSPh
                0x000125c4        0x4 /Users/azhdanov/work/android-ndk-r7/sources/cxx-stl/gnu-libstdc++/libs/armeabi-v7a/libsupc++.a(fundamental_type_info.o)
                0x000125c4                _ZTSPh
 .rodata._ZTSh  0x000125c8        0x4 /Users/azhdanov/work/android-ndk-r7/sources/cxx-stl/gnu-libstdc++/libs/armeabi-v7a/libsupc++.a(fundamental_type_info.o)
                0x000125c8                _ZTSh
 .rodata._ZTSPKa
                0x000125cc        0x4 /Users/azhdanov/work/android-ndk-r7/sources/cxx-stl/gnu-libstdc++/libs/armeabi-v7a/libsupc++.a(fundamental_type_info.o)
                0x000125cc                _ZTSPKa
 .rodata._ZTSPa
                0x000125d0        0x4 /Users/azhdanov/work/android-ndk-r7/sources/cxx-stl/gnu-libstdc++/libs/armeabi-v7a/libsupc++.a(fundamental_type_info.o)
                0x000125d0                _ZTSPa
 .rodata._ZTSa  0x000125d4        0x4 /Users/azhdanov/work/android-ndk-r7/sources/cxx-stl/gnu-libstdc++/libs/armeabi-v7a/libsupc++.a(fundamental_type_info.o)
                0x000125d4                _ZTSa
 .rodata._ZTSPKc
                0x000125d8        0x4 /Users/azhdanov/work/android-ndk-r7/sources/cxx-stl/gnu-libstdc++/libs/armeabi-v7a/libsupc++.a(fundamental_type_info.o)
                0x000125d8                _ZTSPKc
 .rodata._ZTSPc
                0x000125dc        0x4 /Users/azhdanov/work/android-ndk-r7/sources/cxx-stl/gnu-libstdc++/libs/armeabi-v7a/libsupc++.a(fundamental_type_info.o)
                0x000125dc                _ZTSPc
 .rodata._ZTSc  0x000125e0        0x4 /Users/azhdanov/work/android-ndk-r7/sources/cxx-stl/gnu-libstdc++/libs/armeabi-v7a/libsupc++.a(fundamental_type_info.o)
                0x000125e0                _ZTSc
 .rodata._ZTSPKDi
                0x000125e4        0x8 /Users/azhdanov/work/android-ndk-r7/sources/cxx-stl/gnu-libstdc++/libs/armeabi-v7a/libsupc++.a(fundamental_type_info.o)
                0x000125e4                _ZTSPKDi
 .rodata._ZTSPDi
                0x000125ec        0x4 /Users/azhdanov/work/android-ndk-r7/sources/cxx-stl/gnu-libstdc++/libs/armeabi-v7a/libsupc++.a(fundamental_type_info.o)
                0x000125ec                _ZTSPDi
 .rodata._ZTSDi
                0x000125f0        0x4 /Users/azhdanov/work/android-ndk-r7/sources/cxx-stl/gnu-libstdc++/libs/armeabi-v7a/libsupc++.a(fundamental_type_info.o)
                0x000125f0                _ZTSDi
 .rodata._ZTSPKDs
                0x000125f4        0x8 /Users/azhdanov/work/android-ndk-r7/sources/cxx-stl/gnu-libstdc++/libs/armeabi-v7a/libsupc++.a(fundamental_type_info.o)
                0x000125f4                _ZTSPKDs
 .rodata._ZTSPDs
                0x000125fc        0x4 /Users/azhdanov/work/android-ndk-r7/sources/cxx-stl/gnu-libstdc++/libs/armeabi-v7a/libsupc++.a(fundamental_type_info.o)
                0x000125fc                _ZTSPDs
 .rodata._ZTSDs
                0x00012600        0x4 /Users/azhdanov/work/android-ndk-r7/sources/cxx-stl/gnu-libstdc++/libs/armeabi-v7a/libsupc++.a(fundamental_type_info.o)
                0x00012600                _ZTSDs
 .rodata._ZTSPKw
                0x00012604        0x4 /Users/azhdanov/work/android-ndk-r7/sources/cxx-stl/gnu-libstdc++/libs/armeabi-v7a/libsupc++.a(fundamental_type_info.o)
                0x00012604                _ZTSPKw
 .rodata._ZTSPw
                0x00012608        0x4 /Users/azhdanov/work/android-ndk-r7/sources/cxx-stl/gnu-libstdc++/libs/armeabi-v7a/libsupc++.a(fundamental_type_info.o)
                0x00012608                _ZTSPw
 .rodata._ZTSw  0x0001260c        0x4 /Users/azhdanov/work/android-ndk-r7/sources/cxx-stl/gnu-libstdc++/libs/armeabi-v7a/libsupc++.a(fundamental_type_info.o)
                0x0001260c                _ZTSw
 .rodata._ZTSPKb
                0x00012610        0x4 /Users/azhdanov/work/android-ndk-r7/sources/cxx-stl/gnu-libstdc++/libs/armeabi-v7a/libsupc++.a(fundamental_type_info.o)
                0x00012610                _ZTSPKb
 .rodata._ZTSPb
                0x00012614        0x4 /Users/azhdanov/work/android-ndk-r7/sources/cxx-stl/gnu-libstdc++/libs/armeabi-v7a/libsupc++.a(fundamental_type_info.o)
                0x00012614                _ZTSPb
 .rodata._ZTSb  0x00012618        0x4 /Users/azhdanov/work/android-ndk-r7/sources/cxx-stl/gnu-libstdc++/libs/armeabi-v7a/libsupc++.a(fundamental_type_info.o)
                0x00012618                _ZTSb
 .rodata._ZTSPKv
                0x0001261c        0x4 /Users/azhdanov/work/android-ndk-r7/sources/cxx-stl/gnu-libstdc++/libs/armeabi-v7a/libsupc++.a(fundamental_type_info.o)
                0x0001261c                _ZTSPKv
 .rodata._ZTSPv
                0x00012620        0x4 /Users/azhdanov/work/android-ndk-r7/sources/cxx-stl/gnu-libstdc++/libs/armeabi-v7a/libsupc++.a(fundamental_type_info.o)
                0x00012620                _ZTSPv
 .rodata._ZTSv  0x00012624        0x4 /Users/azhdanov/work/android-ndk-r7/sources/cxx-stl/gnu-libstdc++/libs/armeabi-v7a/libsupc++.a(fundamental_type_info.o)
                0x00012624                _ZTSv
 .rodata._ZTSN10__cxxabiv123__fundamental_type_infoE
                0x00012628       0x28 /Users/azhdanov/work/android-ndk-r7/sources/cxx-stl/gnu-libstdc++/libs/armeabi-v7a/libsupc++.a(fundamental_type_info.o)
                0x00012628                _ZTSN10__cxxabiv123__fundamental_type_infoE
 .rodata._ZTSN10__cxxabiv119__pointer_type_infoE
                0x00012650       0x24 /Users/azhdanov/work/android-ndk-r7/sources/cxx-stl/gnu-libstdc++/libs/armeabi-v7a/libsupc++.a(pointer_type_info.o)
                0x00012650                _ZTSN10__cxxabiv119__pointer_type_infoE
 .rodata._ZTSN10__cxxabiv120__si_class_type_infoE
                0x00012674       0x28 /Users/azhdanov/work/android-ndk-r7/sources/cxx-stl/gnu-libstdc++/libs/armeabi-v7a/libsupc++.a(si_class_type_info.o)
                0x00012674                _ZTSN10__cxxabiv120__si_class_type_infoE
 .rodata._ZTSSt9type_info
                0x0001269c       0x10 /Users/azhdanov/work/android-ndk-r7/sources/cxx-stl/gnu-libstdc++/libs/armeabi-v7a/libsupc++.a(tinfo.o)
                0x0001269c                _ZTSSt9type_info
 .rodata._ZTSSt8bad_cast
                0x000126ac        0xc /Users/azhdanov/work/android-ndk-r7/sources/cxx-stl/gnu-libstdc++/libs/armeabi-v7a/libsupc++.a(bad_cast.o)
                0x000126ac                _ZTSSt8bad_cast
 .rodata.str1.4
                0x000126b8        0xe /Users/azhdanov/work/android-ndk-r7/sources/cxx-stl/gnu-libstdc++/libs/armeabi-v7a/libsupc++.a(bad_cast.o)
                                 0x10 (size before relaxing)
 *fill*         0x000126c6        0x2 00
 .rodata.str1.4
                0x000126c8       0x10 /Users/azhdanov/work/android-ndk-r7/sources/cxx-stl/gnu-libstdc++/libs/armeabi-v7a/libsupc++.a(bad_typeid.o)
 .rodata._ZTSSt10bad_typeid
                0x000126d8       0x10 /Users/azhdanov/work/android-ndk-r7/sources/cxx-stl/gnu-libstdc++/libs/armeabi-v7a/libsupc++.a(bad_typeid.o)
                0x000126d8                _ZTSSt10bad_typeid
 .rodata._ZTSN10__cxxabiv117__class_type_infoE
                0x000126e8       0x24 /Users/azhdanov/work/android-ndk-r7/sources/cxx-stl/gnu-libstdc++/libs/armeabi-v7a/libsupc++.a(class_type_info.o)
                0x000126e8                _ZTSN10__cxxabiv117__class_type_infoE
 .rodata._ZTSN9__gnu_cxx24__concurrence_lock_errorE
                0x0001270c       0x28 /Users/azhdanov/work/android-ndk-r7/sources/cxx-stl/gnu-libstdc++/libs/armeabi-v7a/libsupc++.a(eh_alloc.o)
                0x0001270c                _ZTSN9__gnu_cxx24__concurrence_lock_errorE
 .rodata._ZTSN9__gnu_cxx26__concurrence_unlock_errorE
                0x00012734       0x2c /Users/azhdanov/work/android-ndk-r7/sources/cxx-stl/gnu-libstdc++/libs/armeabi-v7a/libsupc++.a(eh_alloc.o)
                0x00012734                _ZTSN9__gnu_cxx26__concurrence_unlock_errorE
 .rodata.str1.4
                0x00012760       0x4a /Users/azhdanov/work/android-ndk-r7/sources/cxx-stl/gnu-libstdc++/libs/armeabi-v7a/libsupc++.a(eh_alloc.o)
                                 0x4c (size before relaxing)
 *fill*         0x000127aa        0x2 00
 .rodata._ZTSN10__cxxabiv117__pbase_type_infoE
                0x000127ac       0x24 /Users/azhdanov/work/android-ndk-r7/sources/cxx-stl/gnu-libstdc++/libs/armeabi-v7a/libsupc++.a(pbase_type_info.o)
                0x000127ac                _ZTSN10__cxxabiv117__pbase_type_infoE
 .rodata.str1.4
                0x000127d0       0x92 /Users/azhdanov/work/android-ndk-r7/sources/cxx-stl/gnu-libstdc++/libs/armeabi-v7a/libsupc++.a(vterminate.o)
                                 0x94 (size before relaxing)
 *fill*         0x00012862        0x2 00
 .rodata.str1.4
                0x00012864      0x6a4 /Users/azhdanov/work/android-ndk-r7/sources/cxx-stl/gnu-libstdc++/libs/armeabi-v7a/libsupc++.a(cp-demangle.o)
                                0x6d0 (size before relaxing)

.rodata1
 *(.rodata1)

.ARM.extab      0x00012f08      0x2fc
 *(.ARM.extab* .gnu.linkonce.armextab.*)
 .ARM.extab.text._ZL6now_msv
                0x00012f08        0x0 ./obj/local/armeabi-v7a/objs-debug/com_graphics_NativeGraphics/com_graphics_NativeGraphics.o
 .ARM.extab.text.Java_com_graphics_NativeGraphics_nativeConvolve
                0x00012f08        0x0 ./obj/local/armeabi-v7a/objs-debug/com_graphics_NativeGraphics/com_graphics_NativeGraphics.o
 .ARM.extab.text.Java_com_graphics_NativeGraphics_nativeTreshold
                0x00012f08        0x0 ./obj/local/armeabi-v7a/objs-debug/com_graphics_NativeGraphics/com_graphics_NativeGraphics.o
 .ARM.extab.text.Java_com_graphics_NativeGraphics_nativeAdaptiveTreshold
                0x00012f08        0x0 ./obj/local/armeabi-v7a/objs-debug/com_graphics_NativeGraphics/com_graphics_NativeGraphics.o
 .ARM.extab.text.Java_com_graphics_NativeGraphics_nativeConvert565to8888
                0x00012f08        0x0 ./obj/local/armeabi-v7a/objs-debug/com_graphics_NativeGraphics/com_graphics_NativeGraphics.o
 .ARM.extab.text.Java_com_graphics_NativeGraphics_nativeGetHSVBrightness
                0x00012f08        0x0 ./obj/local/armeabi-v7a/objs-debug/com_graphics_NativeGraphics/com_graphics_NativeGraphics.o
 .ARM.extab.text.Java_com_graphics_NativeGraphics_nativeGetHSVBrightnessHorizontally
                0x00012f08        0x0 ./obj/local/armeabi-v7a/objs-debug/com_graphics_NativeGraphics/com_graphics_NativeGraphics.o
 .ARM.extab.text.Java_com_graphics_NativeGraphics_nativeSobel
                0x00012f08        0x0 ./obj/local/armeabi-v7a/objs-debug/com_graphics_NativeGraphics/com_graphics_NativeGraphics.o
 .ARM.extab.text.Java_com_graphics_NativeGraphics_nativeFullEdgeDetector
                0x00012f08        0x0 ./obj/local/armeabi-v7a/objs-debug/com_graphics_NativeGraphics/com_graphics_NativeGraphics.o
 .ARM.extab.text._ZN7_JNIEnv19GetIntArrayElementsEP10_jintArrayPh
                0x00012f08        0x0 ./obj/local/armeabi-v7a/objs-debug/com_graphics_NativeGraphics/graphics_core.o
 .ARM.extab.text._ZN7_JNIEnv19SetFloatArrayRegionEP12_jfloatArrayiiPKf
                0x00012f08        0x0 ./obj/local/armeabi-v7a/objs-debug/com_graphics_NativeGraphics/graphics_core.o
 .ARM.extab.text.abs
                0x00012f08        0x0 ./obj/local/armeabi-v7a/objs-debug/com_graphics_NativeGraphics/graphics_core.o
 .ARM.extab.text._ZN14GraphicsCoreNS12GraphicsCoreC2Ev
                0x00012f08        0x0 ./obj/local/armeabi-v7a/objs-debug/com_graphics_NativeGraphics/graphics_core.o
 .ARM.extab.text._ZN14GraphicsCoreNS12GraphicsCoreC1Ev
                0x00012f08        0x0 ./obj/local/armeabi-v7a/objs-debug/com_graphics_NativeGraphics/graphics_core.o
 .ARM.extab.text._ZN14GraphicsCoreNS12GraphicsCore16fullEdgeDetectorEP7_JNIEnvP7_jclassP8_jobjectS6_
                0x00012f08       0x1c ./obj/local/armeabi-v7a/objs-debug/com_graphics_NativeGraphics/graphics_core.o
 .ARM.extab.text._ZN14GraphicsCoreNS12GraphicsCore25HSVBrightnessHorizontallyEP7_JNIEnvP7_jclassP8_jobjectP12_jfloatArray
                0x00012f24       0x1c ./obj/local/armeabi-v7a/objs-debug/com_graphics_NativeGraphics/graphics_core.o
 .ARM.extab.text._ZN14GraphicsCoreNS12GraphicsCore5sobelEP7_JNIEnvP7_jclassP8_jobjectS6_P10_jintArray
                0x00012f40        0x0 ./obj/local/armeabi-v7a/objs-debug/com_graphics_NativeGraphics/graphics_core.o
 .ARM.extab.text._ZN14GraphicsCoreNS12GraphicsCore15processSobelArrEPiiiPjS2_
                0x00012f40        0x0 ./obj/local/armeabi-v7a/objs-debug/com_graphics_NativeGraphics/graphics_core.o
 .ARM.extab.text._ZN14GraphicsCoreNS12GraphicsCore13HSVBrightnessEP7_JNIEnvP7_jclassP8_jobjectP12_jfloatArray
                0x00012f40       0x1c ./obj/local/armeabi-v7a/objs-debug/com_graphics_NativeGraphics/graphics_core.o
 .ARM.extab.text._ZN14GraphicsCoreNS12GraphicsCore16adaptiveTresholdEP7_JNIEnvP7_jclassP8_jobjectS6_
                0x00012f5c        0x0 ./obj/local/armeabi-v7a/objs-debug/com_graphics_NativeGraphics/graphics_core.o
 .ARM.extab.text._ZN14GraphicsCoreNS12GraphicsCore8tresholdEP7_JNIEnvP7_jclassP8_jobjectS6_h
                0x00012f5c        0x0 ./obj/local/armeabi-v7a/objs-debug/com_graphics_NativeGraphics/graphics_core.o
 .ARM.extab.text._ZN14GraphicsCoreNS12GraphicsCore16convert565to8888EP7_JNIEnvP8_jobjectS4_
                0x00012f5c        0x0 ./obj/local/armeabi-v7a/objs-debug/com_graphics_NativeGraphics/graphics_core.o
 .ARM.extab.text._ZN14GraphicsCoreNS12GraphicsCore8convolveEP7_JNIEnvP8_jobjectS4_P10_jintArrayhhhh
                0x00012f5c       0x1c ./obj/local/armeabi-v7a/objs-debug/com_graphics_NativeGraphics/graphics_core.o
 .ARM.extab.text._ZN14GraphicsCoreNS12GraphicsCore8RGBtoHSVEdddPdS1_S1_
                0x00012f78        0x0 ./obj/local/armeabi-v7a/objs-debug/com_graphics_NativeGraphics/graphics_core.o
 .ARM.extab.text._ZN14GraphicsCoreNS12GraphicsCore16sobelFilterTexasEPjiiS1_i
                0x00012f78        0x0 ./obj/local/armeabi-v7a/objs-debug/com_graphics_NativeGraphics/graphics_core.o
 .ARM.extab.text.read_file
                0x00012f78        0x0 ./obj/local/armeabi-v7a/libcpufeatures.a(cpu-features.o)
 .ARM.extab.text.extract_cpuinfo_field
                0x00012f78        0x0 ./obj/local/armeabi-v7a/libcpufeatures.a(cpu-features.o)
 .ARM.extab.text.count_cpuinfo_field
                0x00012f78        0x0 ./obj/local/armeabi-v7a/libcpufeatures.a(cpu-features.o)
 .ARM.extab.text.has_list_item
                0x00012f78        0x0 ./obj/local/armeabi-v7a/libcpufeatures.a(cpu-features.o)
 .ARM.extab.text.android_cpuInit
                0x00012f78        0xc ./obj/local/armeabi-v7a/libcpufeatures.a(cpu-features.o)
 .ARM.extab.text.android_getCpuFamily
                0x00012f84        0x0 ./obj/local/armeabi-v7a/libcpufeatures.a(cpu-features.o)
 .ARM.extab.text.android_getCpuFeatures
                0x00012f84        0x0 ./obj/local/armeabi-v7a/libcpufeatures.a(cpu-features.o)
 .ARM.extab.text.android_getCpuCount
                0x00012f84        0x0 ./obj/local/armeabi-v7a/libcpufeatures.a(cpu-features.o)
 .ARM.extab     0x00012f84       0x24 /Users/azhdanov/work/android-ndk-r7/toolchains/arm-linux-androideabi-4.4.3/prebuilt/darwin-x86/bin/../lib/gcc/arm-linux-androideabi/4.4.3/libgcc.a(unwind-arm.o)
 .ARM.extab     0x00012fa8        0x0 /Users/azhdanov/work/android-ndk-r7/toolchains/arm-linux-androideabi-4.4.3/prebuilt/darwin-x86/bin/../lib/gcc/arm-linux-androideabi/4.4.3/libgcc.a(pr-support.o)
 .ARM.extab.text.__cxa_type_match
                0x00012fa8        0x0 /Users/azhdanov/work/android-ndk-r7/sources/cxx-stl/gnu-libstdc++/libs/armeabi-v7a/libsupc++.a(eh_arm.o)
 .ARM.extab.text.__cxa_begin_cleanup
                0x00012fa8        0x0 /Users/azhdanov/work/android-ndk-r7/sources/cxx-stl/gnu-libstdc++/libs/armeabi-v7a/libsupc++.a(eh_arm.o)
 .ARM.extab.text.__gnu_end_cleanup
                0x00012fa8        0x0 /Users/azhdanov/work/android-ndk-r7/sources/cxx-stl/gnu-libstdc++/libs/armeabi-v7a/libsupc++.a(eh_arm.o)
 .ARM.extab.text.__cxa_bad_typeid
                0x00012fa8        0x0 /Users/azhdanov/work/android-ndk-r7/sources/cxx-stl/gnu-libstdc++/libs/armeabi-v7a/libsupc++.a(eh_aux_runtime.o)
 .ARM.extab.text.__cxa_bad_cast
                0x00012fa8        0x0 /Users/azhdanov/work/android-ndk-r7/sources/cxx-stl/gnu-libstdc++/libs/armeabi-v7a/libsupc++.a(eh_aux_runtime.o)
 .ARM.extab.text._ZNSt9exceptionD2Ev
                0x00012fa8        0x0 /Users/azhdanov/work/android-ndk-r7/sources/cxx-stl/gnu-libstdc++/libs/armeabi-v7a/libsupc++.a(eh_exception.o)
 .ARM.extab.text._ZNSt9exceptionD1Ev
                0x00012fa8        0x0 /Users/azhdanov/work/android-ndk-r7/sources/cxx-stl/gnu-libstdc++/libs/armeabi-v7a/libsupc++.a(eh_exception.o)
 .ARM.extab.text._ZNSt13bad_exceptionD2Ev
                0x00012fa8        0x0 /Users/azhdanov/work/android-ndk-r7/sources/cxx-stl/gnu-libstdc++/libs/armeabi-v7a/libsupc++.a(eh_exception.o)
 .ARM.extab.text._ZNSt13bad_exceptionD1Ev
                0x00012fa8        0x0 /Users/azhdanov/work/android-ndk-r7/sources/cxx-stl/gnu-libstdc++/libs/armeabi-v7a/libsupc++.a(eh_exception.o)
 .ARM.extab.text._ZN10__cxxabiv115__forced_unwindD2Ev
                0x00012fa8        0x0 /Users/azhdanov/work/android-ndk-r7/sources/cxx-stl/gnu-libstdc++/libs/armeabi-v7a/libsupc++.a(eh_exception.o)
 .ARM.extab.text._ZN10__cxxabiv115__forced_unwindD1Ev
                0x00012fa8        0x0 /Users/azhdanov/work/android-ndk-r7/sources/cxx-stl/gnu-libstdc++/libs/armeabi-v7a/libsupc++.a(eh_exception.o)
 .ARM.extab.text._ZN10__cxxabiv119__foreign_exceptionD2Ev
                0x00012fa8        0x0 /Users/azhdanov/work/android-ndk-r7/sources/cxx-stl/gnu-libstdc++/libs/armeabi-v7a/libsupc++.a(eh_exception.o)
 .ARM.extab.text._ZN10__cxxabiv119__foreign_exceptionD1Ev
                0x00012fa8        0x0 /Users/azhdanov/work/android-ndk-r7/sources/cxx-stl/gnu-libstdc++/libs/armeabi-v7a/libsupc++.a(eh_exception.o)
 .ARM.extab.text._ZNKSt9exception4whatEv
                0x00012fa8        0x0 /Users/azhdanov/work/android-ndk-r7/sources/cxx-stl/gnu-libstdc++/libs/armeabi-v7a/libsupc++.a(eh_exception.o)
 .ARM.extab.text._ZNKSt13bad_exception4whatEv
                0x00012fa8        0x0 /Users/azhdanov/work/android-ndk-r7/sources/cxx-stl/gnu-libstdc++/libs/armeabi-v7a/libsupc++.a(eh_exception.o)
 .ARM.extab.text._ZN10__cxxabiv119__foreign_exceptionD0Ev
                0x00012fa8        0x0 /Users/azhdanov/work/android-ndk-r7/sources/cxx-stl/gnu-libstdc++/libs/armeabi-v7a/libsupc++.a(eh_exception.o)
 .ARM.extab.text._ZN10__cxxabiv115__forced_unwindD0Ev
                0x00012fa8        0x0 /Users/azhdanov/work/android-ndk-r7/sources/cxx-stl/gnu-libstdc++/libs/armeabi-v7a/libsupc++.a(eh_exception.o)
 .ARM.extab.text._ZNSt9exceptionD0Ev
                0x00012fa8        0x0 /Users/azhdanov/work/android-ndk-r7/sources/cxx-stl/gnu-libstdc++/libs/armeabi-v7a/libsupc++.a(eh_exception.o)
 .ARM.extab.text._ZNSt13bad_exceptionD0Ev
                0x00012fa8        0x0 /Users/azhdanov/work/android-ndk-r7/sources/cxx-stl/gnu-libstdc++/libs/armeabi-v7a/libsupc++.a(eh_exception.o)
 .ARM.extab.text._GLOBAL__I_eh_globals.cc
                0x00012fa8        0x0 /Users/azhdanov/work/android-ndk-r7/sources/cxx-stl/gnu-libstdc++/libs/armeabi-v7a/libsupc++.a(eh_globals.o)
 .ARM.extab.text._ZL15eh_globals_dtorPv
                0x00012fa8        0x0 /Users/azhdanov/work/android-ndk-r7/sources/cxx-stl/gnu-libstdc++/libs/armeabi-v7a/libsupc++.a(eh_globals.o)
 .ARM.extab.text._ZN17__eh_globals_initD1Ev
                0x00012fa8        0x0 /Users/azhdanov/work/android-ndk-r7/sources/cxx-stl/gnu-libstdc++/libs/armeabi-v7a/libsupc++.a(eh_globals.o)
 .ARM.extab.text.__cxa_get_globals_fast
                0x00012fa8       0x1c /Users/azhdanov/work/android-ndk-r7/sources/cxx-stl/gnu-libstdc++/libs/armeabi-v7a/libsupc++.a(eh_globals.o)
 .ARM.extab.text.__cxa_get_globals
                0x00012fc4       0x1c /Users/azhdanov/work/android-ndk-r7/sources/cxx-stl/gnu-libstdc++/libs/armeabi-v7a/libsupc++.a(eh_globals.o)
 .ARM.extab.text._ZL12read_sleb128PKhPl
                0x00012fe0        0x0 /Users/azhdanov/work/android-ndk-r7/sources/cxx-stl/gnu-libstdc++/libs/armeabi-v7a/libsupc++.a(eh_personality.o)
 .ARM.extab.text._ZL21base_of_encoded_valuehP15_Unwind_Context
                0x00012fe0        0x0 /Users/azhdanov/work/android-ndk-r7/sources/cxx-stl/gnu-libstdc++/libs/armeabi-v7a/libsupc++.a(eh_personality.o)
 .ARM.extab.text._ZL17parse_lsda_headerP15_Unwind_ContextPKhP16lsda_header_info
                0x00012fe0        0x0 /Users/azhdanov/work/android-ndk-r7/sources/cxx-stl/gnu-libstdc++/libs/armeabi-v7a/libsupc++.a(eh_personality.o)
 .ARM.extab.text.__gxx_personality_v0
                0x00012fe0       0x30 /Users/azhdanov/work/android-ndk-r7/sources/cxx-stl/gnu-libstdc++/libs/armeabi-v7a/libsupc++.a(eh_personality.o)
 .ARM.extab.text._ZSt13set_terminatePFvvE
                0x00013010        0x0 /Users/azhdanov/work/android-ndk-r7/sources/cxx-stl/gnu-libstdc++/libs/armeabi-v7a/libsupc++.a(eh_terminate.o)
 .ARM.extab.text._ZSt14set_unexpectedPFvvE
                0x00013010        0x0 /Users/azhdanov/work/android-ndk-r7/sources/cxx-stl/gnu-libstdc++/libs/armeabi-v7a/libsupc++.a(eh_terminate.o)
 .ARM.extab.text._ZN10__cxxabiv111__terminateEPFvvE
                0x00013010       0x24 /Users/azhdanov/work/android-ndk-r7/sources/cxx-stl/gnu-libstdc++/libs/armeabi-v7a/libsupc++.a(eh_terminate.o)
 .ARM.extab.text._ZSt9terminatev
                0x00013034        0xc /Users/azhdanov/work/android-ndk-r7/sources/cxx-stl/gnu-libstdc++/libs/armeabi-v7a/libsupc++.a(eh_terminate.o)
 .ARM.extab.text._ZN10__cxxabiv112__unexpectedEPFvvE
                0x00013040        0xc /Users/azhdanov/work/android-ndk-r7/sources/cxx-stl/gnu-libstdc++/libs/armeabi-v7a/libsupc++.a(eh_terminate.o)
 .ARM.extab.text._ZSt10unexpectedv
                0x0001304c        0xc /Users/azhdanov/work/android-ndk-r7/sources/cxx-stl/gnu-libstdc++/libs/armeabi-v7a/libsupc++.a(eh_terminate.o)
 .ARM.extab.text.__cxa_rethrow
                0x00013058        0xc /Users/azhdanov/work/android-ndk-r7/sources/cxx-stl/gnu-libstdc++/libs/armeabi-v7a/libsupc++.a(eh_throw.o)
 .ARM.extab.text.__cxa_throw
                0x00013064        0xc /Users/azhdanov/work/android-ndk-r7/sources/cxx-stl/gnu-libstdc++/libs/armeabi-v7a/libsupc++.a(eh_throw.o)
 .ARM.extab.text._ZL23__gxx_exception_cleanup19_Unwind_Reason_CodeP21_Unwind_Control_Block
                0x00013070        0xc /Users/azhdanov/work/android-ndk-r7/sources/cxx-stl/gnu-libstdc++/libs/armeabi-v7a/libsupc++.a(eh_throw.o)
 .ARM.extab.text._ZN10__cxxabiv123__fundamental_type_infoD1Ev